Archive member included because of file (symbol)

contiki-OrisenPrime.a(rimeaddr.o)
                              dtn.co (rimeaddr_copy)
contiki-OrisenPrime.a(rime.o)
                              obj_OrisenPrime/contiki-prime-main.o (rime_driver)
contiki-OrisenPrime.a(rimestats.o)
                              contiki-OrisenPrime.a(rime.o) (rimestats)
contiki-OrisenPrime.a(announcement.o)
                              contiki-OrisenPrime.a(rime.o) (announcement_init)
contiki-OrisenPrime.a(broadcast-annou)
                              contiki-OrisenPrime.a(rime.o) (broadcast_announcement_init)
contiki-OrisenPrime.a(broadcast.o)
                              dtn.co (broadcast_send)
contiki-OrisenPrime.a(runicast.o)
                              dtn.co (runicast_is_transmitting)
contiki-OrisenPrime.a(abc.o)  contiki-OrisenPrime.a(rime.o) (abc_input)
contiki-OrisenPrime.a(chameleon.o)
                              contiki-OrisenPrime.a(rime.o) (chameleon_parse)
contiki-OrisenPrime.a(channel.o)
                              contiki-OrisenPrime.a(abc.o) (channel_close)
contiki-OrisenPrime.a(chameleon-bitop)
                              contiki-OrisenPrime.a(chameleon.o) (chameleon_bitopt)
contiki-OrisenPrime.a(nullrdc.o)
                              obj_OrisenPrime/contiki-prime-main.o (nullrdc_driver)
contiki-OrisenPrime.a(mac.o)  contiki-OrisenPrime.a(nullrdc.o) (mac_call_sent_callback)
contiki-OrisenPrime.a(framer-802154.o)
                              contiki-OrisenPrime.a(nullrdc.o) (framer_802154)
contiki-OrisenPrime.a(csma.o)
                              obj_OrisenPrime/contiki-prime-main.o (csma_driver)
contiki-OrisenPrime.a(process.o)
                              obj_OrisenPrime/contiki-prime-main.o (process_init)
contiki-OrisenPrime.a(autostart.o)
                              obj_OrisenPrime/contiki-prime-main.o (autostart_start)
contiki-OrisenPrime.a(serial-line.o)
                              obj_OrisenPrime/contiki-prime-main.o (serial_line_init)
contiki-OrisenPrime.a(memb.o)
                              dtn.co (memb_alloc)
contiki-OrisenPrime.a(list.o)
                              contiki-OrisenPrime.a(announcement.o) (list_init)
contiki-OrisenPrime.a(etimer.o)
                              dtn.co (etimer_expired)
contiki-OrisenPrime.a(ctimer.o)
                              contiki-OrisenPrime.a(broadcast-annou) (ctimer_stop)
contiki-OrisenPrime.a(random.o)
                              dtn.co (random_rand)
contiki-OrisenPrime.a(ringbuf.o)
                              contiki-OrisenPrime.a(serial-line.o) (ringbuf_init)
contiki-OrisenPrime.a(packetbuf.o)
                              contiki-OrisenPrime.a(chameleon-bitop) (packetbuf_hdrreduce)
contiki-OrisenPrime.a(queuebuf.o)
                              contiki-OrisenPrime.a(runicast.o) (queuebuf_to_packetbuf)
contiki-OrisenPrime.a(clock.o)
                              obj_OrisenPrime/contiki-prime-main.o (clock_init)
contiki-OrisenPrime.a(button-sensor.o)
                              dtn.co (button_sensor)
contiki-OrisenPrime.a(button2-sensor.)
                              dtn.co (button2_sensor)
contiki-OrisenPrime.a(sensors.o)
                              contiki-OrisenPrime.a(button-sensor.o) (sensors_changed)
contiki-OrisenPrime.a(contiki-crm.o)
                              obj_OrisenPrime/contiki-prime-main.o (cal_ring_osc)
contiki-OrisenPrime.a(contiki-maca.o)
                              contiki-OrisenPrime.a(nullrdc.o) (contiki_maca_driver)
contiki-OrisenPrime.a(contiki-misc.o)
                              contiki-OrisenPrime.a(random.o) (srand)
contiki-OrisenPrime.a(leds.o)
                              obj_OrisenPrime/contiki-prime-main.o (leds_init)
contiki-OrisenPrime.a(contiki-uart.o)
                              obj_OrisenPrime/contiki-prime-main.o (uart1_set_input)
contiki-OrisenPrime.a(dbg-printf.o)
                              dtn.co (printf)
contiki-OrisenPrime.a(strformat.o)
                              contiki-OrisenPrime.a(dbg-printf.o) (format_str_v)
contiki-OrisenPrime.a(gpio.o)
                              contiki-OrisenPrime.a(button-sensor.o) (gpio_data_get)
contiki-OrisenPrime.a(i2c.o)  obj_OrisenPrime/contiki-prime-main.o (i2c_enable)
contiki-OrisenPrime.a(maca.o)
                              contiki-OrisenPrime.a(contiki-maca.o) (free_packet)
contiki-OrisenPrime.a(nvm.o)  obj_OrisenPrime/contiki-prime-main.o (nvm_detect)
contiki-OrisenPrime.a(uart1.o)
                              obj_OrisenPrime/contiki-prime-main.o (uart1_getc)
contiki-OrisenPrime.a(default_lowleve)
                              obj_OrisenPrime/contiki-prime-main.o (default_vreg_init)
contiki-OrisenPrime.a(isr.o)  obj_OrisenPrime/start.o (irq)
contiki-OrisenPrime.a(stunicast.o)
                              contiki-OrisenPrime.a(runicast.o) (stunicast_receiver)
contiki-OrisenPrime.a(frame802154.o)
                              contiki-OrisenPrime.a(framer-802154.o) (frame802154_parse)
contiki-OrisenPrime.a(timer.o)
[...]
Memory Configuration

Name             Origin             Length             Attributes
ram              0x00400000         0x00018000         xrw
*default*        0x00000000         0xffffffff

Linker script and memory map

LOAD dtn.co
LOAD obj_OrisenPrime/contiki-prime-main.o
LOAD obj_OrisenPrime/start.o
LOAD contiki-OrisenPrime.a
LOAD contiki-OrisenPrime.a
START GROUP
LOAD /home/user/CodeSourcery/Sourcery_G++_Lite/bin/../lib/gcc/arm-none-eabi/4.3.2/libgcc.a
LOAD /home/user/CodeSourcery/Sourcery_G++_Lite/bin/../lib/gcc/arm-none-eabi/4.3.2/../../../../arm-none-eabi/lib/libc.a
END GROUP
                0x00000400                SYS_STACK_SIZE = 0x400
                0x00000100                IRQ_STACK_SIZE = 0x100
                0x00000100                FIQ_STACK_SIZE = 0x100
                0x00000100                SVC_STACK_SIZE = 0x100
                0x00000010                ABT_STACK_SIZE = 0x10
                0x00000010                UND_STACK_SIZE = 0x10
                0x00001000                HEAP_SIZE = 0x1000
                0x00400000                PROVIDE (__executable_start, 0x400000)
                0x00400000                . = 0x400000

.text           0x00400000     0x86ec
 *(.start)
 .start         0x00400000      0x8b4 obj_OrisenPrime/start.o
                0x00400890                _bss_start
                0x00400894                _bss_end
                0x00400000                _start
 *(.irq)
 .irq           0x004008b4      0x214 contiki-OrisenPrime.a(isr.o)
                0x004008b4                irq
 *(.text .stub .text.* .gnu.linkonce.t.*)
 .text.print_msg_id
                0x00400ac8       0x30 dtn.co
 .text.timedout_runicast
                0x00400af8       0x30 dtn.co
 .text.recv_runicast
                0x00400b28      0x15c dtn.co
 .text.process_thread_button_actions
                0x00400c84      0x27c dtn.co
 .text.process_thread_broadcast_process
                0x00400f00      0x168 dtn.co
 .text.sent_runicast
                0x00401068       0xa4 dtn.co
 .text.broadcast_recv
                0x0040110c      0x1a0 dtn.co
 .text.tmr1_init
                0x004012ac       0x58 obj_OrisenPrime/contiki-prime-main.o
                0x004012ac                tmr1_init
                0x004012b4                .real_start_oftmr1_init
 .text.io_bus_init
                0x00401304       0x68 obj_OrisenPrime/contiki-prime-main.o
                0x00401304                io_bus_init
                0x0040130c                .real_start_ofio_bus_init
 .text.sd_card_switch_init
                0x0040136c       0x44 obj_OrisenPrime/contiki-prime-main.o
                0x0040136c                sd_card_switch_init
                0x00401374                .real_start_ofsd_card_switch_init
 .text.port1_enable_init
                0x004013b0       0x2c obj_OrisenPrime/contiki-prime-main.o
                0x004013b0                port1_enable_init
                0x004013b8                .real_start_ofport1_enable_init
 .text.port2_enable_init
                0x004013dc       0x2c obj_OrisenPrime/contiki-prime-main.o
                0x004013dc                port2_enable_init
                0x004013e4                .real_start_ofport2_enable_init
 .text.port1_io_init
                0x00401408       0x8c obj_OrisenPrime/contiki-prime-main.o
                0x00401408                port1_io_init
                0x00401410                .real_start_ofport1_io_init
 .text.port2_io_init
                0x00401494       0xa0 obj_OrisenPrime/contiki-prime-main.o
                0x00401494                port2_io_init
                0x0040149c                .real_start_ofport2_io_init
 .text.gyro_data_enable_init
                0x00401534       0x2c obj_OrisenPrime/contiki-prime-main.o
                0x0040153c                .real_start_ofgyro_data_enable_init
                0x00401534                gyro_data_enable_init
 .text.kbi4_init
                0x00401560       0x64 obj_OrisenPrime/contiki-prime-main.o
                0x00401568                .real_start_ofkbi4_init
                0x00401560                kbi4_init
 .text.kbi5_init
                0x004015c4       0x64 obj_OrisenPrime/contiki-prime-main.o
                0x004015c4                kbi5_init
                0x004015cc                .real_start_ofkbi5_init
 .text.kbi6_init
                0x00401628       0x64 obj_OrisenPrime/contiki-prime-main.o
                0x00401628                kbi6_init
                0x00401630                .real_start_ofkbi6_init
 .text.kbi7_init
                0x0040168c       0x64 obj_OrisenPrime/contiki-prime-main.o
                0x0040168c                kbi7_init
                0x00401694                .real_start_ofkbi7_init
 .text.tmr1_isr
                0x004016f0       0x48 obj_OrisenPrime/contiki-prime-main.o
                0x004016f0                tmr1_isr
                0x004016f8                .real_start_oftmr1_isr
 .text.kbi4_isr
                0x00401738       0x24 obj_OrisenPrime/contiki-prime-main.o
                0x00401738                kbi4_isr
                0x00401740                .real_start_ofkbi4_isr
 .text.kbi5_isr
                0x0040175c       0x24 obj_OrisenPrime/contiki-prime-main.o
                0x0040175c                kbi5_isr
                0x00401764                .real_start_ofkbi5_isr
 .text.print_welcome
                0x00401780       0x40 obj_OrisenPrime/contiki-prime-main.o
                0x00401780                print_welcome
                0x00401788                .real_start_ofprint_welcome
 .text.set_rimeaddr
                0x004017c0      0x104 obj_OrisenPrime/contiki-prime-main.o
                0x004017c0                set_rimeaddr
                0x004017c8                .real_start_ofset_rimeaddr
 .text.prime_init
                0x004018c4      0x144 obj_OrisenPrime/contiki-prime-main.o
                0x004018cc                .real_start_ofprime_init
                0x004018c4                prime_init
 .text.init_lowlevel
                0x00401a08       0x60 obj_OrisenPrime/contiki-prime-main.o
                0x00401a08                init_lowlevel
                0x00401a10                .real_start_ofinit_lowlevel
 .text.main     0x00401a68      0x1cc obj_OrisenPrime/contiki-prime-main.o
                0x00401a70                .real_start_ofmain
                0x00401a68                main
 .text.rimeaddr_copy
                0x00401c34       0x14 contiki-OrisenPrime.a(rimeaddr.o)
                0x00401c34                rimeaddr_copy
                0x00401c3c                .real_start_ofrimeaddr_copy
 .text.rimeaddr_cmp
                0x00401c48       0x2c contiki-OrisenPrime.a(rimeaddr.o)
                0x00401c50                .real_start_ofrimeaddr_cmp
                0x00401c48                rimeaddr_cmp
 .text.rimeaddr_set_node_addr
                0x00401c74       0x28 contiki-OrisenPrime.a(rimeaddr.o)
                0x00401c74                rimeaddr_set_node_addr
                0x00401c7c                .real_start_ofrimeaddr_set_node_addr
 .text.input    0x00401c9c       0x60 contiki-OrisenPrime.a(rime.o)
 .text.init     0x00401cfc       0x50 contiki-OrisenPrime.a(rime.o)
 .text.rime_output
                0x00401d4c       0x50 contiki-OrisenPrime.a(rime.o)
                0x00401d54                .real_start_ofrime_output
                0x00401d4c                rime_output
 .text.packet_sent
                0x00401d9c       0x50 contiki-OrisenPrime.a(rime.o)
 .text.announcement_register_observer_callback
                0x00401dec       0x14 contiki-OrisenPrime.a(announcement.o)
                0x00401dec                announcement_register_observer_callback
                0x00401df4                .real_start_ofannouncement_register_observer_callback
 .text.announcement_list
                0x00401e00       0x24 contiki-OrisenPrime.a(announcement.o)
                0x00401e08                .real_start_ofannouncement_list
                0x00401e00                announcement_list
 .text.announcement_heard
                0x00401e24       0x50 contiki-OrisenPrime.a(announcement.o)
                0x00401e24                announcement_heard
                0x00401e2c                .real_start_ofannouncement_heard
 .text.announcement_init
                0x00401e74       0x24 contiki-OrisenPrime.a(announcement.o)
                0x00401e7c                .real_start_ofannouncement_init
                0x00401e74                announcement_init
 .text.adv_packet_sent
                0x00401e98        0x4 contiki-OrisenPrime.a(broadcast-annou)
 .text.broadcast_announcement_init
                0x00401e9c       0x54 contiki-OrisenPrime.a(broadcast-annou)
                0x00401ea4                .real_start_ofbroadcast_announcement_init
                0x00401e9c                broadcast_announcement_init
 .text.adv_packet_received
                0x00401ef0       0x7c contiki-OrisenPrime.a(broadcast-annou)
 .text.set_timers
                0x00401f6c       0x54 contiki-OrisenPrime.a(broadcast-annou)
 .text.new_announcement
                0x00401fc0       0x28 contiki-OrisenPrime.a(broadcast-annou)
 .text.send_timer
                0x00401fe8       0x2c contiki-OrisenPrime.a(broadcast-annou)
 .text.send_adv
                0x00402014       0x8c contiki-OrisenPrime.a(broadcast-annou)
 .text.sent_by_abc
                0x004020a0       0x18 contiki-OrisenPrime.a(broadcast.o)
 .text.broadcast_send
                0x004020b8       0x38 contiki-OrisenPrime.a(broadcast.o)
                0x004020b8                broadcast_send
                0x004020c0                .real_start_ofbroadcast_send
 .text.recv_from_abc
                0x004020f0       0x34 contiki-OrisenPrime.a(broadcast.o)
 .text.broadcast_close
                0x00402124       0x20 contiki-OrisenPrime.a(broadcast.o)
                0x00402124                broadcast_close
                0x0040212c                .real_start_ofbroadcast_close
 .text.broadcast_open
                0x00402144       0x40 contiki-OrisenPrime.a(broadcast.o)
                0x00402144                broadcast_open
                0x0040214c                .real_start_ofbroadcast_open
 .text.packetbuf_set_attr
                0x00402184       0x10 contiki-OrisenPrime.a(runicast.o)
 .text.runicast_is_transmitting
                0x00402194       0x10 contiki-OrisenPrime.a(runicast.o)
                0x00402194                runicast_is_transmitting
                0x0040219c                .real_start_ofrunicast_is_transmitting
 .text.runicast_send
                0x004021a4       0x8c contiki-OrisenPrime.a(runicast.o)
                0x004021ac                .real_start_ofrunicast_send
                0x004021a4                runicast_send
 .text.runicast_open
                0x00402230       0x50 contiki-OrisenPrime.a(runicast.o)
                0x00402238                .real_start_ofrunicast_open
                0x00402230                runicast_open
 .text.sent_by_stunicast
                0x00402280       0x98 contiki-OrisenPrime.a(runicast.o)
 .text.recv_from_stunicast
                0x00402318      0x104 contiki-OrisenPrime.a(runicast.o)
 .text.abc_input
                0x0040241c       0x1c contiki-OrisenPrime.a(abc.o)
                0x0040241c                abc_input
                0x00402424                .real_start_ofabc_input
 .text.abc_sent
                0x00402438       0x20 contiki-OrisenPrime.a(abc.o)
                0x00402438                abc_sent
                0x00402440                .real_start_ofabc_sent
 .text.abc_send
                0x00402458       0x20 contiki-OrisenPrime.a(abc.o)
                0x00402458                abc_send
                0x00402460                .real_start_ofabc_send
 .text.abc_close
                0x00402478       0x20 contiki-OrisenPrime.a(abc.o)
                0x00402480                .real_start_ofabc_close
                0x00402478                abc_close
 .text.abc_open
                0x00402498       0x38 contiki-OrisenPrime.a(abc.o)
                0x00402498                abc_open
                0x004024a0                .real_start_ofabc_open
 .text.packetbuf_set_attr
                0x004024d0       0x10 contiki-OrisenPrime.a(chameleon.o)
 .text.chameleon_parse
                0x004024e0       0x38 contiki-OrisenPrime.a(chameleon.o)
                0x004024e0                chameleon_parse
                0x004024e8                .real_start_ofchameleon_parse
 .text.chameleon_create
                0x00402518       0x38 contiki-OrisenPrime.a(chameleon.o)
                0x00402518                chameleon_create
                0x00402520                .real_start_ofchameleon_create
 .text.chameleon_hdrsize
                0x00402550       0x20 contiki-OrisenPrime.a(chameleon.o)
                0x00402550                chameleon_hdrsize
                0x00402558                .real_start_ofchameleon_hdrsize
 .text.chameleon_init
                0x00402570       0x20 contiki-OrisenPrime.a(chameleon.o)
                0x00402570                chameleon_init
                0x00402578                .real_start_ofchameleon_init
 .text.channel_lookup
                0x00402590       0x38 contiki-OrisenPrime.a(channel.o)
                0x00402590                channel_lookup
                0x00402598                .real_start_ofchannel_lookup
 .text.channel_close
                0x004025c8       0x28 contiki-OrisenPrime.a(channel.o)
                0x004025d0                .real_start_ofchannel_close
                0x004025c8                channel_close
 .text.channel_open
                0x004025f0       0x2c contiki-OrisenPrime.a(channel.o)
                0x004025f0                channel_open
                0x004025f8                .real_start_ofchannel_open
 .text.channel_set_attributes
                0x0040261c       0x38 contiki-OrisenPrime.a(channel.o)
                0x0040261c                channel_set_attributes
                0x00402624                .real_start_ofchannel_set_attributes
 .text.channel_init
                0x00402654       0x24 contiki-OrisenPrime.a(channel.o)
                0x0040265c                .real_start_ofchannel_init
                0x00402654                channel_init
 .text.get_bits_in_byte
                0x00402678       0x2c contiki-OrisenPrime.a(chameleon-bitop)
                0x00402678                get_bits_in_byte
                0x00402680                .real_start_ofget_bits_in_byte
 .text.get_bits
                0x004026a4       0x9c contiki-OrisenPrime.a(chameleon-bitop)
                0x004026ac                .real_start_ofget_bits
                0x004026a4                get_bits
 .text.header_size
                0x00402740       0x18 contiki-OrisenPrime.a(chameleon-bitop)
 .text.set_bits_in_byte
                0x00402758       0x2c contiki-OrisenPrime.a(chameleon-bitop)
                0x00402760                .real_start_ofset_bits_in_byte
                0x00402758                set_bits_in_byte
 .text.set_bits
                0x00402784       0xa8 contiki-OrisenPrime.a(chameleon-bitop)
                0x00402784                set_bits
                0x0040278c                .real_start_ofset_bits
 .text.pack_header
                0x0040282c       0xb8 contiki-OrisenPrime.a(chameleon-bitop)
 .text.unpack_header
                0x004028e4       0xec contiki-OrisenPrime.a(chameleon-bitop)
 .text.packetbuf_addr
                0x004029d0       0x10 contiki-OrisenPrime.a(nullrdc.o)
 .text.on       0x004029e0       0x18 contiki-OrisenPrime.a(nullrdc.o)
 .text.off      0x004029f8       0x20 contiki-OrisenPrime.a(nullrdc.o)
 .text.channel_check_interval
                0x00402a18        0x4 contiki-OrisenPrime.a(nullrdc.o)
 .text.init     0x00402a1c       0x18 contiki-OrisenPrime.a(nullrdc.o)
 .text.packet_input
                0x00402a34       0x60 contiki-OrisenPrime.a(nullrdc.o)
 .text.send_packet
                0x00402a94       0x90 contiki-OrisenPrime.a(nullrdc.o)
 .text.send_list
                0x00402b24       0x30 contiki-OrisenPrime.a(nullrdc.o)
 .text.mac_call_sent_callback
                0x00402b54       0x24 contiki-OrisenPrime.a(mac.o)
                0x00402b5c                .real_start_ofmac_call_sent_callback
                0x00402b54                mac_call_sent_callback
 .text.packetbuf_set_attr
                0x00402b78       0x10 contiki-OrisenPrime.a(framer-802154.o)
 .text.packetbuf_addr
                0x00402b88       0x10 contiki-OrisenPrime.a(framer-802154.o)
 .text.packetbuf_set_addr
                0x00402b98       0x28 contiki-OrisenPrime.a(framer-802154.o)
 .text.parse    0x00402bc0       0xc8 contiki-OrisenPrime.a(framer-802154.o)
 .text.create   0x00402c88      0x15c contiki-OrisenPrime.a(framer-802154.o)
 .text.packetbuf_addr
                0x00402de4       0x10 contiki-OrisenPrime.a(csma.o)
 .text.default_timebase
                0x00402df4       0x20 contiki-OrisenPrime.a(csma.o)
 .text.input_packet
                0x00402e14       0x18 contiki-OrisenPrime.a(csma.o)
 .text.on       0x00402e2c       0x18 contiki-OrisenPrime.a(csma.o)
 .text.off      0x00402e44       0x18 contiki-OrisenPrime.a(csma.o)
 .text.channel_check_interval
                0x00402e5c       0x20 contiki-OrisenPrime.a(csma.o)
 .text.transmit_packet_list
                0x00402e7c       0x38 contiki-OrisenPrime.a(csma.o)
 .text.send_packet
                0x00402eb4      0x1cc contiki-OrisenPrime.a(csma.o)
 .text.free_first_packet
                0x00403080       0xc4 contiki-OrisenPrime.a(csma.o)
 .text.packet_sent
                0x00403144       0xf0 contiki-OrisenPrime.a(csma.o)
 .text.init     0x00403234       0x30 contiki-OrisenPrime.a(csma.o)
 .text.process_alloc_event
                0x00403264       0x18 contiki-OrisenPrime.a(process.o)
                0x0040326c                .real_start_ofprocess_alloc_event
                0x00403264                process_alloc_event
 .text.process_init
                0x0040327c       0x40 contiki-OrisenPrime.a(process.o)
                0x0040327c                process_init
                0x00403284                .real_start_ofprocess_init
 .text.process_post
                0x004032bc       0x68 contiki-OrisenPrime.a(process.o)
                0x004032bc                process_post
                0x004032c4                .real_start_ofprocess_post
 .text.process_poll
                0x00403324       0x2c contiki-OrisenPrime.a(process.o)
                0x00403324                process_poll
                0x0040332c                .real_start_ofprocess_poll
 .text.process_is_running
                0x00403350       0x10 contiki-OrisenPrime.a(process.o)
                0x00403350                process_is_running
                0x00403358                .real_start_ofprocess_is_running
 .text.exit_process
                0x00403360       0xa4 contiki-OrisenPrime.a(process.o)
 .text.call_process
                0x00403404       0x50 contiki-OrisenPrime.a(process.o)
 .text.process_post_synch
                0x00403454       0x28 contiki-OrisenPrime.a(process.o)
                0x0040345c                .real_start_ofprocess_post_synch
                0x00403454                process_post_synch
 .text.process_start
                0x0040347c       0x44 contiki-OrisenPrime.a(process.o)
                0x00403484                .real_start_ofprocess_start
                0x0040347c                process_start
 .text.do_poll  0x004034c0       0x44 contiki-OrisenPrime.a(process.o)
 .text.process_run
                0x00403504       0xdc contiki-OrisenPrime.a(process.o)
                0x0040350c                .real_start_ofprocess_run
                0x00403504                process_run
 .text.autostart_start
                0x004035e0       0x2c contiki-OrisenPrime.a(autostart.o)
                0x004035e8                .real_start_ofautostart_start
                0x004035e0                autostart_start
 .text.process_thread_serial_line_process
                0x0040360c       0xb4 contiki-OrisenPrime.a(serial-line.o)
 .text.serial_line_init
                0x004036c0       0x40 contiki-OrisenPrime.a(serial-line.o)
                0x004036c8                .real_start_ofserial_line_init
                0x004036c0                serial_line_init
 .text.serial_line_input_byte
                0x00403700       0x68 contiki-OrisenPrime.a(serial-line.o)
                0x00403708                .real_start_ofserial_line_input_byte
                0x00403700                serial_line_input_byte
 .text.memb_alloc
                0x00403768       0x38 contiki-OrisenPrime.a(memb.o)
                0x00403770                .real_start_ofmemb_alloc
                0x00403768                memb_alloc
 .text.memb_free
                0x004037a0       0x40 contiki-OrisenPrime.a(memb.o)
                0x004037a0                memb_free
                0x004037a8                .real_start_ofmemb_free
 .text.memb_inmemb
                0x004037e0       0x34 contiki-OrisenPrime.a(memb.o)
                0x004037e8                .real_start_ofmemb_inmemb
                0x004037e0                memb_inmemb
 .text.memb_init
                0x00403814       0x34 contiki-OrisenPrime.a(memb.o)
                0x0040381c                .real_start_ofmemb_init
                0x00403814                memb_init
 .text.list_init
                0x00403848       0x10 contiki-OrisenPrime.a(list.o)
                0x00403850                .real_start_oflist_init
                0x00403848                list_init
 .text.list_head
                0x00403858        0xc contiki-OrisenPrime.a(list.o)
                0x00403858                list_head
                0x00403860                .real_start_oflist_head
 .text.list_tail
                0x00403864       0x20 contiki-OrisenPrime.a(list.o)
                0x00403864                list_tail
                0x0040386c                .real_start_oflist_tail
 .text.list_pop
                0x00403884       0x1c contiki-OrisenPrime.a(list.o)
                0x0040388c                .real_start_oflist_pop
                0x00403884                list_pop
 .text.list_remove
                0x004038a0       0x38 contiki-OrisenPrime.a(list.o)
                0x004038a8                .real_start_oflist_remove
                0x004038a0                list_remove
 .text.list_push
                0x004038d8       0x28 contiki-OrisenPrime.a(list.o)
                0x004038d8                list_push
                0x004038e0                .real_start_oflist_push
 .text.list_add
                0x00403900       0x3c contiki-OrisenPrime.a(list.o)
                0x00403900                list_add
                0x00403908                .real_start_oflist_add
 .text.list_length
                0x0040393c       0x1c contiki-OrisenPrime.a(list.o)
                0x0040393c                list_length
                0x00403944                .real_start_oflist_length
 .text.list_item_next
                0x00403958       0x14 contiki-OrisenPrime.a(list.o)
                0x00403958                list_item_next
                0x00403960                .real_start_oflist_item_next
 .text.etimer_expired
                0x0040396c       0x10 contiki-OrisenPrime.a(etimer.o)
                0x00403974                .real_start_ofetimer_expired
                0x0040396c                etimer_expired
 .text.etimer_pending
                0x0040397c       0x18 contiki-OrisenPrime.a(etimer.o)
                0x0040397c                etimer_pending
                0x00403984                .real_start_ofetimer_pending
 .text.etimer_next_expiration_time
                0x00403994       0x2c contiki-OrisenPrime.a(etimer.o)
                0x00403994                etimer_next_expiration_time
                0x0040399c                .real_start_ofetimer_next_expiration_time
 .text.update_time
                0x004039c0       0x54 contiki-OrisenPrime.a(etimer.o)
 .text.etimer_stop
                0x00403a14       0x4c contiki-OrisenPrime.a(etimer.o)
                0x00403a14                etimer_stop
                0x00403a1c                .real_start_ofetimer_stop
 .text.etimer_request_poll
                0x00403a60       0x24 contiki-OrisenPrime.a(etimer.o)
                0x00403a68                .real_start_ofetimer_request_poll
                0x00403a60                etimer_request_poll
 .text.process_thread_etimer_process
                0x00403a84       0xc8 contiki-OrisenPrime.a(etimer.o)
 .text.add_timer
                0x00403b4c       0x50 contiki-OrisenPrime.a(etimer.o)
 .text.etimer_set
                0x00403b9c       0x2c contiki-OrisenPrime.a(etimer.o)
                0x00403b9c                etimer_set
                0x00403ba4                .real_start_ofetimer_set
 .text.process_thread_ctimer_process
                0x00403bc8       0xa8 contiki-OrisenPrime.a(ctimer.o)
 .text.ctimer_stop
                0x00403c70       0x48 contiki-OrisenPrime.a(ctimer.o)
                0x00403c78                .real_start_ofctimer_stop
                0x00403c70                ctimer_stop
 .text.ctimer_set
                0x00403cb8       0x74 contiki-OrisenPrime.a(ctimer.o)
                0x00403cb8                ctimer_set
                0x00403cc0                .real_start_ofctimer_set
 .text.ctimer_init
                0x00403d2c       0x40 contiki-OrisenPrime.a(ctimer.o)
                0x00403d34                .real_start_ofctimer_init
                0x00403d2c                ctimer_init
 .text.random_rand
                0x00403d6c       0x24 contiki-OrisenPrime.a(random.o)
                0x00403d6c                random_rand
                0x00403d74                .real_start_ofrandom_rand
 .text.ringbuf_init
                0x00403d90       0x18 contiki-OrisenPrime.a(ringbuf.o)
                0x00403d90                ringbuf_init
                0x00403d98                .real_start_ofringbuf_init
 .text.ringbuf_put
                0x00403da8       0x34 contiki-OrisenPrime.a(ringbuf.o)
                0x00403da8                ringbuf_put
                0x00403db0                .real_start_ofringbuf_put
 .text.ringbuf_get
                0x00403ddc       0x30 contiki-OrisenPrime.a(ringbuf.o)
                0x00403ddc                ringbuf_get
                0x00403de4                .real_start_ofringbuf_get
 .text.packetbuf_hdrreduce
                0x00403e0c       0x38 contiki-OrisenPrime.a(packetbuf.o)
                0x00403e14                .real_start_ofpacketbuf_hdrreduce
                0x00403e0c                packetbuf_hdrreduce
 .text.packetbuf_set_datalen
                0x00403e44       0x14 contiki-OrisenPrime.a(packetbuf.o)
                0x00403e44                packetbuf_set_datalen
                0x00403e4c                .real_start_ofpacketbuf_set_datalen
 .text.packetbuf_dataptr
                0x00403e58       0x20 contiki-OrisenPrime.a(packetbuf.o)
                0x00403e60                .real_start_ofpacketbuf_dataptr
                0x00403e58                packetbuf_dataptr
 .text.packetbuf_hdrptr
                0x00403e78       0x1c contiki-OrisenPrime.a(packetbuf.o)
                0x00403e78                packetbuf_hdrptr
                0x00403e80                .real_start_ofpacketbuf_hdrptr
 .text.packetbuf_is_reference
                0x00403e94       0x24 contiki-OrisenPrime.a(packetbuf.o)
                0x00403e94                packetbuf_is_reference
                0x00403e9c                .real_start_ofpacketbuf_is_reference
 .text.packetbuf_reference_ptr
                0x00403eb8       0x14 contiki-OrisenPrime.a(packetbuf.o)
                0x00403eb8                packetbuf_reference_ptr
                0x00403ec0                .real_start_ofpacketbuf_reference_ptr
 .text.packetbuf_datalen
                0x00403ecc       0x14 contiki-OrisenPrime.a(packetbuf.o)
                0x00403ecc                packetbuf_datalen
                0x00403ed4                .real_start_ofpacketbuf_datalen
 .text.packetbuf_hdrlen
                0x00403ee0       0x1c contiki-OrisenPrime.a(packetbuf.o)
                0x00403ee0                packetbuf_hdrlen
                0x00403ee8                .real_start_ofpacketbuf_hdrlen
 .text.packetbuf_totlen
                0x00403efc       0x2c contiki-OrisenPrime.a(packetbuf.o)
                0x00403efc                packetbuf_totlen
                0x00403f04                .real_start_ofpacketbuf_totlen
 .text.packetbuf_hdralloc
                0x00403f28       0x3c contiki-OrisenPrime.a(packetbuf.o)
                0x00403f30                .real_start_ofpacketbuf_hdralloc
                0x00403f28                packetbuf_hdralloc
 .text.packetbuf_attr_copyfrom
                0x00403f64       0x3c contiki-OrisenPrime.a(packetbuf.o)
                0x00403f64                packetbuf_attr_copyfrom
                0x00403f6c                .real_start_ofpacketbuf_attr_copyfrom
 .text.packetbuf_attr_copyto
                0x00403fa0       0x38 contiki-OrisenPrime.a(packetbuf.o)
                0x00403fa0                packetbuf_attr_copyto
                0x00403fa8                .real_start_ofpacketbuf_attr_copyto
 .text.packetbuf_copyto
                0x00403fd8       0x74 contiki-OrisenPrime.a(packetbuf.o)
                0x00403fd8                packetbuf_copyto
                0x00403fe0                .real_start_ofpacketbuf_copyto
 .text.packetbuf_copyto_hdr
                0x0040404c       0x3c contiki-OrisenPrime.a(packetbuf.o)
                0x0040404c                packetbuf_copyto_hdr
                0x00404054                .real_start_ofpacketbuf_copyto_hdr
 .text.packetbuf_compact
                0x00404088       0x7c contiki-OrisenPrime.a(packetbuf.o)
                0x00404090                .real_start_ofpacketbuf_compact
                0x00404088                packetbuf_compact
 .text.packetbuf_attr_clear
                0x00404104       0x5c contiki-OrisenPrime.a(packetbuf.o)
                0x0040410c                .real_start_ofpacketbuf_attr_clear
                0x00404104                packetbuf_attr_clear
 .text.packetbuf_clear
                0x00404160       0x4c contiki-OrisenPrime.a(packetbuf.o)
                0x00404168                .real_start_ofpacketbuf_clear
                0x00404160                packetbuf_clear
 .text.packetbuf_copyfrom
                0x004041ac       0x50 contiki-OrisenPrime.a(packetbuf.o)
                0x004041ac                packetbuf_copyfrom
                0x004041b4                .real_start_ofpacketbuf_copyfrom
 .text.queuebuf_to_packetbuf
                0x004041fc       0xa0 contiki-OrisenPrime.a(queuebuf.o)
                0x00404204                .real_start_ofqueuebuf_to_packetbuf
                0x004041fc                queuebuf_to_packetbuf
 .text.queuebuf_free
                0x0040429c       0x6c contiki-OrisenPrime.a(queuebuf.o)
                0x0040429c                queuebuf_free
                0x004042a4                .real_start_ofqueuebuf_free
 .text.queuebuf_update_attr_from_packetbuf
                0x00404308       0x28 contiki-OrisenPrime.a(queuebuf.o)
                0x00404308                queuebuf_update_attr_from_packetbuf
                0x00404310                .real_start_ofqueuebuf_update_attr_from_packetbuf
 .text.queuebuf_new_from_packetbuf
                0x00404330       0xb0 contiki-OrisenPrime.a(queuebuf.o)
                0x00404330                queuebuf_new_from_packetbuf
                0x00404338                .real_start_ofqueuebuf_new_from_packetbuf
 .text.queuebuf_init
                0x004043e0       0x38 contiki-OrisenPrime.a(queuebuf.o)
                0x004043e0                queuebuf_init
                0x004043e8                .real_start_ofqueuebuf_init
 .text.clock_init
                0x00404418       0x50 contiki-OrisenPrime.a(clock.o)
                0x00404418                clock_init
                0x00404420                .real_start_ofclock_init
 .text.clock_time
                0x00404468       0x14 contiki-OrisenPrime.a(clock.o)
                0x00404470                .real_start_ofclock_time
                0x00404468                clock_time
 .text.clock_seconds
                0x0040447c       0x14 contiki-OrisenPrime.a(clock.o)
                0x0040447c                clock_seconds
                0x00404484                .real_start_ofclock_seconds
 .text.tmr0_isr
                0x00404490       0xa0 contiki-OrisenPrime.a(clock.o)
                0x00404498                .real_start_oftmr0_isr
                0x00404490                tmr0_isr
 .text.status   0x00404530       0x1c contiki-OrisenPrime.a(button-sensor.o)
 .text.configure
                0x0040454c       0x5c contiki-OrisenPrime.a(button-sensor.o)
 .text.value    0x004045a8       0x40 contiki-OrisenPrime.a(button-sensor.o)
 .text.kbi7_isr
                0x004045e8       0x58 contiki-OrisenPrime.a(button-sensor.o)
                0x004045e8                kbi7_isr
                0x004045f0                .real_start_ofkbi7_isr
 .text.status   0x00404640       0x1c contiki-OrisenPrime.a(button2-sensor.)
 .text.configure
                0x0040465c       0x5c contiki-OrisenPrime.a(button2-sensor.)
 .text.value    0x004046b8       0x40 contiki-OrisenPrime.a(button2-sensor.)
 .text.kbi6_isr
                0x004046f8       0x58 contiki-OrisenPrime.a(button2-sensor.)
                0x00404700                .real_start_ofkbi6_isr
                0x004046f8                kbi6_isr
 .text.get_sensor_index
                0x00404750       0x28 contiki-OrisenPrime.a(sensors.o)
 .text.process_thread_sensors_process
                0x00404778       0xec contiki-OrisenPrime.a(sensors.o)
 .text.sensors_changed
                0x00404864       0x40 contiki-OrisenPrime.a(sensors.o)
                0x0040486c                .real_start_ofsensors_changed
                0x00404864                sensors_changed
 .text.cal_ring_osc
                0x004048a4       0x6c contiki-OrisenPrime.a(contiki-crm.o)
                0x004048a4                cal_ring_osc
                0x004048ac                .real_start_ofcal_ring_osc
 .text.packetbuf_set_attr
                0x00404910       0x10 contiki-OrisenPrime.a(contiki-maca.o)
 .text.contiki_maca_init
                0x00404920        0xc contiki-OrisenPrime.a(contiki-maca.o)
                0x00404928                .real_start_ofcontiki_maca_init
                0x00404920                contiki_maca_init
 .text.contiki_maca_channel_clear
                0x0040492c        0xc contiki-OrisenPrime.a(contiki-maca.o)
                0x00404934                .real_start_ofcontiki_maca_channel_clear
                0x0040492c                contiki_maca_channel_clear
 .text.contiki_maca_receiving_packet
                0x00404938        0xc contiki-OrisenPrime.a(contiki-maca.o)
                0x00404938                contiki_maca_receiving_packet
                0x00404940                .real_start_ofcontiki_maca_receiving_packet
 .text.contiki_maca_pending_packet
                0x00404944       0x18 contiki-OrisenPrime.a(contiki-maca.o)
                0x0040494c                .real_start_ofcontiki_maca_pending_packet
                0x00404944                contiki_maca_pending_packet
 .text.contiki_maca_on_request
                0x0040495c       0x20 contiki-OrisenPrime.a(contiki-maca.o)
                0x00404964                .real_start_ofcontiki_maca_on_request
                0x0040495c                contiki_maca_on_request
 .text.contiki_maca_off_request
                0x0040497c       0x20 contiki-OrisenPrime.a(contiki-maca.o)
                0x0040497c                contiki_maca_off_request
                0x00404984                .real_start_ofcontiki_maca_off_request
 .text.maca_rx_callback
                0x0040499c       0x24 contiki-OrisenPrime.a(contiki-maca.o)
                0x0040499c                maca_rx_callback
                0x004049a4                .real_start_ofmaca_rx_callback
 .text.contiki_maca_prepare
                0x004049c0       0x44 contiki-OrisenPrime.a(contiki-maca.o)
                0x004049c8                .real_start_ofcontiki_maca_prepare
                0x004049c0                contiki_maca_prepare
 .text.contiki_maca_transmit
                0x00404a04       0x58 contiki-OrisenPrime.a(contiki-maca.o)
                0x00404a04                contiki_maca_transmit
                0x00404a0c                .real_start_ofcontiki_maca_transmit
 .text.contiki_maca_send
                0x00404a5c       0x4c contiki-OrisenPrime.a(contiki-maca.o)
                0x00404a64                .real_start_ofcontiki_maca_send
                0x00404a5c                contiki_maca_send
 .text.contiki_maca_read
                0x00404aa8       0x74 contiki-OrisenPrime.a(contiki-maca.o)
                0x00404ab0                .real_start_ofcontiki_maca_read
                0x00404aa8                contiki_maca_read
 .text.process_thread_contiki_maca_process
                0x00404b1c       0xb4 contiki-OrisenPrime.a(contiki-maca.o)
 .text.rand     0x00404bd0       0x14 contiki-OrisenPrime.a(contiki-misc.o)
                0x00404bd0                rand
                0x00404bd8                .real_start_ofrand
 .text.leds_init
                0x00404be4       0x30 contiki-OrisenPrime.a(leds.o)
                0x00404bec                .real_start_ofleds_init
                0x00404be4                leds_init
 .text.uart1_set_input
                0x00404c14       0x14 contiki-OrisenPrime.a(contiki-uart.o)
                0x00404c1c                .real_start_ofuart1_set_input
                0x00404c14                uart1_set_input
 .text.printf   0x00404c28       0x34 contiki-OrisenPrime.a(dbg-printf.o)
                0x00404c28                printf
                0x00404c30                .real_start_ofprintf
 .text.write_str
                0x00404c5c       0x20 contiki-OrisenPrime.a(dbg-printf.o)
 .text.parse_uint
                0x00404c7c       0x28 contiki-OrisenPrime.a(strformat.o)
 .text.output_uint_hex
                0x00404ca4       0x48 contiki-OrisenPrime.a(strformat.o)
 .text.fill_space
                0x00404cec       0x40 contiki-OrisenPrime.a(strformat.o)
 .text.format_str_v
                0x00404d2c      0x760 contiki-OrisenPrime.a(strformat.o)
                0x00404d2c                format_str_v
                0x00404d34                .real_start_offormat_str_v
 .text.gpio_data_get
                0x0040548c       0x34 contiki-OrisenPrime.a(gpio.o)
                0x0040548c                gpio_data_get
                0x00405494                .real_start_ofgpio_data_get
 .text.i2c_enable
                0x004054c0       0x64 contiki-OrisenPrime.a(i2c.o)
                0x004054c8                .real_start_ofi2c_enable
                0x004054c0                i2c_enable
 .text.i2c_isr  0x00405524      0x114 contiki-OrisenPrime.a(i2c.o)
                0x0040552c                .real_start_ofi2c_isr
                0x00405524                i2c_isr
 .text.free_packet
                0x00405638       0x64 contiki-OrisenPrime.a(maca.o)
                0x00405638                free_packet
                0x00405640                .real_start_offree_packet
 .text.get_free_packet
                0x0040569c       0x54 contiki-OrisenPrime.a(maca.o)
                0x0040569c                get_free_packet
                0x004056a4                .real_start_ofget_free_packet
 .text.post_receive
                0x004056f0       0xbc contiki-OrisenPrime.a(maca.o)
                0x004056f0                post_receive
                0x004056f8                .real_start_ofpost_receive
 .text.rx_packet
                0x004057ac       0x54 contiki-OrisenPrime.a(maca.o)
                0x004057b4                .real_start_ofrx_packet
                0x004057ac                rx_packet
 .text.post_tx  0x00405800       0xdc contiki-OrisenPrime.a(maca.o)
                0x00405800                post_tx
                0x00405808                .real_start_ofpost_tx
 .text.tx_packet
                0x004058dc       0x98 contiki-OrisenPrime.a(maca.o)
                0x004058e4                .real_start_oftx_packet
                0x004058dc                tx_packet
 .text.free_all_packets
                0x00405974       0x94 contiki-OrisenPrime.a(maca.o)
                0x0040597c                .real_start_offree_all_packets
                0x00405974                free_all_packets
 .text.free_tx_head
                0x00405a08       0x64 contiki-OrisenPrime.a(maca.o)
                0x00405a08                free_tx_head
                0x00405a10                .real_start_offree_tx_head
 .text.add_to_rx
                0x00405a6c       0x70 contiki-OrisenPrime.a(maca.o)
                0x00405a74                .real_start_ofadd_to_rx
                0x00405a6c                add_to_rx
 .text.insert_at_rx_head
                0x00405adc       0x70 contiki-OrisenPrime.a(maca.o)
                0x00405ae4                .real_start_ofinsert_at_rx_head
                0x00405adc                insert_at_rx_head
 .text.init_phy
                0x00405b4c       0x68 contiki-OrisenPrime.a(maca.o)
                0x00405b54                .real_start_ofinit_phy
                0x00405b4c                init_phy
 .text.reset_maca
                0x00405bb4       0x5c contiki-OrisenPrime.a(maca.o)
                0x00405bb4                reset_maca
                0x00405bbc                .real_start_ofreset_maca
 .text.flyback_init
                0x00405c10       0x3c contiki-OrisenPrime.a(maca.o)
                0x00405c10                flyback_init
                0x00405c18                .real_start_offlyback_init
 .text.get_ctov
                0x00405c4c       0x24 contiki-OrisenPrime.a(maca.o)
                0x00405c54                .real_start_ofget_ctov
                0x00405c4c                get_ctov
 .text.set_power
                0x00405c70       0x78 contiki-OrisenPrime.a(maca.o)
                0x00405c70                set_power
                0x00405c78                .real_start_ofset_power
 .text.set_channel
                0x00405ce8       0xc8 contiki-OrisenPrime.a(maca.o)
                0x00405ce8                set_channel
                0x00405cf0                .real_start_ofset_channel
 .text.exec_init_entry
                0x00405db0       0x88 contiki-OrisenPrime.a(maca.o)
                0x00405db0                exec_init_entry
                0x00405db8                .real_start_ofexec_init_entry
 .text.init_from_flash
                0x00405e38       0xe0 contiki-OrisenPrime.a(maca.o)
                0x00405e40                .real_start_ofinit_from_flash
                0x00405e38                init_from_flash
 .text.radio_init
                0x00405f18      0x218 contiki-OrisenPrime.a(maca.o)
                0x00405f20                .real_start_ofradio_init
                0x00405f18                radio_init
 .text.maca_init
                0x00406130       0xbc contiki-OrisenPrime.a(maca.o)
                0x00406138                .real_start_ofmaca_init
                0x00406130                maca_init
 .text.ResumeMACASync
                0x004061ec       0xe0 contiki-OrisenPrime.a(maca.o)
                0x004061ec                ResumeMACASync
                0x004061f4                .real_start_ofResumeMACASync
 .text.decode_status
                0x004062cc       0x48 contiki-OrisenPrime.a(maca.o)
                0x004062cc                decode_status
                0x004062d4                .real_start_ofdecode_status
 .text.check_maca
                0x00406314       0xc8 contiki-OrisenPrime.a(maca.o)
                0x00406314                check_maca
                0x0040631c                .real_start_ofcheck_maca
 .text.maca_isr
                0x004063dc      0x1dc contiki-OrisenPrime.a(maca.o)
                0x004063e4                .real_start_ofmaca_isr
                0x004063dc                maca_isr
 .text.uart1_isr
                0x004065b8       0xc8 contiki-OrisenPrime.a(uart1.o)
                0x004065b8                uart1_isr
                0x004065c0                .real_start_ofuart1_isr
 .text.uart1_putc
                0x00406680       0xa8 contiki-OrisenPrime.a(uart1.o)
                0x00406688                .real_start_ofuart1_putc
                0x00406680                uart1_putc
 .text.uart1_getc
                0x00406728       0x64 contiki-OrisenPrime.a(uart1.o)
                0x00406728                uart1_getc
                0x00406730                .real_start_ofuart1_getc
 .text.default_vreg_init
                0x0040678c       0x4c contiki-OrisenPrime.a(default_lowleve)
                0x00406794                .real_start_ofdefault_vreg_init
                0x0040678c                default_vreg_init
 .text.uart1_init
                0x004067d8       0xdc contiki-OrisenPrime.a(default_lowleve)
                0x004067d8                uart1_init
                0x004067e0                .real_start_ofuart1_init
 .text.recv_from_uc
                0x004068b4       0x18 contiki-OrisenPrime.a(stunicast.o)
 .text.sent_by_uc
                0x004068cc       0x18 contiki-OrisenPrime.a(stunicast.o)
 .text.stunicast_receiver
                0x004068e4        0xc contiki-OrisenPrime.a(stunicast.o)
                0x004068ec                .real_start_ofstunicast_receiver
                0x004068e4                stunicast_receiver
 .text.stunicast_cancel
                0x004068f0       0x38 contiki-OrisenPrime.a(stunicast.o)
                0x004068f8                .real_start_ofstunicast_cancel
                0x004068f0                stunicast_cancel
 .text.stunicast_send
                0x00406928       0x20 contiki-OrisenPrime.a(stunicast.o)
                0x00406928                stunicast_send
                0x00406930                .real_start_ofstunicast_send
 .text.stunicast_send_stubborn
                0x00406948       0x74 contiki-OrisenPrime.a(stunicast.o)
                0x00406948                stunicast_send_stubborn
                0x00406950                .real_start_ofstunicast_send_stubborn
 .text.stunicast_set_timer
                0x004069bc       0x28 contiki-OrisenPrime.a(stunicast.o)
                0x004069c4                .real_start_ofstunicast_set_timer
                0x004069bc                stunicast_set_timer
 .text.send     0x004069e4       0x3c contiki-OrisenPrime.a(stunicast.o)
 .text.stunicast_open
                0x00406a20       0x2c contiki-OrisenPrime.a(stunicast.o)
                0x00406a20                stunicast_open
                0x00406a28                .real_start_ofstunicast_open
 .text.addr_len
                0x00406a4c       0x18 contiki-OrisenPrime.a(frame802154.o)
 .text.frame802154_parse
                0x00406a64      0x14c contiki-OrisenPrime.a(frame802154.o)
                0x00406a6c                .real_start_offrame802154_parse
                0x00406a64                frame802154_parse
 .text.field_len
                0x00406bb0       0x74 contiki-OrisenPrime.a(frame802154.o)
 .text.frame802154_create
                0x00406c24      0x114 contiki-OrisenPrime.a(frame802154.o)
                0x00406c24                frame802154_create
                0x00406c2c                .real_start_offrame802154_create
 .text.frame802154_hdrlen
                0x00406d38       0x40 contiki-OrisenPrime.a(frame802154.o)
                0x00406d38                frame802154_hdrlen
                0x00406d40                .real_start_offrame802154_hdrlen
 .text.timer_expired
                0x00406d78       0x30 contiki-OrisenPrime.a(timer.o)
                0x00406d78                timer_expired
                0x00406d80                .real_start_oftimer_expired
 .text.timer_set
                0x00406da8       0x24 contiki-OrisenPrime.a(timer.o)
                0x00406db0                .real_start_oftimer_set
                0x00406da8                timer_set
 .text.dbg_send_bytes
                0x00406dcc       0x3c contiki-OrisenPrime.a(debug-uart.o)
                0x00406dcc                dbg_send_bytes
                0x00406dd4                .real_start_ofdbg_send_bytes
 .text.leds_arch_set
                0x00406e08       0x40 contiki-OrisenPrime.a(leds-arch.o)
                0x00406e10                .real_start_ofleds_arch_set
                0x00406e08                leds_arch_set
 .text.leds_arch_init
                0x00406e48       0x54 contiki-OrisenPrime.a(leds-arch.o)
                0x00406e48                leds_arch_init
                0x00406e50                .real_start_ofleds_arch_init
 .text.uart2_isr
                0x00406e9c       0xc8 contiki-OrisenPrime.a(uart2.o)
                0x00406e9c                uart2_isr
                0x00406ea4                .real_start_ofuart2_isr
 .text.sent_by_broadcast
                0x00406f64       0x18 contiki-OrisenPrime.a(unicast.o)
 .text.unicast_send
                0x00406f7c       0x34 contiki-OrisenPrime.a(unicast.o)
                0x00406f7c                unicast_send
                0x00406f84                .real_start_ofunicast_send
 .text.unicast_open
                0x00406fb0       0x40 contiki-OrisenPrime.a(unicast.o)
                0x00406fb0                unicast_open
                0x00406fb8                .real_start_ofunicast_open
 .text.recv_from_broadcast
                0x00406ff0       0x38 contiki-OrisenPrime.a(unicast.o)
 .text          0x00407028      0x114 /home/user/CodeSourcery/Sourcery_G++_Lite/bin/../lib/gcc/arm-none-eabi/4.3.2/libgcc.a(_udivsi3.o)
                0x00407028                __udivsi3
                0x00407028                __aeabi_uidiv
                0x0040711c                __aeabi_uidivmod
 .text          0x0040713c      0x148 /home/user/CodeSourcery/Sourcery_G++_Lite/bin/../lib/gcc/arm-none-eabi/4.3.2/libgcc.a(_divsi3.o)
                0x0040713c                __aeabi_idiv
                0x0040713c                __divsi3
                0x00407264                __aeabi_idivmod
 .text          0x00407284        0x4 /home/user/CodeSourcery/Sourcery_G++_Lite/bin/../lib/gcc/arm-none-eabi/4.3.2/libgcc.a(_dvmd_tls.o)
                0x00407284                __aeabi_ldiv0
                0x00407284                __aeabi_idiv0
 .text          0x00407288      0x41c /home/user/CodeSourcery/Sourcery_G++_Lite/bin/../lib/gcc/arm-none-eabi/4.3.2/libgcc.a(_arm_addsubdf3.o)
                0x00407644                __floatdidf
                0x004075c8                __floatsidf
                0x004075a4                __aeabi_ui2d
                0x00407288                __aeabi_drsub
                0x004075f0                __extendsfdf2
                0x00407294                __adddf3
                0x004075a4                __floatunsidf
                0x00407294                __aeabi_dadd
                0x00407630                __aeabi_ul2d
                0x00407290                __aeabi_dsub
                0x00407630                __floatundidf
                0x004075c8                __aeabi_i2d
                0x00407644                __aeabi_l2d
                0x004075f0                __aeabi_f2d
                0x00407290                __subdf3
 .text          0x004076a4      0x2ac /home/user/CodeSourcery/Sourcery_G++_Lite/bin/../lib/gcc/arm-none-eabi/4.3.2/libgcc.a(_arm_addsubsf3.o)
                0x004076b0                __aeabi_fadd
                0x004076ac                __subsf3
                0x00407874                __aeabi_i2f
                0x004076ac                __aeabi_fsub
                0x004078a4                __floatdisf
                0x00407874                __floatsisf
                0x00407894                __floatundisf
                0x0040786c                __aeabi_ui2f
                0x004078a4                __aeabi_l2f
                0x00407894                __aeabi_ul2f
                0x004076a4                __aeabi_frsub
                0x0040786c                __floatunsisf
                0x004076b0                __addsf3
 .text          0x00407950       0x3c /home/user/CodeSourcery/Sourcery_G++_Lite/bin/../lib/gcc/arm-none-eabi/4.3.2/libgcc.a(_aeabi_uldivmod.o)
                0x00407950                __aeabi_uldivmod
 .text          0x0040798c       0x80 /home/user/CodeSourcery/Sourcery_G++_Lite/bin/../lib/gcc/arm-none-eabi/4.3.2/libgcc.a(bpabi.o)
                0x0040798c                __gnu_uldivmod_helper
                0x004079cc                __gnu_ldivmod_helper
 .text          0x00407a0c      0x56c /home/user/CodeSourcery/Sourcery_G++_Lite/bin/../lib/gcc/arm-none-eabi/4.3.2/libgcc.a(_divdi3.o)
                0x00407a0c                __divdi3
 .text          0x00407f78      0x4fc /home/user/CodeSourcery/Sourcery_G++_Lite/bin/../lib/gcc/arm-none-eabi/4.3.2/libgcc.a(_udivdi3.o)
                0x00407f78                __udivdi3
 .text          0x00408474       0xac /home/user/CodeSourcery/Sourcery_G++_Lite/bin/../lib/gcc/arm-none-eabi/4.3.2/../../../../arm-none-eabi/lib/libc.a(lib_a-memcmp.o)
                0x00408474                memcmp
 .text          0x00408520       0xfc /home/user/CodeSourcery/Sourcery_G++_Lite/bin/../lib/gcc/arm-none-eabi/4.3.2/../../../../arm-none-eabi/lib/libc.a(lib_a-memcpy.o)
                0x00408520                memcpy
 .text          0x0040861c       0xd0 /home/user/CodeSourcery/Sourcery_G++_Lite/bin/../lib/gcc/arm-none-eabi/4.3.2/../../../../arm-none-eabi/lib/libc.a(lib_a-memset.o)
                0x0040861c                memset
 *(.gnu.warning)
 *(.glue_7t)
 .glue_7t       0x004086ec        0x0 dtn.co
 .glue_7t       0x004086ec        0x0 obj_OrisenPrime/contiki-prime-main.o
 .glue_7t       0x004086ec        0x0 obj_OrisenPrime/start.o
 .glue_7t       0x004086ec        0x0 contiki-OrisenPrime.a(rimeaddr.o)
 .glue_7t       0x004086ec        0x0 contiki-OrisenPrime.a(rime.o)
 .glue_7t       0x004086ec        0x0 contiki-OrisenPrime.a(rimestats.o)
 .glue_7t       0x004086ec        0x0 contiki-OrisenPrime.a(announcement.o)
 .glue_7t       0x004086ec        0x0 contiki-OrisenPrime.a(broadcast-annou)
 .glue_7t       0x004086ec        0x0 contiki-OrisenPrime.a(broadcast.o)
 .glue_7t       0x004086ec        0x0 contiki-OrisenPrime.a(runicast.o)
 .glue_7t       0x004086ec        0x0 contiki-OrisenPrime.a(abc.o)
 .glue_7t       0x004086ec        0x0 contiki-OrisenPrime.a(chameleon.o)
 .glue_7t       0x004086ec        0x0 contiki-OrisenPrime.a(channel.o)
 .glue_7t       0x004086ec        0x0 contiki-OrisenPrime.a(chameleon-bitop)
 .glue_7t       0x004086ec        0x0 contiki-OrisenPrime.a(nullrdc.o)
 .glue_7t       0x004086ec        0x0 contiki-OrisenPrime.a(mac.o)
 .glue_7t       0x004086ec        0x0 contiki-OrisenPrime.a(framer-802154.o)
 .glue_7t       0x004086ec        0x0 contiki-OrisenPrime.a(csma.o)
 .glue_7t       0x004086ec        0x0 contiki-OrisenPrime.a(process.o)
 .glue_7t       0x004086ec        0x0 contiki-OrisenPrime.a(autostart.o)
 .glue_7t       0x004086ec        0x0 contiki-OrisenPrime.a(serial-line.o)
 .glue_7t       0x004086ec        0x0 contiki-OrisenPrime.a(memb.o)
 .glue_7t       0x004086ec        0x0 contiki-OrisenPrime.a(list.o)
 .glue_7t       0x004086ec        0x0 contiki-OrisenPrime.a(etimer.o)
 .glue_7t       0x004086ec        0x0 contiki-OrisenPrime.a(ctimer.o)
 .glue_7t       0x004086ec        0x0 contiki-OrisenPrime.a(random.o)
 .glue_7t       0x004086ec        0x0 contiki-OrisenPrime.a(ringbuf.o)
 .glue_7t       0x004086ec        0x0 contiki-OrisenPrime.a(packetbuf.o)
 .glue_7t       0x004086ec        0x0 contiki-OrisenPrime.a(queuebuf.o)
 .glue_7t       0x004086ec        0x0 contiki-OrisenPrime.a(clock.o)
 .glue_7t       0x004086ec        0x0 contiki-OrisenPrime.a(button-sensor.o)
 .glue_7t       0x004086ec        0x0 contiki-OrisenPrime.a(button2-sensor.)
 .glue_7t       0x004086ec        0x0 contiki-OrisenPrime.a(sensors.o)
 .glue_7t       0x004086ec        0x0 contiki-OrisenPrime.a(contiki-crm.o)
 .glue_7t       0x004086ec        0x0 contiki-OrisenPrime.a(contiki-maca.o)
 .glue_7t       0x004086ec        0x0 contiki-OrisenPrime.a(contiki-misc.o)
 .glue_7t       0x004086ec        0x0 contiki-OrisenPrime.a(leds.o)
 .glue_7t       0x004086ec        0x0 contiki-OrisenPrime.a(contiki-uart.o)
 .glue_7t       0x004086ec        0x0 contiki-OrisenPrime.a(dbg-printf.o)
 .glue_7t       0x004086ec        0x0 contiki-OrisenPrime.a(strformat.o)
 .glue_7t       0x004086ec        0x0 contiki-OrisenPrime.a(gpio.o)
 .glue_7t       0x004086ec        0x0 contiki-OrisenPrime.a(i2c.o)
 .glue_7t       0x004086ec        0x0 contiki-OrisenPrime.a(maca.o)
 .glue_7t       0x004086ec        0x0 contiki-OrisenPrime.a(nvm.o)
 .glue_7t       0x004086ec        0x0 contiki-OrisenPrime.a(uart1.o)
 .glue_7t       0x004086ec        0x0 contiki-OrisenPrime.a(default_lowleve)
 .glue_7t       0x004086ec        0x0 contiki-OrisenPrime.a(isr.o)
 .glue_7t       0x004086ec        0x0 contiki-OrisenPrime.a(stunicast.o)
 .glue_7t       0x004086ec        0x0 contiki-OrisenPrime.a(frame802154.o)
 .glue_7t       0x004086ec        0x0 contiki-OrisenPrime.a(timer.o)
 .glue_7t       0x004086ec        0x0 contiki-OrisenPrime.a(debug-uart.o)
 .glue_7t       0x004086ec        0x0 contiki-OrisenPrime.a(leds-arch.o)
 .glue_7t       0x004086ec        0x0 contiki-OrisenPrime.a(uart2.o)
 .glue_7t       0x004086ec        0x0 contiki-OrisenPrime.a(unicast.o)
 .glue_7t       0x004086ec        0x0 /home/user/CodeSourcery/Sourcery_G++_Lite/bin/../lib/gcc/arm-none-eabi/4.3.2/libgcc.a(_udivsi3.o)
 .glue_7t       0x004086ec        0x0 /home/user/CodeSourcery/Sourcery_G++_Lite/bin/../lib/gcc/arm-none-eabi/4.3.2/libgcc.a(_divsi3.o)
 .glue_7t       0x004086ec        0x0 /home/user/CodeSourcery/Sourcery_G++_Lite/bin/../lib/gcc/arm-none-eabi/4.3.2/libgcc.a(_dvmd_tls.o)
 .glue_7t       0x004086ec        0x0 /home/user/CodeSourcery/Sourcery_G++_Lite/bin/../lib/gcc/arm-none-eabi/4.3.2/libgcc.a(_arm_addsubdf3.o)
 .glue_7t       0x004086ec        0x0 /home/user/CodeSourcery/Sourcery_G++_Lite/bin/../lib/gcc/arm-none-eabi/4.3.2/libgcc.a(_arm_addsubsf3.o)
 .glue_7t       0x004086ec        0x0 /home/user/CodeSourcery/Sourcery_G++_Lite/bin/../lib/gcc/arm-none-eabi/4.3.2/libgcc.a(_aeabi_uldivmod.o)
 .glue_7t       0x004086ec        0x0 /home/user/CodeSourcery/Sourcery_G++_Lite/bin/../lib/gcc/arm-none-eabi/4.3.2/libgcc.a(bpabi.o)
 .glue_7t       0x004086ec        0x0 /home/user/CodeSourcery/Sourcery_G++_Lite/bin/../lib/gcc/arm-none-eabi/4.3.2/libgcc.a(_divdi3.o)
 .glue_7t       0x004086ec        0x0 /home/user/CodeSourcery/Sourcery_G++_Lite/bin/../lib/gcc/arm-none-eabi/4.3.2/libgcc.a(_udivdi3.o)
 .glue_7t       0x004086ec        0x0 /home/user/CodeSourcery/Sourcery_G++_Lite/bin/../lib/gcc/arm-none-eabi/4.3.2/libgcc.a(_clz.o)
 .glue_7t       0x004086ec        0x0 /home/user/CodeSourcery/Sourcery_G++_Lite/bin/../lib/gcc/arm-none-eabi/4.3.2/../../../../arm-none-eabi/lib/libc.a(lib_a-memcmp.o)
 .glue_7t       0x004086ec        0x0 /home/user/CodeSourcery/Sourcery_G++_Lite/bin/../lib/gcc/arm-none-eabi/4.3.2/../../../../arm-none-eabi/lib/libc.a(lib_a-memcpy.o)
 .glue_7t       0x004086ec        0x0 /home/user/CodeSourcery/Sourcery_G++_Lite/bin/../lib/gcc/arm-none-eabi/4.3.2/../../../../arm-none-eabi/lib/libc.a(lib_a-memset.o)
 .glue_7t       0x004086ec        0x0 /home/user/CodeSourcery/Sourcery_G++_Lite/bin/../lib/gcc/arm-none-eabi/4.3.2/../../../../arm-none-eabi/lib/libc.a(lib_a-strlen.o)
 .glue_7t       0x004086ec        0x0 /home/user/CodeSourcery/Sourcery_G++_Lite/bin/../lib/gcc/arm-none-eabi/4.3.2/../../../../arm-none-eabi/lib/libc.a(lib_a-strncmp.o)
 *(.glue_7)
 .glue_7        0x004086ec        0x0 dtn.co
 .glue_7        0x004086ec        0x0 obj_OrisenPrime/contiki-prime-main.o
 .glue_7        0x004086ec        0x0 obj_OrisenPrime/start.o
 .glue_7        0x004086ec        0x0 contiki-OrisenPrime.a(rimeaddr.o)
 .glue_7        0x004086ec        0x0 contiki-OrisenPrime.a(rime.o)
 .glue_7        0x004086ec        0x0 contiki-OrisenPrime.a(rimestats.o)
 .glue_7        0x004086ec        0x0 contiki-OrisenPrime.a(announcement.o)
 .glue_7        0x004086ec        0x0 contiki-OrisenPrime.a(broadcast-annou)
 .glue_7        0x004086ec        0x0 contiki-OrisenPrime.a(broadcast.o)
 .glue_7        0x004086ec        0x0 contiki-OrisenPrime.a(runicast.o)
 .glue_7        0x004086ec        0x0 contiki-OrisenPrime.a(abc.o)
 .glue_7        0x004086ec        0x0 contiki-OrisenPrime.a(chameleon.o)
 .glue_7        0x004086ec        0x0 contiki-OrisenPrime.a(channel.o)
 .glue_7        0x004086ec        0x0 contiki-OrisenPrime.a(chameleon-bitop)
 .glue_7        0x004086ec        0x0 contiki-OrisenPrime.a(nullrdc.o)
 .glue_7        0x004086ec        0x0 contiki-OrisenPrime.a(mac.o)
 .glue_7        0x004086ec        0x0 contiki-OrisenPrime.a(framer-802154.o)
 .glue_7        0x004086ec        0x0 contiki-OrisenPrime.a(csma.o)
 .glue_7        0x004086ec        0x0 contiki-OrisenPrime.a(process.o)
 .glue_7        0x004086ec        0x0 contiki-OrisenPrime.a(autostart.o)
 .glue_7        0x004086ec        0x0 contiki-OrisenPrime.a(serial-line.o)
 .glue_7        0x004086ec        0x0 contiki-OrisenPrime.a(memb.o)
 .glue_7        0x004086ec        0x0 contiki-OrisenPrime.a(list.o)
 .glue_7        0x004086ec        0x0 contiki-OrisenPrime.a(etimer.o)
 .glue_7        0x004086ec        0x0 contiki-OrisenPrime.a(ctimer.o)
 .glue_7        0x004086ec        0x0 contiki-OrisenPrime.a(random.o)
 .glue_7        0x004086ec        0x0 contiki-OrisenPrime.a(ringbuf.o)
 .glue_7        0x004086ec        0x0 contiki-OrisenPrime.a(packetbuf.o)
 .glue_7        0x004086ec        0x0 contiki-OrisenPrime.a(queuebuf.o)
 .glue_7        0x004086ec        0x0 contiki-OrisenPrime.a(clock.o)
 .glue_7        0x004086ec        0x0 contiki-OrisenPrime.a(button-sensor.o)
 .glue_7        0x004086ec        0x0 contiki-OrisenPrime.a(button2-sensor.)
 .glue_7        0x004086ec        0x0 contiki-OrisenPrime.a(sensors.o)
 .glue_7        0x004086ec        0x0 contiki-OrisenPrime.a(contiki-crm.o)
 .glue_7        0x004086ec        0x0 contiki-OrisenPrime.a(contiki-maca.o)
 .glue_7        0x004086ec        0x0 contiki-OrisenPrime.a(contiki-misc.o)
 .glue_7        0x004086ec        0x0 contiki-OrisenPrime.a(leds.o)
 .glue_7        0x004086ec        0x0 contiki-OrisenPrime.a(contiki-uart.o)
 .glue_7        0x004086ec        0x0 contiki-OrisenPrime.a(dbg-printf.o)
 .glue_7        0x004086ec        0x0 contiki-OrisenPrime.a(strformat.o)
 .glue_7        0x004086ec        0x0 contiki-OrisenPrime.a(gpio.o)
 .glue_7        0x004086ec        0x0 contiki-OrisenPrime.a(i2c.o)
 .glue_7        0x004086ec        0x0 contiki-OrisenPrime.a(maca.o)
 .glue_7        0x004086ec        0x0 contiki-OrisenPrime.a(nvm.o)
 .glue_7        0x004086ec        0x0 contiki-OrisenPrime.a(uart1.o)
 .glue_7        0x004086ec        0x0 contiki-OrisenPrime.a(default_lowleve)
 .glue_7        0x004086ec        0x0 contiki-OrisenPrime.a(isr.o)
 .glue_7        0x004086ec        0x0 contiki-OrisenPrime.a(stunicast.o)
 .glue_7        0x004086ec        0x0 contiki-OrisenPrime.a(frame802154.o)
 .glue_7        0x004086ec        0x0 contiki-OrisenPrime.a(timer.o)
 .glue_7        0x004086ec        0x0 contiki-OrisenPrime.a(debug-uart.o)
 .glue_7        0x004086ec        0x0 contiki-OrisenPrime.a(leds-arch.o)
 .glue_7        0x004086ec        0x0 contiki-OrisenPrime.a(uart2.o)
 .glue_7        0x004086ec        0x0 contiki-OrisenPrime.a(unicast.o)
 .glue_7        0x004086ec        0x0 /home/user/CodeSourcery/Sourcery_G++_Lite/bin/../lib/gcc/arm-none-eabi/4.3.2/libgcc.a(_udivsi3.o)
 .glue_7        0x004086ec        0x0 /home/user/CodeSourcery/Sourcery_G++_Lite/bin/../lib/gcc/arm-none-eabi/4.3.2/libgcc.a(_divsi3.o)
 .glue_7        0x004086ec        0x0 /home/user/CodeSourcery/Sourcery_G++_Lite/bin/../lib/gcc/arm-none-eabi/4.3.2/libgcc.a(_dvmd_tls.o)
 .glue_7        0x004086ec        0x0 /home/user/CodeSourcery/Sourcery_G++_Lite/bin/../lib/gcc/arm-none-eabi/4.3.2/libgcc.a(_arm_addsubdf3.o)
 .glue_7        0x004086ec        0x0 /home/user/CodeSourcery/Sourcery_G++_Lite/bin/../lib/gcc/arm-none-eabi/4.3.2/libgcc.a(_arm_addsubsf3.o)
 .glue_7        0x004086ec        0x0 /home/user/CodeSourcery/Sourcery_G++_Lite/bin/../lib/gcc/arm-none-eabi/4.3.2/libgcc.a(_aeabi_uldivmod.o)
 .glue_7        0x004086ec        0x0 /home/user/CodeSourcery/Sourcery_G++_Lite/bin/../lib/gcc/arm-none-eabi/4.3.2/libgcc.a(bpabi.o)
 .glue_7        0x004086ec        0x0 /home/user/CodeSourcery/Sourcery_G++_Lite/bin/../lib/gcc/arm-none-eabi/4.3.2/libgcc.a(_divdi3.o)
 .glue_7        0x004086ec        0x0 /home/user/CodeSourcery/Sourcery_G++_Lite/bin/../lib/gcc/arm-none-eabi/4.3.2/libgcc.a(_udivdi3.o)
 .glue_7        0x004086ec        0x0 /home/user/CodeSourcery/Sourcery_G++_Lite/bin/../lib/gcc/arm-none-eabi/4.3.2/libgcc.a(_clz.o)
 .glue_7        0x004086ec        0x0 /home/user/CodeSourcery/Sourcery_G++_Lite/bin/../lib/gcc/arm-none-eabi/4.3.2/../../../../arm-none-eabi/lib/libc.a(lib_a-memcmp.o)
 .glue_7        0x004086ec        0x0 /home/user/CodeSourcery/Sourcery_G++_Lite/bin/../lib/gcc/arm-none-eabi/4.3.2/../../../../arm-none-eabi/lib/libc.a(lib_a-memcpy.o)
 .glue_7        0x004086ec        0x0 /home/user/CodeSourcery/Sourcery_G++_Lite/bin/../lib/gcc/arm-none-eabi/4.3.2/../../../../arm-none-eabi/lib/libc.a(lib_a-memset.o)
 .glue_7        0x004086ec        0x0 /home/user/CodeSourcery/Sourcery_G++_Lite/bin/../lib/gcc/arm-none-eabi/4.3.2/../../../../arm-none-eabi/lib/libc.a(lib_a-strlen.o)
 .glue_7        0x004086ec        0x0 /home/user/CodeSourcery/Sourcery_G++_Lite/bin/../lib/gcc/arm-none-eabi/4.3.2/../../../../arm-none-eabi/lib/libc.a(lib_a-strncmp.o)
 *(.vfp11_veneer)
 .vfp11_veneer  0x004086ec        0x0 dtn.co
 .vfp11_veneer  0x004086ec        0x0 obj_OrisenPrime/contiki-prime-main.o
 .vfp11_veneer  0x004086ec        0x0 obj_OrisenPrime/start.o
 .vfp11_veneer  0x004086ec        0x0 contiki-OrisenPrime.a(rimeaddr.o)
 .vfp11_veneer  0x004086ec        0x0 contiki-OrisenPrime.a(rime.o)
 .vfp11_veneer  0x004086ec        0x0 contiki-OrisenPrime.a(rimestats.o)
 .vfp11_veneer  0x004086ec        0x0 contiki-OrisenPrime.a(announcement.o)
 .vfp11_veneer  0x004086ec        0x0 contiki-OrisenPrime.a(broadcast-annou)
 .vfp11_veneer  0x004086ec        0x0 contiki-OrisenPrime.a(broadcast.o)
 .vfp11_veneer  0x004086ec        0x0 contiki-OrisenPrime.a(runicast.o)
 .vfp11_veneer  0x004086ec        0x0 contiki-OrisenPrime.a(abc.o)
 .vfp11_veneer  0x004086ec        0x0 contiki-OrisenPrime.a(chameleon.o)
 .vfp11_veneer  0x004086ec        0x0 contiki-OrisenPrime.a(channel.o)
 .vfp11_veneer  0x004086ec        0x0 contiki-OrisenPrime.a(chameleon-bitop)
 .vfp11_veneer  0x004086ec        0x0 contiki-OrisenPrime.a(nullrdc.o)
 .vfp11_veneer  0x004086ec        0x0 contiki-OrisenPrime.a(mac.o)
 .vfp11_veneer  0x004086ec        0x0 contiki-OrisenPrime.a(framer-802154.o)
 .vfp11_veneer  0x004086ec        0x0 contiki-OrisenPrime.a(csma.o)
 .vfp11_veneer  0x004086ec        0x0 contiki-OrisenPrime.a(process.o)
 .vfp11_veneer  0x004086ec        0x0 contiki-OrisenPrime.a(autostart.o)
 .vfp11_veneer  0x004086ec        0x0 contiki-OrisenPrime.a(serial-line.o)
 .vfp11_veneer  0x004086ec        0x0 contiki-OrisenPrime.a(memb.o)
 .vfp11_veneer  0x004086ec        0x0 contiki-OrisenPrime.a(list.o)
 .vfp11_veneer  0x004086ec        0x0 contiki-OrisenPrime.a(etimer.o)
 .vfp11_veneer  0x004086ec        0x0 contiki-OrisenPrime.a(ctimer.o)
 .vfp11_veneer  0x004086ec        0x0 contiki-OrisenPrime.a(random.o)
 .vfp11_veneer  0x004086ec        0x0 contiki-OrisenPrime.a(ringbuf.o)
 .vfp11_veneer  0x004086ec        0x0 contiki-OrisenPrime.a(packetbuf.o)
 .vfp11_veneer  0x004086ec        0x0 contiki-OrisenPrime.a(queuebuf.o)
 .vfp11_veneer  0x004086ec        0x0 contiki-OrisenPrime.a(clock.o)
 .vfp11_veneer  0x004086ec        0x0 contiki-OrisenPrime.a(button-sensor.o)
 .vfp11_veneer  0x004086ec        0x0 contiki-OrisenPrime.a(button2-sensor.)
 .vfp11_veneer  0x004086ec        0x0 contiki-OrisenPrime.a(sensors.o)
 .vfp11_veneer  0x004086ec        0x0 contiki-OrisenPrime.a(contiki-crm.o)
 .vfp11_veneer  0x004086ec        0x0 contiki-OrisenPrime.a(contiki-maca.o)
 .vfp11_veneer  0x004086ec        0x0 contiki-OrisenPrime.a(contiki-misc.o)
 .vfp11_veneer  0x004086ec        0x0 contiki-OrisenPrime.a(leds.o)
 .vfp11_veneer  0x004086ec        0x0 contiki-OrisenPrime.a(contiki-uart.o)
 .vfp11_veneer  0x004086ec        0x0 contiki-OrisenPrime.a(dbg-printf.o)
 .vfp11_veneer  0x004086ec        0x0 contiki-OrisenPrime.a(strformat.o)
 .vfp11_veneer  0x004086ec        0x0 contiki-OrisenPrime.a(gpio.o)
 .vfp11_veneer  0x004086ec        0x0 contiki-OrisenPrime.a(i2c.o)
 .vfp11_veneer  0x004086ec        0x0 contiki-OrisenPrime.a(maca.o)
 .vfp11_veneer  0x004086ec        0x0 contiki-OrisenPrime.a(nvm.o)
 .vfp11_veneer  0x004086ec        0x0 contiki-OrisenPrime.a(uart1.o)
 .vfp11_veneer  0x004086ec        0x0 contiki-OrisenPrime.a(default_lowleve)
 .vfp11_veneer  0x004086ec        0x0 contiki-OrisenPrime.a(isr.o)
 .vfp11_veneer  0x004086ec        0x0 contiki-OrisenPrime.a(stunicast.o)
 .vfp11_veneer  0x004086ec        0x0 contiki-OrisenPrime.a(frame802154.o)
 .vfp11_veneer  0x004086ec        0x0 contiki-OrisenPrime.a(timer.o)
 .vfp11_veneer  0x004086ec        0x0 contiki-OrisenPrime.a(debug-uart.o)
 .vfp11_veneer  0x004086ec        0x0 contiki-OrisenPrime.a(leds-arch.o)
 .vfp11_veneer  0x004086ec        0x0 contiki-OrisenPrime.a(uart2.o)
 .vfp11_veneer  0x004086ec        0x0 contiki-OrisenPrime.a(unicast.o)
 .vfp11_veneer  0x004086ec        0x0 /home/user/CodeSourcery/Sourcery_G++_Lite/bin/../lib/gcc/arm-none-eabi/4.3.2/libgcc.a(_udivsi3.o)
 .vfp11_veneer  0x004086ec        0x0 /home/user/CodeSourcery/Sourcery_G++_Lite/bin/../lib/gcc/arm-none-eabi/4.3.2/libgcc.a(_divsi3.o)
 .vfp11_veneer  0x004086ec        0x0 /home/user/CodeSourcery/Sourcery_G++_Lite/bin/../lib/gcc/arm-none-eabi/4.3.2/libgcc.a(_dvmd_tls.o)
 .vfp11_veneer  0x004086ec        0x0 /home/user/CodeSourcery/Sourcery_G++_Lite/bin/../lib/gcc/arm-none-eabi/4.3.2/libgcc.a(_arm_addsubdf3.o)
 .vfp11_veneer  0x004086ec        0x0 /home/user/CodeSourcery/Sourcery_G++_Lite/bin/../lib/gcc/arm-none-eabi/4.3.2/libgcc.a(_arm_addsubsf3.o)
 .vfp11_veneer  0x004086ec        0x0 /home/user/CodeSourcery/Sourcery_G++_Lite/bin/../lib/gcc/arm-none-eabi/4.3.2/libgcc.a(_aeabi_uldivmod.o)
 .vfp11_veneer  0x004086ec        0x0 /home/user/CodeSourcery/Sourcery_G++_Lite/bin/../lib/gcc/arm-none-eabi/4.3.2/libgcc.a(bpabi.o)
 .vfp11_veneer  0x004086ec        0x0 /home/user/CodeSourcery/Sourcery_G++_Lite/bin/../lib/gcc/arm-none-eabi/4.3.2/libgcc.a(_divdi3.o)
 .vfp11_veneer  0x004086ec        0x0 /home/user/CodeSourcery/Sourcery_G++_Lite/bin/../lib/gcc/arm-none-eabi/4.3.2/libgcc.a(_udivdi3.o)
 .vfp11_veneer  0x004086ec        0x0 /home/user/CodeSourcery/Sourcery_G++_Lite/bin/../lib/gcc/arm-none-eabi/4.3.2/libgcc.a(_clz.o)
 .vfp11_veneer  0x004086ec        0x0 /home/user/CodeSourcery/Sourcery_G++_Lite/bin/../lib/gcc/arm-none-eabi/4.3.2/../../../../arm-none-eabi/lib/libc.a(lib_a-memcmp.o)
 .vfp11_veneer  0x004086ec        0x0 /home/user/CodeSourcery/Sourcery_G++_Lite/bin/../lib/gcc/arm-none-eabi/4.3.2/../../../../arm-none-eabi/lib/libc.a(lib_a-memcpy.o)
 .vfp11_veneer  0x004086ec        0x0 /home/user/CodeSourcery/Sourcery_G++_Lite/bin/../lib/gcc/arm-none-eabi/4.3.2/../../../../arm-none-eabi/lib/libc.a(lib_a-memset.o)
 .vfp11_veneer  0x004086ec        0x0 /home/user/CodeSourcery/Sourcery_G++_Lite/bin/../lib/gcc/arm-none-eabi/4.3.2/../../../../arm-none-eabi/lib/libc.a(lib_a-strlen.o)
 .vfp11_veneer  0x004086ec        0x0 /home/user/CodeSourcery/Sourcery_G++_Lite/bin/../lib/gcc/arm-none-eabi/4.3.2/../../../../arm-none-eabi/lib/libc.a(lib_a-strncmp.o)
 *(.v4_bx)
 .v4_bx         0x004086ec        0x0 dtn.co
 .v4_bx         0x004086ec        0x0 obj_OrisenPrime/contiki-prime-main.o
 .v4_bx         0x004086ec        0x0 obj_OrisenPrime/start.o
 .v4_bx         0x004086ec        0x0 contiki-OrisenPrime.a(rimeaddr.o)
 .v4_bx         0x004086ec        0x0 contiki-OrisenPrime.a(rime.o)
 .v4_bx         0x004086ec        0x0 contiki-OrisenPrime.a(rimestats.o)
 .v4_bx         0x004086ec        0x0 contiki-OrisenPrime.a(announcement.o)
 .v4_bx         0x004086ec        0x0 contiki-OrisenPrime.a(broadcast-annou)
 .v4_bx         0x004086ec        0x0 contiki-OrisenPrime.a(broadcast.o)
 .v4_bx         0x004086ec        0x0 contiki-OrisenPrime.a(runicast.o)
 .v4_bx         0x004086ec        0x0 contiki-OrisenPrime.a(abc.o)
 .v4_bx         0x004086ec        0x0 contiki-OrisenPrime.a(chameleon.o)
 .v4_bx         0x004086ec        0x0 contiki-OrisenPrime.a(channel.o)
 .v4_bx         0x004086ec        0x0 contiki-OrisenPrime.a(chameleon-bitop)
 .v4_bx         0x004086ec        0x0 contiki-OrisenPrime.a(nullrdc.o)
 .v4_bx         0x004086ec        0x0 contiki-OrisenPrime.a(mac.o)
 .v4_bx         0x004086ec        0x0 contiki-OrisenPrime.a(framer-802154.o)
 .v4_bx         0x004086ec        0x0 contiki-OrisenPrime.a(csma.o)
 .v4_bx         0x004086ec        0x0 contiki-OrisenPrime.a(process.o)
 .v4_bx         0x004086ec        0x0 contiki-OrisenPrime.a(autostart.o)
 .v4_bx         0x004086ec        0x0 contiki-OrisenPrime.a(serial-line.o)
 .v4_bx         0x004086ec        0x0 contiki-OrisenPrime.a(memb.o)
 .v4_bx         0x004086ec        0x0 contiki-OrisenPrime.a(list.o)
 .v4_bx         0x004086ec        0x0 contiki-OrisenPrime.a(etimer.o)
 .v4_bx         0x004086ec        0x0 contiki-OrisenPrime.a(ctimer.o)
 .v4_bx         0x004086ec        0x0 contiki-OrisenPrime.a(random.o)
 .v4_bx         0x004086ec        0x0 contiki-OrisenPrime.a(ringbuf.o)
 .v4_bx         0x004086ec        0x0 contiki-OrisenPrime.a(packetbuf.o)
 .v4_bx         0x004086ec        0x0 contiki-OrisenPrime.a(queuebuf.o)
 .v4_bx         0x004086ec        0x0 contiki-OrisenPrime.a(clock.o)
 .v4_bx         0x004086ec        0x0 contiki-OrisenPrime.a(button-sensor.o)
 .v4_bx         0x004086ec        0x0 contiki-OrisenPrime.a(button2-sensor.)
 .v4_bx         0x004086ec        0x0 contiki-OrisenPrime.a(sensors.o)
 .v4_bx         0x004086ec        0x0 contiki-OrisenPrime.a(contiki-crm.o)
 .v4_bx         0x004086ec        0x0 contiki-OrisenPrime.a(contiki-maca.o)
 .v4_bx         0x004086ec        0x0 contiki-OrisenPrime.a(contiki-misc.o)
 .v4_bx         0x004086ec        0x0 contiki-OrisenPrime.a(leds.o)
 .v4_bx         0x004086ec        0x0 contiki-OrisenPrime.a(contiki-uart.o)
 .v4_bx         0x004086ec        0x0 contiki-OrisenPrime.a(dbg-printf.o)
 .v4_bx         0x004086ec        0x0 contiki-OrisenPrime.a(strformat.o)
 .v4_bx         0x004086ec        0x0 contiki-OrisenPrime.a(gpio.o)
 .v4_bx         0x004086ec        0x0 contiki-OrisenPrime.a(i2c.o)
 .v4_bx         0x004086ec        0x0 contiki-OrisenPrime.a(maca.o)
 .v4_bx         0x004086ec        0x0 contiki-OrisenPrime.a(nvm.o)
 .v4_bx         0x004086ec        0x0 contiki-OrisenPrime.a(uart1.o)
 .v4_bx         0x004086ec        0x0 contiki-OrisenPrime.a(default_lowleve)
 .v4_bx         0x004086ec        0x0 contiki-OrisenPrime.a(isr.o)
 .v4_bx         0x004086ec        0x0 contiki-OrisenPrime.a(stunicast.o)
 .v4_bx         0x004086ec        0x0 contiki-OrisenPrime.a(frame802154.o)
 .v4_bx         0x004086ec        0x0 contiki-OrisenPrime.a(timer.o)
 .v4_bx         0x004086ec        0x0 contiki-OrisenPrime.a(debug-uart.o)
 .v4_bx         0x004086ec        0x0 contiki-OrisenPrime.a(leds-arch.o)
 .v4_bx         0x004086ec        0x0 contiki-OrisenPrime.a(uart2.o)
 .v4_bx         0x004086ec        0x0 contiki-OrisenPrime.a(unicast.o)
 .v4_bx         0x004086ec        0x0 /home/user/CodeSourcery/Sourcery_G++_Lite/bin/../lib/gcc/arm-none-eabi/4.3.2/libgcc.a(_udivsi3.o)
 .v4_bx         0x004086ec        0x0 /home/user/CodeSourcery/Sourcery_G++_Lite/bin/../lib/gcc/arm-none-eabi/4.3.2/libgcc.a(_divsi3.o)
 .v4_bx         0x004086ec        0x0 /home/user/CodeSourcery/Sourcery_G++_Lite/bin/../lib/gcc/arm-none-eabi/4.3.2/libgcc.a(_dvmd_tls.o)
 .v4_bx         0x004086ec        0x0 /home/user/CodeSourcery/Sourcery_G++_Lite/bin/../lib/gcc/arm-none-eabi/4.3.2/libgcc.a(_arm_addsubdf3.o)
 .v4_bx         0x004086ec        0x0 /home/user/CodeSourcery/Sourcery_G++_Lite/bin/../lib/gcc/arm-none-eabi/4.3.2/libgcc.a(_arm_addsubsf3.o)
 .v4_bx         0x004086ec        0x0 /home/user/CodeSourcery/Sourcery_G++_Lite/bin/../lib/gcc/arm-none-eabi/4.3.2/libgcc.a(_aeabi_uldivmod.o)
 .v4_bx         0x004086ec        0x0 /home/user/CodeSourcery/Sourcery_G++_Lite/bin/../lib/gcc/arm-none-eabi/4.3.2/libgcc.a(bpabi.o)
 .v4_bx         0x004086ec        0x0 /home/user/CodeSourcery/Sourcery_G++_Lite/bin/../lib/gcc/arm-none-eabi/4.3.2/libgcc.a(_divdi3.o)
 .v4_bx         0x004086ec        0x0 /home/user/CodeSourcery/Sourcery_G++_Lite/bin/../lib/gcc/arm-none-eabi/4.3.2/libgcc.a(_udivdi3.o)
 .v4_bx         0x004086ec        0x0 /home/user/CodeSourcery/Sourcery_G++_Lite/bin/../lib/gcc/arm-none-eabi/4.3.2/libgcc.a(_clz.o)
 .v4_bx         0x004086ec        0x0 /home/user/CodeSourcery/Sourcery_G++_Lite/bin/../lib/gcc/arm-none-eabi/4.3.2/../../../../arm-none-eabi/lib/libc.a(lib_a-memcmp.o)
 .v4_bx         0x004086ec        0x0 /home/user/CodeSourcery/Sourcery_G++_Lite/bin/../lib/gcc/arm-none-eabi/4.3.2/../../../../arm-none-eabi/lib/libc.a(lib_a-memcpy.o)
 .v4_bx         0x004086ec        0x0 /home/user/CodeSourcery/Sourcery_G++_Lite/bin/../lib/gcc/arm-none-eabi/4.3.2/../../../../arm-none-eabi/lib/libc.a(lib_a-memset.o)
 .v4_bx         0x004086ec        0x0 /home/user/CodeSourcery/Sourcery_G++_Lite/bin/../lib/gcc/arm-none-eabi/4.3.2/../../../../arm-none-eabi/lib/libc.a(lib_a-strlen.o)
 .v4_bx         0x004086ec        0x0 /home/user/CodeSourcery/Sourcery_G++_Lite/bin/../lib/gcc/arm-none-eabi/4.3.2/../../../../arm-none-eabi/lib/libc.a(lib_a-strncmp.o)

.janus_2cc_veneer
                0x004086ec        0x0
 .janus_2cc_veneer
                0x004086ec        0x0 dtn.co
 .janus_2cc_veneer
                0x004086ec        0x0 obj_OrisenPrime/contiki-prime-main.o
 .janus_2cc_veneer
                0x004086ec        0x0 obj_OrisenPrime/start.o
 .janus_2cc_veneer
                0x004086ec        0x0 contiki-OrisenPrime.a(rimeaddr.o)
 .janus_2cc_veneer
                0x004086ec        0x0 contiki-OrisenPrime.a(rime.o)
 .janus_2cc_veneer
                0x004086ec        0x0 contiki-OrisenPrime.a(rimestats.o)
 .janus_2cc_veneer
                0x004086ec        0x0 contiki-OrisenPrime.a(announcement.o)
 .janus_2cc_veneer
                0x004086ec        0x0 contiki-OrisenPrime.a(broadcast-annou)
 .janus_2cc_veneer
                0x004086ec        0x0 contiki-OrisenPrime.a(broadcast.o)
 .janus_2cc_veneer
                0x004086ec        0x0 contiki-OrisenPrime.a(runicast.o)
 .janus_2cc_veneer
                0x004086ec        0x0 contiki-OrisenPrime.a(abc.o)
 .janus_2cc_veneer
                0x004086ec        0x0 contiki-OrisenPrime.a(chameleon.o)
 .janus_2cc_veneer
                0x004086ec        0x0 contiki-OrisenPrime.a(channel.o)
 .janus_2cc_veneer
                0x004086ec        0x0 contiki-OrisenPrime.a(chameleon-bitop)
 .janus_2cc_veneer
                0x004086ec        0x0 contiki-OrisenPrime.a(nullrdc.o)
 .janus_2cc_veneer
                0x004086ec        0x0 contiki-OrisenPrime.a(mac.o)
 .janus_2cc_veneer
                0x004086ec        0x0 contiki-OrisenPrime.a(framer-802154.o)
 .janus_2cc_veneer
                0x004086ec        0x0 contiki-OrisenPrime.a(csma.o)
 .janus_2cc_veneer
                0x004086ec        0x0 contiki-OrisenPrime.a(process.o)
 .janus_2cc_veneer
                0x004086ec        0x0 contiki-OrisenPrime.a(autostart.o)
 .janus_2cc_veneer
                0x004086ec        0x0 contiki-OrisenPrime.a(serial-line.o)
 .janus_2cc_veneer
                0x004086ec        0x0 contiki-OrisenPrime.a(memb.o)
 .janus_2cc_veneer
                0x004086ec        0x0 contiki-OrisenPrime.a(list.o)
 .janus_2cc_veneer
                0x004086ec        0x0 contiki-OrisenPrime.a(etimer.o)
 .janus_2cc_veneer
                0x004086ec        0x0 contiki-OrisenPrime.a(ctimer.o)
 .janus_2cc_veneer
                0x004086ec        0x0 contiki-OrisenPrime.a(random.o)
 .janus_2cc_veneer
                0x004086ec        0x0 contiki-OrisenPrime.a(ringbuf.o)
 .janus_2cc_veneer
                0x004086ec        0x0 contiki-OrisenPrime.a(packetbuf.o)
 .janus_2cc_veneer
                0x004086ec        0x0 contiki-OrisenPrime.a(queuebuf.o)
 .janus_2cc_veneer
                0x004086ec        0x0 contiki-OrisenPrime.a(clock.o)
 .janus_2cc_veneer
                0x004086ec        0x0 contiki-OrisenPrime.a(button-sensor.o)
 .janus_2cc_veneer
                0x004086ec        0x0 contiki-OrisenPrime.a(button2-sensor.)
 .janus_2cc_veneer
                0x004086ec        0x0 contiki-OrisenPrime.a(sensors.o)
 .janus_2cc_veneer
                0x004086ec        0x0 contiki-OrisenPrime.a(contiki-crm.o)
 .janus_2cc_veneer
                0x004086ec        0x0 contiki-OrisenPrime.a(contiki-maca.o)
 .janus_2cc_veneer
                0x004086ec        0x0 contiki-OrisenPrime.a(contiki-misc.o)
 .janus_2cc_veneer
                0x004086ec        0x0 contiki-OrisenPrime.a(leds.o)
 .janus_2cc_veneer
                0x004086ec        0x0 contiki-OrisenPrime.a(contiki-uart.o)
 .janus_2cc_veneer
                0x004086ec        0x0 contiki-OrisenPrime.a(dbg-printf.o)
 .janus_2cc_veneer
                0x004086ec        0x0 contiki-OrisenPrime.a(strformat.o)
 .janus_2cc_veneer
                0x004086ec        0x0 contiki-OrisenPrime.a(gpio.o)
 .janus_2cc_veneer
                0x004086ec        0x0 contiki-OrisenPrime.a(i2c.o)
 .janus_2cc_veneer
                0x004086ec        0x0 contiki-OrisenPrime.a(maca.o)
 .janus_2cc_veneer
                0x004086ec        0x0 contiki-OrisenPrime.a(nvm.o)
 .janus_2cc_veneer
                0x004086ec        0x0 contiki-OrisenPrime.a(uart1.o)
 .janus_2cc_veneer
                0x004086ec        0x0 contiki-OrisenPrime.a(default_lowleve)
 .janus_2cc_veneer
                0x004086ec        0x0 contiki-OrisenPrime.a(isr.o)
 .janus_2cc_veneer
                0x004086ec        0x0 contiki-OrisenPrime.a(stunicast.o)
 .janus_2cc_veneer
                0x004086ec        0x0 contiki-OrisenPrime.a(frame802154.o)
 .janus_2cc_veneer
                0x004086ec        0x0 contiki-OrisenPrime.a(timer.o)
 .janus_2cc_veneer
                0x004086ec        0x0 contiki-OrisenPrime.a(debug-uart.o)
 .janus_2cc_veneer
                0x004086ec        0x0 contiki-OrisenPrime.a(leds-arch.o)
 .janus_2cc_veneer
                0x004086ec        0x0 contiki-OrisenPrime.a(uart2.o)
 .janus_2cc_veneer
                0x004086ec        0x0 contiki-OrisenPrime.a(unicast.o)
 .janus_2cc_veneer
                0x004086ec        0x0 /home/user/CodeSourcery/Sourcery_G++_Lite/bin/../lib/gcc/arm-none-eabi/4.3.2/libgcc.a(_udivsi3.o)
 .janus_2cc_veneer
                0x004086ec        0x0 /home/user/CodeSourcery/Sourcery_G++_Lite/bin/../lib/gcc/arm-none-eabi/4.3.2/libgcc.a(_divsi3.o)
 .janus_2cc_veneer
                0x004086ec        0x0 /home/user/CodeSourcery/Sourcery_G++_Lite/bin/../lib/gcc/arm-none-eabi/4.3.2/libgcc.a(_dvmd_tls.o)
 .janus_2cc_veneer
                0x004086ec        0x0 /home/user/CodeSourcery/Sourcery_G++_Lite/bin/../lib/gcc/arm-none-eabi/4.3.2/libgcc.a(_arm_addsubdf3.o)
 .janus_2cc_veneer
                0x004086ec        0x0 /home/user/CodeSourcery/Sourcery_G++_Lite/bin/../lib/gcc/arm-none-eabi/4.3.2/libgcc.a(_arm_addsubsf3.o)
 .janus_2cc_veneer
                0x004086ec        0x0 /home/user/CodeSourcery/Sourcery_G++_Lite/bin/../lib/gcc/arm-none-eabi/4.3.2/libgcc.a(_aeabi_uldivmod.o)
 .janus_2cc_veneer
                0x004086ec        0x0 /home/user/CodeSourcery/Sourcery_G++_Lite/bin/../lib/gcc/arm-none-eabi/4.3.2/libgcc.a(bpabi.o)
 .janus_2cc_veneer
                0x004086ec        0x0 /home/user/CodeSourcery/Sourcery_G++_Lite/bin/../lib/gcc/arm-none-eabi/4.3.2/libgcc.a(_divdi3.o)
 .janus_2cc_veneer
                0x004086ec        0x0 /home/user/CodeSourcery/Sourcery_G++_Lite/bin/../lib/gcc/arm-none-eabi/4.3.2/libgcc.a(_udivdi3.o)
 .janus_2cc_veneer
                0x004086ec        0x0 /home/user/CodeSourcery/Sourcery_G++_Lite/bin/../lib/gcc/arm-none-eabi/4.3.2/libgcc.a(_clz.o)
 .janus_2cc_veneer
                0x004086ec        0x0 /home/user/CodeSourcery/Sourcery_G++_Lite/bin/../lib/gcc/arm-none-eabi/4.3.2/../../../../arm-none-eabi/lib/libc.a(lib_a-memcmp.o)
 .janus_2cc_veneer
                0x004086ec        0x0 /home/user/CodeSourcery/Sourcery_G++_Lite/bin/../lib/gcc/arm-none-eabi/4.3.2/../../../../arm-none-eabi/lib/libc.a(lib_a-memcpy.o)
 .janus_2cc_veneer
                0x004086ec        0x0 /home/user/CodeSourcery/Sourcery_G++_Lite/bin/../lib/gcc/arm-none-eabi/4.3.2/../../../../arm-none-eabi/lib/libc.a(lib_a-memset.o)
 .janus_2cc_veneer
                0x004086ec        0x0 /home/user/CodeSourcery/Sourcery_G++_Lite/bin/../lib/gcc/arm-none-eabi/4.3.2/../../../../arm-none-eabi/lib/libc.a(lib_a-strlen.o)
 .janus_2cc_veneer
                0x004086ec        0x0 /home/user/CodeSourcery/Sourcery_G++_Lite/bin/../lib/gcc/arm-none-eabi/4.3.2/../../../../arm-none-eabi/lib/libc.a(lib_a-strncmp.o)

.interp
 *(.interp)

.note.gnu.build-id
 *(.note.gnu.build-id)

.hash
 *(.hash)

.gnu.hash
 *(.gnu.hash)

.dynsym
 *(.dynsym)

.dynstr
 *(.dynstr)

.gnu.version
 *(.gnu.version)

.gnu.version_d
 *(.gnu.version_d)

.gnu.version_r
 *(.gnu.version_r)

.rel.dyn
 *(.rel.init)
 *(.rel.text .rel.text.* .rel.gnu.linkonce.t.*)
 *(.rel.fini)
 *(.rel.rodata .rel.rodata.* .rel.gnu.linkonce.r.*)
 *(.rel.data.rel.ro* .rel.gnu.linkonce.d.rel.ro.*)
 *(.rel.data .rel.data.* .rel.gnu.linkonce.d.*)
 *(.rel.tdata .rel.tdata.* .rel.gnu.linkonce.td.*)
 *(.rel.tbss .rel.tbss.* .rel.gnu.linkonce.tb.*)
 *(.rel.ctors)
 *(.rel.dtors)
 *(.rel.got)
 *(.rel.bss .rel.bss.* .rel.gnu.linkonce.b.*)

.rela.dyn
 *(.rela.init)
 *(.rela.text .rela.text.* .rela.gnu.linkonce.t.*)
 *(.rela.fini)
 *(.rela.rodata .rela.rodata.* .rela.gnu.linkonce.r.*)
 *(.rela.data .rela.data.* .rela.gnu.linkonce.d.*)
 *(.rela.tdata .rela.tdata.* .rela.gnu.linkonce.td.*)
 *(.rela.tbss .rela.tbss.* .rela.gnu.linkonce.tb.*)
 *(.rela.ctors)
 *(.rela.dtors)
 *(.rela.got)
 *(.rela.bss .rela.bss.* .rela.gnu.linkonce.b.*)

.rel.plt
 *(.rel.plt)

.rela.plt
 *(.rela.plt)

.init
 *(.init)

.plt
 *(.plt)

.fini
 *(.fini)
                0x004086ec                PROVIDE (__etext, .)
                0x004086ec                PROVIDE (_etext, .)
                0x004086ec                PROVIDE (etext, .)

.rodata         0x004086ec      0xaa6
 *(.rodata .rodata.* .gnu.linkonce.r.*)
 .rodata.autostart_processes
                0x004086ec        0xc dtn.co
                0x004086ec                autostart_processes
 .rodata.str1.1
                0x004086f8      0x362 dtn.co
 *fill*         0x00408a5a        0x2 00
 .rodata.runicast_callbacks
                0x00408a5c        0xc dtn.co
 .rodata.broadcast_call
                0x00408a68        0x8 dtn.co
 .rodata.str1.1
                0x00408a70       0xed obj_OrisenPrime/contiki-prime-main.o
                                 0xf0 (size before relaxing)
 .rodata.addr_ff
                0x00408b5d        0x2 obj_OrisenPrime/contiki-prime-main.o
                0x00408b5d                addr_ff
 .rodata.rimeaddr_null
                0x00408b5f        0x2 contiki-OrisenPrime.a(rimeaddr.o)
                0x00408b5f                rimeaddr_null
 .rodata.str1.1
                0x00408b61        0x5 contiki-OrisenPrime.a(rime.o)
 *fill*         0x00408b66        0x2 00
 .rodata.rime_driver
                0x00408b68        0xc contiki-OrisenPrime.a(rime.o)
                0x00408b68                rime_driver
 .rodata.broadcast_callbacks
                0x00408b74        0x8 contiki-OrisenPrime.a(broadcast-annou)
 .rodata.attributes
                0x00408b7c        0x4 contiki-OrisenPrime.a(broadcast.o)
 .rodata.broadcast
                0x00408b80        0x8 contiki-OrisenPrime.a(broadcast.o)
 .rodata.attributes
                0x00408b88        0xa contiki-OrisenPrime.a(runicast.o)
 *fill*         0x00408b92        0x2 00
 .rodata.runicast
                0x00408b94        0x8 contiki-OrisenPrime.a(runicast.o)
 .rodata.attributes
                0x00408b9c        0x2 contiki-OrisenPrime.a(abc.o)
 *fill*         0x00408b9e        0x2 00
 .rodata.chameleon_bitopt
                0x00408ba0        0xc contiki-OrisenPrime.a(chameleon-bitop)
                0x00408ba0                chameleon_bitopt
 .rodata.bitmask
                0x00408bac        0x9 contiki-OrisenPrime.a(chameleon-bitop)
 .rodata.str1.1
                0x00408bb5        0x8 contiki-OrisenPrime.a(nullrdc.o)
 *fill*         0x00408bbd        0x3 00
 .rodata.nullrdc_driver
                0x00408bc0       0x20 contiki-OrisenPrime.a(nullrdc.o)
                0x00408bc0                nullrdc_driver
 .rodata.framer_802154
                0x00408be0        0x8 contiki-OrisenPrime.a(framer-802154.o)
                0x00408be0                framer_802154
 .rodata.str1.1
                0x00408be8        0x5 contiki-OrisenPrime.a(csma.o)
 *fill*         0x00408bed        0x3 00
 .rodata.csma_driver
                0x00408bf0       0x1c contiki-OrisenPrime.a(csma.o)
                0x00408bf0                csma_driver
 .rodata.str1.1
                0x00408c0c        0xe contiki-OrisenPrime.a(serial-line.o)
 .rodata.str1.1
                0x00408c1a        0xc contiki-OrisenPrime.a(etimer.o)
 .rodata.str1.1
                0x00408c26        0xf contiki-OrisenPrime.a(ctimer.o)
 *fill*         0x00408c35        0x3 00
 .rodata.packetbuf
                0x00408c38        0x4 contiki-OrisenPrime.a(packetbuf.o)
 .rodata.str1.1
                0x00408c3c        0x7 contiki-OrisenPrime.a(button-sensor.o)
 *fill*         0x00408c43        0x1 00
 .rodata.button_sensor
                0x00408c44       0x10 contiki-OrisenPrime.a(button-sensor.o)
                0x00408c44                button_sensor
 .rodata.button2_sensor
                0x00408c54       0x10 contiki-OrisenPrime.a(button2-sensor.)
                0x00408c54                button2_sensor
 .rodata.str1.1
                0x00408c64        0x8 contiki-OrisenPrime.a(button2-sensor.)
 .rodata.str1.1
                0x00408c6c        0x8 contiki-OrisenPrime.a(sensors.o)
 .rodata.str1.1
                0x00408c74        0xd contiki-OrisenPrime.a(contiki-maca.o)
 *fill*         0x00408c81        0x3 00
 .rodata.contiki_maca_driver
                0x00408c84       0x28 contiki-OrisenPrime.a(contiki-maca.o)
                0x00408c84                contiki_maca_driver
 .rodata.buffer.1350
                0x00408cac       0x10 contiki-OrisenPrime.a(strformat.o)
 .rodata.str1.1
                0x00408cbc       0x35 contiki-OrisenPrime.a(strformat.o)
                                 0x37 (size before relaxing)
 .rodata.buffer.1364
                0x00408cf1       0x10 contiki-OrisenPrime.a(strformat.o)
 .rodata.str1.1
                0x00408d01       0x41 contiki-OrisenPrime.a(i2c.o)
 *fill*         0x00408d42        0x2 00
 .rodata.decode_status
                0x00408d44       0x3c contiki-OrisenPrime.a(maca.o)
 .rodata.addr_cal5
                0x00408d80       0x10 contiki-OrisenPrime.a(maca.o)
                0x00408d80                addr_cal5
 .rodata.PSMVAL
                0x00408d90       0x4c contiki-OrisenPrime.a(maca.o)
                0x00408d90                PSMVAL
 .rodata.addr_seq2
                0x00408ddc        0x8 contiki-OrisenPrime.a(maca.o)
                0x00408ddc                addr_seq2
 .rodata.AIMVAL
                0x00408de4       0x4c contiki-OrisenPrime.a(maca.o)
                0x00408de4                AIMVAL
 .rodata.addr_seq1
                0x00408e30        0x8 contiki-OrisenPrime.a(maca.o)
                0x00408e30                addr_seq1
 .rodata.PAVAL  0x00408e38       0x4c contiki-OrisenPrime.a(maca.o)
                0x00408e38                PAVAL
 .rodata.addr_cal3_seq1
                0x00408e84        0xc contiki-OrisenPrime.a(maca.o)
                0x00408e84                addr_cal3_seq1
 .rodata.addr_cal3_seq3
                0x00408e90        0x4 contiki-OrisenPrime.a(maca.o)
                0x00408e90                addr_cal3_seq3
 .rodata.data_reg_rep
                0x00408e94       0xac contiki-OrisenPrime.a(maca.o)
                0x00408e94                data_reg_rep
 .rodata.VCODivF
                0x00408f40       0x40 contiki-OrisenPrime.a(maca.o)
                0x00408f40                VCODivF
 .rodata.addr_cal3_seq2
                0x00408f80        0x8 contiki-OrisenPrime.a(maca.o)
                0x00408f80                addr_cal3_seq2
 .rodata.VCODivI
                0x00408f88       0x10 contiki-OrisenPrime.a(maca.o)
                0x00408f88                VCODivI
 .rodata.data_seq1
                0x00408f98        0x8 contiki-OrisenPrime.a(maca.o)
                0x00408f98                data_seq1
 .rodata.data_seq2
                0x00408fa0        0x8 contiki-OrisenPrime.a(maca.o)
                0x00408fa0                data_seq2
 .rodata.data_cal5
                0x00408fa8       0x10 contiki-OrisenPrime.a(maca.o)
                0x00408fa8                data_cal5
 .rodata.data_cal3_seq1
                0x00408fb8        0xc contiki-OrisenPrime.a(maca.o)
                0x00408fb8                data_cal3_seq1
 .rodata.addr_reg_rep
                0x00408fc4       0xac contiki-OrisenPrime.a(maca.o)
                0x00408fc4                addr_reg_rep
 .rodata.data_cal3_seq2
                0x00409070        0x8 contiki-OrisenPrime.a(maca.o)
                0x00409070                data_cal3_seq2
 .rodata.data_cal3_seq3
                0x00409078        0x4 contiki-OrisenPrime.a(maca.o)
                0x00409078                data_cal3_seq3
 .rodata.stunicast
                0x0040907c        0x8 contiki-OrisenPrime.a(stunicast.o)
 .rodata.uc     0x00409084        0x8 contiki-OrisenPrime.a(unicast.o)
 .rodata.attributes
                0x0040908c        0x6 contiki-OrisenPrime.a(unicast.o)
 .rodata        0x00409092      0x100 /home/user/CodeSourcery/Sourcery_G++_Lite/bin/../lib/gcc/arm-none-eabi/4.3.2/libgcc.a(_clz.o)
                0x00409092                __clz_tab
