Archive member included because of file (symbol)

contiki-OrisenPrime.a(rimeaddr.o)
                              dtn.co (rimeaddr_copy)
contiki-OrisenPrime.a(rime.o)
                              obj_OrisenPrime/contiki-prime-main.o (rime_driver)
contiki-OrisenPrime.a(rimestats.o)
                              contiki-OrisenPrime.a(rime.o) (rimestats)
contiki-OrisenPrime.a(announcement.o)
                              contiki-OrisenPrime.a(rime.o) (announcement_init)
contiki-OrisenPrime.a(broadcast-annou)
                              contiki-OrisenPrime.a(rime.o) (broadcast_announcement_init)
contiki-OrisenPrime.a(broadcast.o)
                              dtn.co (broadcast_send)
contiki-OrisenPrime.a(runicast.o)
                              dtn.co (runicast_is_transmitting)
contiki-OrisenPrime.a(abc.o)  contiki-OrisenPrime.a(rime.o) (abc_input)
contiki-OrisenPrime.a(chameleon.o)
                              contiki-OrisenPrime.a(rime.o) (chameleon_parse)
contiki-OrisenPrime.a(channel.o)
                              contiki-OrisenPrime.a(abc.o) (channel_close)
contiki-OrisenPrime.a(chameleon-bitop)
                              contiki-OrisenPrime.a(chameleon.o) (chameleon_bitopt)
contiki-OrisenPrime.a(nullrdc.o)
                              obj_OrisenPrime/contiki-prime-main.o (nullrdc_driver)
contiki-OrisenPrime.a(mac.o)  contiki-OrisenPrime.a(nullrdc.o) (mac_call_sent_callback)
contiki-OrisenPrime.a(framer-802154.o)
                              contiki-OrisenPrime.a(nullrdc.o) (framer_802154)
contiki-OrisenPrime.a(csma.o)
                              obj_OrisenPrime/contiki-prime-main.o (csma_driver)
contiki-OrisenPrime.a(process.o)
                              obj_OrisenPrime/contiki-prime-main.o (process_init)
contiki-OrisenPrime.a(autostart.o)
                              obj_OrisenPrime/contiki-prime-main.o (autostart_start)
contiki-OrisenPrime.a(serial-line.o)
                              obj_OrisenPrime/contiki-prime-main.o (serial_line_init)
contiki-OrisenPrime.a(memb.o)
                              dtn.co (memb_alloc)
contiki-OrisenPrime.a(list.o)
                              contiki-OrisenPrime.a(announcement.o) (list_init)
contiki-OrisenPrime.a(etimer.o)
                              dtn.co (etimer_expired)
contiki-OrisenPrime.a(ctimer.o)
                              contiki-OrisenPrime.a(broadcast-annou) (ctimer_stop)
contiki-OrisenPrime.a(random.o)
                              dtn.co (random_rand)
contiki-OrisenPrime.a(ringbuf.o)
                              contiki-OrisenPrime.a(serial-line.o) (ringbuf_init)
contiki-OrisenPrime.a(packetbuf.o)
                              contiki-OrisenPrime.a(chameleon-bitop) (packetbuf_hdrreduce)
contiki-OrisenPrime.a(queuebuf.o)
                              contiki-OrisenPrime.a(runicast.o) (queuebuf_to_packetbuf)
contiki-OrisenPrime.a(clock.o)
                              obj_OrisenPrime/contiki-prime-main.o (clock_init)
contiki-OrisenPrime.a(button-sensor.o)
                              dtn.co (button_sensor)
contiki-OrisenPrime.a(button2-sensor.)
                              dtn.co (button2_sensor)
contiki-OrisenPrime.a(sensors.o)
                              contiki-OrisenPrime.a(button-sensor.o) (sensors_changed)
contiki-OrisenPrime.a(contiki-crm.o)
                              obj_OrisenPrime/contiki-prime-main.o (cal_ring_osc)
contiki-OrisenPrime.a(contiki-maca.o)
                              contiki-OrisenPrime.a(nullrdc.o) (contiki_maca_driver)
contiki-OrisenPrime.a(contiki-misc.o)
                              contiki-OrisenPrime.a(random.o) (srand)
contiki-OrisenPrime.a(leds.o)
                              obj_OrisenPrime/contiki-prime-main.o (leds_init)
contiki-OrisenPrime.a(contiki-uart.o)
                              obj_OrisenPrime/contiki-prime-main.o (uart1_set_input)
contiki-OrisenPrime.a(dbg-printf.o)
                              dtn.co (printf)
contiki-OrisenPrime.a(strformat.o)
                              contiki-OrisenPrime.a(dbg-printf.o) (format_str_v)
contiki-OrisenPrime.a(gpio.o)
                              contiki-OrisenPrime.a(button-sensor.o) (gpio_data_get)
contiki-OrisenPrime.a(i2c.o)  obj_OrisenPrime/contiki-prime-main.o (i2c_enable)
contiki-OrisenPrime.a(maca.o)
                              contiki-OrisenPrime.a(contiki-maca.o) (free_packet)
contiki-OrisenPrime.a(nvm.o)  obj_OrisenPrime/contiki-prime-main.o (nvm_detect)
contiki-OrisenPrime.a(uart1.o)
                              obj_OrisenPrime/contiki-prime-main.o (uart1_getc)
contiki-OrisenPrime.a(default_lowleve)
                              obj_OrisenPrime/contiki-prime-main.o (default_vreg_init)
contiki-OrisenPrime.a(isr.o)  obj_OrisenPrime/start.o (irq)
contiki-OrisenPrime.a(stunicast.o)
                              contiki-OrisenPrime.a(runicast.o) (stunicast_receiver)
contiki-OrisenPrime.a(frame802154.o)
                              contiki-OrisenPrime.a(framer-802154.o) (frame802154_parse)
contiki-OrisenPrime.a(timer.o)
[...]
Memory Configuration

Name             Origin             Length             Attributes
ram              0x00400000         0x00018000         xrw
*default*        0x00000000         0xffffffff

Linker script and memory map

LOAD dtn.co
LOAD obj_OrisenPrime/contiki-prime-main.o
LOAD obj_OrisenPrime/start.o
LOAD contiki-OrisenPrime.a
LOAD contiki-OrisenPrime.a
START GROUP
LOAD /home/user/CodeSourcery/Sourcery_G++_Lite/bin/../lib/gcc/arm-none-eabi/4.3.2/libgcc.a
LOAD /home/user/CodeSourcery/Sourcery_G++_Lite/bin/../lib/gcc/arm-none-eabi/4.3.2/../../../../arm-none-eabi/lib/libc.a
END GROUP
                0x00000400                SYS_STACK_SIZE = 0x400
                0x00000100                IRQ_STACK_SIZE = 0x100
                0x00000100                FIQ_STACK_SIZE = 0x100
                0x00000100                SVC_STACK_SIZE = 0x100
                0x00000010                ABT_STACK_SIZE = 0x10
                0x00000010                UND_STACK_SIZE = 0x10
                0x00001000                HEAP_SIZE = 0x1000
                0x00400000                PROVIDE (__executable_start, 0x400000)
                0x00400000                . = 0x400000

.text           0x00400000     0x7f2c
 *(.start)
 .start         0x00400000      0x8b4 obj_OrisenPrime/start.o
                0x00400890                _bss_start
                0x00400894                _bss_end
                0x00400000                _start
 *(.irq)
 .irq           0x004008b4      0x214 contiki-OrisenPrime.a(isr.o)
                0x004008b4                irq
 *(.text .stub .text.* .gnu.linkonce.t.*)
 .text.convert_time
                0x00400ac8       0x20 dtn.co
                0x00400ad0                .real_start_ofconvert_time
                0x00400ac8                convert_time
 .text.timedout_runicast
                0x00400ae8       0x24 dtn.co
 .text.sent_runicast
                0x00400b0c       0x24 dtn.co
 .text.recv_runicast
                0x00400b30      0x124 dtn.co
 .text.process_thread_simulate_neighbor
                0x00400c54      0x1e8 dtn.co
 .text.process_thread_broadcast_process
                0x00400e3c      0x170 dtn.co
 .text.broadcast_recv
                0x00400fac      0x160 dtn.co
 .text.tmr1_init
                0x0040110c       0x58 obj_OrisenPrime/contiki-prime-main.o
                0x0040110c                tmr1_init
                0x00401114                .real_start_oftmr1_init
 .text.io_bus_init
                0x00401164       0x68 obj_OrisenPrime/contiki-prime-main.o
                0x00401164                io_bus_init
                0x0040116c                .real_start_ofio_bus_init
 .text.sd_card_switch_init
                0x004011cc       0x44 obj_OrisenPrime/contiki-prime-main.o
                0x004011cc                sd_card_switch_init
                0x004011d4                .real_start_ofsd_card_switch_init
 .text.port1_enable_init
                0x00401210       0x2c obj_OrisenPrime/contiki-prime-main.o
                0x00401210                port1_enable_init
                0x00401218                .real_start_ofport1_enable_init
 .text.port2_enable_init
                0x0040123c       0x2c obj_OrisenPrime/contiki-prime-main.o
                0x0040123c                port2_enable_init
                0x00401244                .real_start_ofport2_enable_init
 .text.port1_io_init
                0x00401268       0x8c obj_OrisenPrime/contiki-prime-main.o
                0x00401268                port1_io_init
                0x00401270                .real_start_ofport1_io_init
 .text.port2_io_init
                0x004012f4       0xa0 obj_OrisenPrime/contiki-prime-main.o
                0x004012f4                port2_io_init
                0x004012fc                .real_start_ofport2_io_init
 .text.gyro_data_enable_init
                0x00401394       0x2c obj_OrisenPrime/contiki-prime-main.o
                0x0040139c                .real_start_ofgyro_data_enable_init
                0x00401394                gyro_data_enable_init
 .text.kbi4_init
                0x004013c0       0x64 obj_OrisenPrime/contiki-prime-main.o
                0x004013c8                .real_start_ofkbi4_init
                0x004013c0                kbi4_init
 .text.kbi5_init
                0x00401424       0x64 obj_OrisenPrime/contiki-prime-main.o
                0x00401424                kbi5_init
                0x0040142c                .real_start_ofkbi5_init
 .text.kbi6_init
                0x00401488       0x64 obj_OrisenPrime/contiki-prime-main.o
                0x00401488                kbi6_init
                0x00401490                .real_start_ofkbi6_init
 .text.kbi7_init
                0x004014ec       0x64 obj_OrisenPrime/contiki-prime-main.o
                0x004014ec                kbi7_init
                0x004014f4                .real_start_ofkbi7_init
 .text.tmr1_isr
                0x00401550       0x48 obj_OrisenPrime/contiki-prime-main.o
                0x00401550                tmr1_isr
                0x00401558                .real_start_oftmr1_isr
 .text.kbi4_isr
                0x00401598       0x24 obj_OrisenPrime/contiki-prime-main.o
                0x00401598                kbi4_isr
                0x004015a0                .real_start_ofkbi4_isr
 .text.kbi5_isr
                0x004015bc       0x24 obj_OrisenPrime/contiki-prime-main.o
                0x004015bc                kbi5_isr
                0x004015c4                .real_start_ofkbi5_isr
 .text.print_welcome
                0x004015e0       0x40 obj_OrisenPrime/contiki-prime-main.o
                0x004015e0                print_welcome
                0x004015e8                .real_start_ofprint_welcome
 .text.set_rimeaddr
                0x00401620      0x104 obj_OrisenPrime/contiki-prime-main.o
                0x00401620                set_rimeaddr
                0x00401628                .real_start_ofset_rimeaddr
 .text.prime_init
                0x00401724      0x144 obj_OrisenPrime/contiki-prime-main.o
                0x0040172c                .real_start_ofprime_init
                0x00401724                prime_init
 .text.init_lowlevel
                0x00401868       0x60 obj_OrisenPrime/contiki-prime-main.o
                0x00401868                init_lowlevel
                0x00401870                .real_start_ofinit_lowlevel
 .text.main     0x004018c8      0x1cc obj_OrisenPrime/contiki-prime-main.o
                0x004018d0                .real_start_ofmain
                0x004018c8                main
 .text.rimeaddr_copy
                0x00401a94       0x14 contiki-OrisenPrime.a(rimeaddr.o)
                0x00401a94                rimeaddr_copy
                0x00401a9c                .real_start_ofrimeaddr_copy
 .text.rimeaddr_cmp
                0x00401aa8       0x2c contiki-OrisenPrime.a(rimeaddr.o)
                0x00401ab0                .real_start_ofrimeaddr_cmp
                0x00401aa8                rimeaddr_cmp
 .text.rimeaddr_set_node_addr
                0x00401ad4       0x28 contiki-OrisenPrime.a(rimeaddr.o)
                0x00401ad4                rimeaddr_set_node_addr
                0x00401adc                .real_start_ofrimeaddr_set_node_addr
 .text.input    0x00401afc       0x60 contiki-OrisenPrime.a(rime.o)
 .text.init     0x00401b5c       0x50 contiki-OrisenPrime.a(rime.o)
 .text.rime_output
                0x00401bac       0x50 contiki-OrisenPrime.a(rime.o)
                0x00401bb4                .real_start_ofrime_output
                0x00401bac                rime_output
 .text.packet_sent
                0x00401bfc       0x50 contiki-OrisenPrime.a(rime.o)
 .text.announcement_register_observer_callback
                0x00401c4c       0x14 contiki-OrisenPrime.a(announcement.o)
                0x00401c4c                announcement_register_observer_callback
                0x00401c54                .real_start_ofannouncement_register_observer_callback
 .text.announcement_list
                0x00401c60       0x24 contiki-OrisenPrime.a(announcement.o)
                0x00401c68                .real_start_ofannouncement_list
                0x00401c60                announcement_list
 .text.announcement_heard
                0x00401c84       0x50 contiki-OrisenPrime.a(announcement.o)
                0x00401c84                announcement_heard
                0x00401c8c                .real_start_ofannouncement_heard
 .text.announcement_init
                0x00401cd4       0x24 contiki-OrisenPrime.a(announcement.o)
                0x00401cdc                .real_start_ofannouncement_init
                0x00401cd4                announcement_init
 .text.adv_packet_sent
                0x00401cf8        0x4 contiki-OrisenPrime.a(broadcast-annou)
 .text.broadcast_announcement_init
                0x00401cfc       0x54 contiki-OrisenPrime.a(broadcast-annou)
                0x00401d04                .real_start_ofbroadcast_announcement_init
                0x00401cfc                broadcast_announcement_init
 .text.adv_packet_received
                0x00401d50       0x7c contiki-OrisenPrime.a(broadcast-annou)
 .text.set_timers
                0x00401dcc       0x54 contiki-OrisenPrime.a(broadcast-annou)
 .text.new_announcement
                0x00401e20       0x28 contiki-OrisenPrime.a(broadcast-annou)
 .text.send_timer
                0x00401e48       0x2c contiki-OrisenPrime.a(broadcast-annou)
 .text.send_adv
                0x00401e74       0x8c contiki-OrisenPrime.a(broadcast-annou)
 .text.sent_by_abc
                0x00401f00       0x18 contiki-OrisenPrime.a(broadcast.o)
 .text.broadcast_send
                0x00401f18       0x38 contiki-OrisenPrime.a(broadcast.o)
                0x00401f18                broadcast_send
                0x00401f20                .real_start_ofbroadcast_send
 .text.recv_from_abc
                0x00401f50       0x34 contiki-OrisenPrime.a(broadcast.o)
 .text.broadcast_close
                0x00401f84       0x20 contiki-OrisenPrime.a(broadcast.o)
                0x00401f84                broadcast_close
                0x00401f8c                .real_start_ofbroadcast_close
 .text.broadcast_open
                0x00401fa4       0x40 contiki-OrisenPrime.a(broadcast.o)
                0x00401fa4                broadcast_open
                0x00401fac                .real_start_ofbroadcast_open
 .text.packetbuf_set_attr
                0x00401fe4       0x10 contiki-OrisenPrime.a(runicast.o)
 .text.runicast_is_transmitting
                0x00401ff4       0x10 contiki-OrisenPrime.a(runicast.o)
                0x00401ff4                runicast_is_transmitting
                0x00401ffc                .real_start_ofrunicast_is_transmitting
 .text.runicast_send
                0x00402004       0x8c contiki-OrisenPrime.a(runicast.o)
                0x0040200c                .real_start_ofrunicast_send
                0x00402004                runicast_send
 .text.runicast_open
                0x00402090       0x50 contiki-OrisenPrime.a(runicast.o)
                0x00402098                .real_start_ofrunicast_open
                0x00402090                runicast_open
 .text.sent_by_stunicast
                0x004020e0       0x98 contiki-OrisenPrime.a(runicast.o)
 .text.recv_from_stunicast
                0x00402178      0x104 contiki-OrisenPrime.a(runicast.o)
 .text.abc_input
                0x0040227c       0x1c contiki-OrisenPrime.a(abc.o)
                0x0040227c                abc_input
                0x00402284                .real_start_ofabc_input
 .text.abc_sent
                0x00402298       0x20 contiki-OrisenPrime.a(abc.o)
                0x00402298                abc_sent
                0x004022a0                .real_start_ofabc_sent
 .text.abc_send
                0x004022b8       0x20 contiki-OrisenPrime.a(abc.o)
                0x004022b8                abc_send
                0x004022c0                .real_start_ofabc_send
 .text.abc_close
                0x004022d8       0x20 contiki-OrisenPrime.a(abc.o)
                0x004022e0                .real_start_ofabc_close
                0x004022d8                abc_close
 .text.abc_open
                0x004022f8       0x38 contiki-OrisenPrime.a(abc.o)
                0x004022f8                abc_open
                0x00402300                .real_start_ofabc_open
 .text.packetbuf_set_attr
                0x00402330       0x10 contiki-OrisenPrime.a(chameleon.o)
 .text.chameleon_parse
                0x00402340       0x38 contiki-OrisenPrime.a(chameleon.o)
                0x00402340                chameleon_parse
                0x00402348                .real_start_ofchameleon_parse
 .text.chameleon_create
                0x00402378       0x38 contiki-OrisenPrime.a(chameleon.o)
                0x00402378                chameleon_create
                0x00402380                .real_start_ofchameleon_create
 .text.chameleon_hdrsize
                0x004023b0       0x20 contiki-OrisenPrime.a(chameleon.o)
                0x004023b0                chameleon_hdrsize
                0x004023b8                .real_start_ofchameleon_hdrsize
 .text.chameleon_init
                0x004023d0       0x20 contiki-OrisenPrime.a(chameleon.o)
                0x004023d0                chameleon_init
                0x004023d8                .real_start_ofchameleon_init
 .text.channel_lookup
                0x004023f0       0x38 contiki-OrisenPrime.a(channel.o)
                0x004023f0                channel_lookup
                0x004023f8                .real_start_ofchannel_lookup
 .text.channel_close
                0x00402428       0x28 contiki-OrisenPrime.a(channel.o)
                0x00402430                .real_start_ofchannel_close
                0x00402428                channel_close
 .text.channel_open
                0x00402450       0x2c contiki-OrisenPrime.a(channel.o)
                0x00402450                channel_open
                0x00402458                .real_start_ofchannel_open
 .text.channel_set_attributes
                0x0040247c       0x38 contiki-OrisenPrime.a(channel.o)
                0x0040247c                channel_set_attributes
                0x00402484                .real_start_ofchannel_set_attributes
 .text.channel_init
                0x004024b4       0x24 contiki-OrisenPrime.a(channel.o)
                0x004024bc                .real_start_ofchannel_init
                0x004024b4                channel_init
 .text.get_bits_in_byte
                0x004024d8       0x2c contiki-OrisenPrime.a(chameleon-bitop)
                0x004024d8                get_bits_in_byte
                0x004024e0                .real_start_ofget_bits_in_byte
 .text.get_bits
                0x00402504       0x9c contiki-OrisenPrime.a(chameleon-bitop)
                0x0040250c                .real_start_ofget_bits
                0x00402504                get_bits
 .text.header_size
                0x004025a0       0x18 contiki-OrisenPrime.a(chameleon-bitop)
 .text.set_bits_in_byte
                0x004025b8       0x2c contiki-OrisenPrime.a(chameleon-bitop)
                0x004025c0                .real_start_ofset_bits_in_byte
                0x004025b8                set_bits_in_byte
 .text.set_bits
                0x004025e4       0xa8 contiki-OrisenPrime.a(chameleon-bitop)
                0x004025e4                set_bits
                0x004025ec                .real_start_ofset_bits
 .text.pack_header
                0x0040268c       0xb8 contiki-OrisenPrime.a(chameleon-bitop)
 .text.unpack_header
                0x00402744       0xec contiki-OrisenPrime.a(chameleon-bitop)
 .text.packetbuf_addr
                0x00402830       0x10 contiki-OrisenPrime.a(nullrdc.o)
 .text.on       0x00402840       0x18 contiki-OrisenPrime.a(nullrdc.o)
 .text.off      0x00402858       0x20 contiki-OrisenPrime.a(nullrdc.o)
 .text.channel_check_interval
                0x00402878        0x4 contiki-OrisenPrime.a(nullrdc.o)
 .text.init     0x0040287c       0x18 contiki-OrisenPrime.a(nullrdc.o)
 .text.packet_input
                0x00402894       0x60 contiki-OrisenPrime.a(nullrdc.o)
 .text.send_packet
                0x004028f4       0x90 contiki-OrisenPrime.a(nullrdc.o)
 .text.send_list
                0x00402984       0x30 contiki-OrisenPrime.a(nullrdc.o)
 .text.mac_call_sent_callback
                0x004029b4       0x24 contiki-OrisenPrime.a(mac.o)
                0x004029bc                .real_start_ofmac_call_sent_callback
                0x004029b4                mac_call_sent_callback
 .text.packetbuf_set_attr
                0x004029d8       0x10 contiki-OrisenPrime.a(framer-802154.o)
 .text.packetbuf_addr
                0x004029e8       0x10 contiki-OrisenPrime.a(framer-802154.o)
 .text.packetbuf_set_addr
                0x004029f8       0x28 contiki-OrisenPrime.a(framer-802154.o)
 .text.parse    0x00402a20       0xc8 contiki-OrisenPrime.a(framer-802154.o)
 .text.create   0x00402ae8      0x15c contiki-OrisenPrime.a(framer-802154.o)
 .text.packetbuf_addr
                0x00402c44       0x10 contiki-OrisenPrime.a(csma.o)
 .text.default_timebase
                0x00402c54       0x20 contiki-OrisenPrime.a(csma.o)
 .text.input_packet
                0x00402c74       0x18 contiki-OrisenPrime.a(csma.o)
 .text.on       0x00402c8c       0x18 contiki-OrisenPrime.a(csma.o)
 .text.off      0x00402ca4       0x18 contiki-OrisenPrime.a(csma.o)
 .text.channel_check_interval
                0x00402cbc       0x20 contiki-OrisenPrime.a(csma.o)
 .text.transmit_packet_list
                0x00402cdc       0x38 contiki-OrisenPrime.a(csma.o)
 .text.send_packet
                0x00402d14      0x1cc contiki-OrisenPrime.a(csma.o)
 .text.free_first_packet
                0x00402ee0       0xc4 contiki-OrisenPrime.a(csma.o)
 .text.packet_sent
                0x00402fa4       0xf0 contiki-OrisenPrime.a(csma.o)
 .text.init     0x00403094       0x30 contiki-OrisenPrime.a(csma.o)
 .text.process_alloc_event
                0x004030c4       0x18 contiki-OrisenPrime.a(process.o)
                0x004030cc                .real_start_ofprocess_alloc_event
                0x004030c4                process_alloc_event
 .text.process_init
                0x004030dc       0x40 contiki-OrisenPrime.a(process.o)
                0x004030dc                process_init
                0x004030e4                .real_start_ofprocess_init
 .text.process_post
                0x0040311c       0x68 contiki-OrisenPrime.a(process.o)
                0x0040311c                process_post
                0x00403124                .real_start_ofprocess_post
 .text.process_poll
                0x00403184       0x2c contiki-OrisenPrime.a(process.o)
                0x00403184                process_poll
                0x0040318c                .real_start_ofprocess_poll
 .text.process_is_running
                0x004031b0       0x10 contiki-OrisenPrime.a(process.o)
                0x004031b0                process_is_running
                0x004031b8                .real_start_ofprocess_is_running
 .text.exit_process
                0x004031c0       0xa4 contiki-OrisenPrime.a(process.o)
 .text.call_process
                0x00403264       0x50 contiki-OrisenPrime.a(process.o)
 .text.process_post_synch
                0x004032b4       0x28 contiki-OrisenPrime.a(process.o)
                0x004032bc                .real_start_ofprocess_post_synch
                0x004032b4                process_post_synch
 .text.process_start
                0x004032dc       0x44 contiki-OrisenPrime.a(process.o)
                0x004032e4                .real_start_ofprocess_start
                0x004032dc                process_start
 .text.do_poll  0x00403320       0x44 contiki-OrisenPrime.a(process.o)
 .text.process_run
                0x00403364       0xdc contiki-OrisenPrime.a(process.o)
                0x0040336c                .real_start_ofprocess_run
                0x00403364                process_run
 .text.autostart_start
                0x00403440       0x2c contiki-OrisenPrime.a(autostart.o)
                0x00403448                .real_start_ofautostart_start
                0x00403440                autostart_start
 .text.process_thread_serial_line_process
                0x0040346c       0xb4 contiki-OrisenPrime.a(serial-line.o)
 .text.serial_line_init
                0x00403520       0x40 contiki-OrisenPrime.a(serial-line.o)
                0x00403528                .real_start_ofserial_line_init
                0x00403520                serial_line_init
 .text.serial_line_input_byte
                0x00403560       0x68 contiki-OrisenPrime.a(serial-line.o)
                0x00403568                .real_start_ofserial_line_input_byte
                0x00403560                serial_line_input_byte
 .text.memb_alloc
                0x004035c8       0x38 contiki-OrisenPrime.a(memb.o)
                0x004035d0                .real_start_ofmemb_alloc
                0x004035c8                memb_alloc
 .text.memb_free
                0x00403600       0x40 contiki-OrisenPrime.a(memb.o)
                0x00403600                memb_free
                0x00403608                .real_start_ofmemb_free
 .text.memb_inmemb
                0x00403640       0x34 contiki-OrisenPrime.a(memb.o)
                0x00403648                .real_start_ofmemb_inmemb
                0x00403640                memb_inmemb
 .text.memb_init
                0x00403674       0x34 contiki-OrisenPrime.a(memb.o)
                0x0040367c                .real_start_ofmemb_init
                0x00403674                memb_init
 .text.list_init
                0x004036a8       0x10 contiki-OrisenPrime.a(list.o)
                0x004036b0                .real_start_oflist_init
                0x004036a8                list_init
 .text.list_head
                0x004036b8        0xc contiki-OrisenPrime.a(list.o)
                0x004036b8                list_head
                0x004036c0                .real_start_oflist_head
 .text.list_tail
                0x004036c4       0x20 contiki-OrisenPrime.a(list.o)
                0x004036c4                list_tail
                0x004036cc                .real_start_oflist_tail
 .text.list_pop
                0x004036e4       0x1c contiki-OrisenPrime.a(list.o)
                0x004036ec                .real_start_oflist_pop
                0x004036e4                list_pop
 .text.list_remove
                0x00403700       0x38 contiki-OrisenPrime.a(list.o)
                0x00403708                .real_start_oflist_remove
                0x00403700                list_remove
 .text.list_push
                0x00403738       0x28 contiki-OrisenPrime.a(list.o)
                0x00403738                list_push
                0x00403740                .real_start_oflist_push
 .text.list_add
                0x00403760       0x3c contiki-OrisenPrime.a(list.o)
                0x00403760                list_add
                0x00403768                .real_start_oflist_add
 .text.list_length
                0x0040379c       0x1c contiki-OrisenPrime.a(list.o)
                0x0040379c                list_length
                0x004037a4                .real_start_oflist_length
 .text.list_item_next
                0x004037b8       0x14 contiki-OrisenPrime.a(list.o)
                0x004037b8                list_item_next
                0x004037c0                .real_start_oflist_item_next
 .text.etimer_expired
                0x004037cc       0x10 contiki-OrisenPrime.a(etimer.o)
                0x004037d4                .real_start_ofetimer_expired
                0x004037cc                etimer_expired
 .text.etimer_pending
                0x004037dc       0x18 contiki-OrisenPrime.a(etimer.o)
                0x004037dc                etimer_pending
                0x004037e4                .real_start_ofetimer_pending
 .text.etimer_next_expiration_time
                0x004037f4       0x2c contiki-OrisenPrime.a(etimer.o)
                0x004037f4                etimer_next_expiration_time
                0x004037fc                .real_start_ofetimer_next_expiration_time
 .text.update_time
                0x00403820       0x54 contiki-OrisenPrime.a(etimer.o)
 .text.etimer_stop
                0x00403874       0x4c contiki-OrisenPrime.a(etimer.o)
                0x00403874                etimer_stop
                0x0040387c                .real_start_ofetimer_stop
 .text.etimer_request_poll
                0x004038c0       0x24 contiki-OrisenPrime.a(etimer.o)
                0x004038c8                .real_start_ofetimer_request_poll
                0x004038c0                etimer_request_poll
 .text.process_thread_etimer_process
                0x004038e4       0xc8 contiki-OrisenPrime.a(etimer.o)
 .text.add_timer
                0x004039ac       0x50 contiki-OrisenPrime.a(etimer.o)
 .text.etimer_set
                0x004039fc       0x2c contiki-OrisenPrime.a(etimer.o)
                0x004039fc                etimer_set
                0x00403a04                .real_start_ofetimer_set
 .text.process_thread_ctimer_process
                0x00403a28       0xa8 contiki-OrisenPrime.a(ctimer.o)
 .text.ctimer_stop
                0x00403ad0       0x48 contiki-OrisenPrime.a(ctimer.o)
                0x00403ad8                .real_start_ofctimer_stop
                0x00403ad0                ctimer_stop
 .text.ctimer_set
                0x00403b18       0x74 contiki-OrisenPrime.a(ctimer.o)
                0x00403b18                ctimer_set
                0x00403b20                .real_start_ofctimer_set
 .text.ctimer_init
                0x00403b8c       0x40 contiki-OrisenPrime.a(ctimer.o)
                0x00403b94                .real_start_ofctimer_init
                0x00403b8c                ctimer_init
 .text.random_rand
                0x00403bcc       0x24 contiki-OrisenPrime.a(random.o)
                0x00403bcc                random_rand
                0x00403bd4                .real_start_ofrandom_rand
 .text.ringbuf_init
                0x00403bf0       0x18 contiki-OrisenPrime.a(ringbuf.o)
                0x00403bf0                ringbuf_init
                0x00403bf8                .real_start_ofringbuf_init
 .text.ringbuf_put
                0x00403c08       0x34 contiki-OrisenPrime.a(ringbuf.o)
                0x00403c08                ringbuf_put
                0x00403c10                .real_start_ofringbuf_put
 .text.ringbuf_get
                0x00403c3c       0x30 contiki-OrisenPrime.a(ringbuf.o)
                0x00403c3c                ringbuf_get
                0x00403c44                .real_start_ofringbuf_get
 .text.packetbuf_hdrreduce
                0x00403c6c       0x38 contiki-OrisenPrime.a(packetbuf.o)
                0x00403c74                .real_start_ofpacketbuf_hdrreduce
                0x00403c6c                packetbuf_hdrreduce
 .text.packetbuf_set_datalen
                0x00403ca4       0x14 contiki-OrisenPrime.a(packetbuf.o)
                0x00403ca4                packetbuf_set_datalen
                0x00403cac                .real_start_ofpacketbuf_set_datalen
 .text.packetbuf_dataptr
                0x00403cb8       0x20 contiki-OrisenPrime.a(packetbuf.o)
                0x00403cc0                .real_start_ofpacketbuf_dataptr
                0x00403cb8                packetbuf_dataptr
 .text.packetbuf_hdrptr
                0x00403cd8       0x1c contiki-OrisenPrime.a(packetbuf.o)
                0x00403cd8                packetbuf_hdrptr
                0x00403ce0                .real_start_ofpacketbuf_hdrptr
 .text.packetbuf_is_reference
                0x00403cf4       0x24 contiki-OrisenPrime.a(packetbuf.o)
                0x00403cf4                packetbuf_is_reference
                0x00403cfc                .real_start_ofpacketbuf_is_reference
 .text.packetbuf_reference_ptr
                0x00403d18       0x14 contiki-OrisenPrime.a(packetbuf.o)
                0x00403d18                packetbuf_reference_ptr
                0x00403d20                .real_start_ofpacketbuf_reference_ptr
 .text.packetbuf_datalen
                0x00403d2c       0x14 contiki-OrisenPrime.a(packetbuf.o)
                0x00403d2c                packetbuf_datalen
                0x00403d34                .real_start_ofpacketbuf_datalen
 .text.packetbuf_hdrlen
                0x00403d40       0x1c contiki-OrisenPrime.a(packetbuf.o)
                0x00403d40                packetbuf_hdrlen
                0x00403d48                .real_start_ofpacketbuf_hdrlen
 .text.packetbuf_totlen
                0x00403d5c       0x2c contiki-OrisenPrime.a(packetbuf.o)
                0x00403d5c                packetbuf_totlen
                0x00403d64                .real_start_ofpacketbuf_totlen
 .text.packetbuf_hdralloc
                0x00403d88       0x3c contiki-OrisenPrime.a(packetbuf.o)
                0x00403d90                .real_start_ofpacketbuf_hdralloc
                0x00403d88                packetbuf_hdralloc
 .text.packetbuf_attr_copyfrom
                0x00403dc4       0x3c contiki-OrisenPrime.a(packetbuf.o)
                0x00403dc4                packetbuf_attr_copyfrom
                0x00403dcc                .real_start_ofpacketbuf_attr_copyfrom
 .text.packetbuf_attr_copyto
                0x00403e00       0x38 contiki-OrisenPrime.a(packetbuf.o)
                0x00403e00                packetbuf_attr_copyto
                0x00403e08                .real_start_ofpacketbuf_attr_copyto
 .text.packetbuf_copyto
                0x00403e38       0x74 contiki-OrisenPrime.a(packetbuf.o)
                0x00403e38                packetbuf_copyto
                0x00403e40                .real_start_ofpacketbuf_copyto
 .text.packetbuf_copyto_hdr
                0x00403eac       0x3c contiki-OrisenPrime.a(packetbuf.o)
                0x00403eac                packetbuf_copyto_hdr
                0x00403eb4                .real_start_ofpacketbuf_copyto_hdr
 .text.packetbuf_compact
                0x00403ee8       0x7c contiki-OrisenPrime.a(packetbuf.o)
                0x00403ef0                .real_start_ofpacketbuf_compact
                0x00403ee8                packetbuf_compact
 .text.packetbuf_attr_clear
                0x00403f64       0x5c contiki-OrisenPrime.a(packetbuf.o)
                0x00403f6c                .real_start_ofpacketbuf_attr_clear
                0x00403f64                packetbuf_attr_clear
 .text.packetbuf_clear
                0x00403fc0       0x4c contiki-OrisenPrime.a(packetbuf.o)
                0x00403fc8                .real_start_ofpacketbuf_clear
                0x00403fc0                packetbuf_clear
 .text.packetbuf_copyfrom
                0x0040400c       0x50 contiki-OrisenPrime.a(packetbuf.o)
                0x0040400c                packetbuf_copyfrom
                0x00404014                .real_start_ofpacketbuf_copyfrom
 .text.queuebuf_to_packetbuf
                0x0040405c       0xa0 contiki-OrisenPrime.a(queuebuf.o)
                0x00404064                .real_start_ofqueuebuf_to_packetbuf
                0x0040405c                queuebuf_to_packetbuf
 .text.queuebuf_free
                0x004040fc       0x6c contiki-OrisenPrime.a(queuebuf.o)
                0x004040fc                queuebuf_free
                0x00404104                .real_start_ofqueuebuf_free
 .text.queuebuf_update_attr_from_packetbuf
                0x00404168       0x28 contiki-OrisenPrime.a(queuebuf.o)
                0x00404168                queuebuf_update_attr_from_packetbuf
                0x00404170                .real_start_ofqueuebuf_update_attr_from_packetbuf
 .text.queuebuf_new_from_packetbuf
                0x00404190       0xb0 contiki-OrisenPrime.a(queuebuf.o)
                0x00404190                queuebuf_new_from_packetbuf
                0x00404198                .real_start_ofqueuebuf_new_from_packetbuf
 .text.queuebuf_init
                0x00404240       0x38 contiki-OrisenPrime.a(queuebuf.o)
                0x00404240                queuebuf_init
                0x00404248                .real_start_ofqueuebuf_init
 .text.clock_init
                0x00404278       0x50 contiki-OrisenPrime.a(clock.o)
                0x00404278                clock_init
                0x00404280                .real_start_ofclock_init
 .text.clock_time
                0x004042c8       0x14 contiki-OrisenPrime.a(clock.o)
                0x004042d0                .real_start_ofclock_time
                0x004042c8                clock_time
 .text.tmr0_isr
                0x004042dc       0xa0 contiki-OrisenPrime.a(clock.o)
                0x004042e4                .real_start_oftmr0_isr
                0x004042dc                tmr0_isr
 .text.status   0x0040437c       0x1c contiki-OrisenPrime.a(button-sensor.o)
 .text.configure
                0x00404398       0x5c contiki-OrisenPrime.a(button-sensor.o)
 *fill*         0x004043f4        0x4 00000000
 .text.value    0x004043f8       0x40 contiki-OrisenPrime.a(button-sensor.o)
 .text.kbi7_isr
                0x00404438       0x58 contiki-OrisenPrime.a(button-sensor.o)
                0x00404438                kbi7_isr
                0x00404440                .real_start_ofkbi7_isr
 .text.status   0x00404490       0x1c contiki-OrisenPrime.a(button2-sensor.)
 .text.configure
                0x004044ac       0x5c contiki-OrisenPrime.a(button2-sensor.)
 .text.value    0x00404508       0x40 contiki-OrisenPrime.a(button2-sensor.)
 .text.kbi6_isr
                0x00404548       0x58 contiki-OrisenPrime.a(button2-sensor.)
                0x00404550                .real_start_ofkbi6_isr
                0x00404548                kbi6_isr
 .text.get_sensor_index
                0x004045a0       0x28 contiki-OrisenPrime.a(sensors.o)
 .text.process_thread_sensors_process
                0x004045c8       0xec contiki-OrisenPrime.a(sensors.o)
 .text.sensors_changed
                0x004046b4       0x40 contiki-OrisenPrime.a(sensors.o)
                0x004046bc                .real_start_ofsensors_changed
                0x004046b4                sensors_changed
 .text.cal_ring_osc
                0x004046f4       0x6c contiki-OrisenPrime.a(contiki-crm.o)
                0x004046f4                cal_ring_osc
                0x004046fc                .real_start_ofcal_ring_osc
 .text.packetbuf_set_attr
                0x00404760       0x10 contiki-OrisenPrime.a(contiki-maca.o)
 .text.contiki_maca_init
                0x00404770        0xc contiki-OrisenPrime.a(contiki-maca.o)
                0x00404778                .real_start_ofcontiki_maca_init
                0x00404770                contiki_maca_init
 .text.contiki_maca_channel_clear
                0x0040477c        0xc contiki-OrisenPrime.a(contiki-maca.o)
                0x00404784                .real_start_ofcontiki_maca_channel_clear
                0x0040477c                contiki_maca_channel_clear
 .text.contiki_maca_receiving_packet
                0x00404788        0xc contiki-OrisenPrime.a(contiki-maca.o)
                0x00404788                contiki_maca_receiving_packet
                0x00404790                .real_start_ofcontiki_maca_receiving_packet
 .text.contiki_maca_pending_packet
                0x00404794       0x18 contiki-OrisenPrime.a(contiki-maca.o)
                0x0040479c                .real_start_ofcontiki_maca_pending_packet
                0x00404794                contiki_maca_pending_packet
 .text.contiki_maca_on_request
                0x004047ac       0x20 contiki-OrisenPrime.a(contiki-maca.o)
                0x004047b4                .real_start_ofcontiki_maca_on_request
                0x004047ac                contiki_maca_on_request
 .text.contiki_maca_off_request
                0x004047cc       0x20 contiki-OrisenPrime.a(contiki-maca.o)
                0x004047cc                contiki_maca_off_request
                0x004047d4                .real_start_ofcontiki_maca_off_request
 .text.maca_rx_callback
                0x004047ec       0x24 contiki-OrisenPrime.a(contiki-maca.o)
                0x004047ec                maca_rx_callback
                0x004047f4                .real_start_ofmaca_rx_callback
 .text.contiki_maca_prepare
                0x00404810       0x44 contiki-OrisenPrime.a(contiki-maca.o)
                0x00404818                .real_start_ofcontiki_maca_prepare
                0x00404810                contiki_maca_prepare
 .text.contiki_maca_transmit
                0x00404854       0x58 contiki-OrisenPrime.a(contiki-maca.o)
                0x00404854                contiki_maca_transmit
                0x0040485c                .real_start_ofcontiki_maca_transmit
 .text.contiki_maca_send
                0x004048ac       0x4c contiki-OrisenPrime.a(contiki-maca.o)
                0x004048b4                .real_start_ofcontiki_maca_send
                0x004048ac                contiki_maca_send
 .text.contiki_maca_read
                0x004048f8       0x74 contiki-OrisenPrime.a(contiki-maca.o)
                0x00404900                .real_start_ofcontiki_maca_read
                0x004048f8                contiki_maca_read
 .text.process_thread_contiki_maca_process
                0x0040496c       0xb4 contiki-OrisenPrime.a(contiki-maca.o)
 .text.rand     0x00404a20       0x14 contiki-OrisenPrime.a(contiki-misc.o)
                0x00404a20                rand
                0x00404a28                .real_start_ofrand
 .text.leds_init
                0x00404a34       0x30 contiki-OrisenPrime.a(leds.o)
                0x00404a3c                .real_start_ofleds_init
                0x00404a34                leds_init
 .text.uart1_set_input
                0x00404a64       0x14 contiki-OrisenPrime.a(contiki-uart.o)
                0x00404a6c                .real_start_ofuart1_set_input
                0x00404a64                uart1_set_input
 .text.printf   0x00404a78       0x34 contiki-OrisenPrime.a(dbg-printf.o)
                0x00404a78                printf
                0x00404a80                .real_start_ofprintf
 .text.write_str
                0x00404aac       0x20 contiki-OrisenPrime.a(dbg-printf.o)
 .text.parse_uint
                0x00404acc       0x28 contiki-OrisenPrime.a(strformat.o)
 .text.output_uint_hex
                0x00404af4       0x48 contiki-OrisenPrime.a(strformat.o)
 .text.fill_space
                0x00404b3c       0x40 contiki-OrisenPrime.a(strformat.o)
 .text.format_str_v
                0x00404b7c      0x760 contiki-OrisenPrime.a(strformat.o)
                0x00404b7c                format_str_v
                0x00404b84                .real_start_offormat_str_v
 .text.gpio_data_get
                0x004052dc       0x34 contiki-OrisenPrime.a(gpio.o)
                0x004052dc                gpio_data_get
                0x004052e4                .real_start_ofgpio_data_get
 .text.i2c_enable
                0x00405310       0x64 contiki-OrisenPrime.a(i2c.o)
                0x00405318                .real_start_ofi2c_enable
                0x00405310                i2c_enable
 .text.i2c_isr  0x00405374      0x114 contiki-OrisenPrime.a(i2c.o)
                0x0040537c                .real_start_ofi2c_isr
                0x00405374                i2c_isr
 .text.free_packet
                0x00405488       0x64 contiki-OrisenPrime.a(maca.o)
                0x00405488                free_packet
                0x00405490                .real_start_offree_packet
 .text.get_free_packet
                0x004054ec       0x54 contiki-OrisenPrime.a(maca.o)
                0x004054ec                get_free_packet
                0x004054f4                .real_start_ofget_free_packet
 .text.post_receive
                0x00405540       0xbc contiki-OrisenPrime.a(maca.o)
                0x00405540                post_receive
                0x00405548                .real_start_ofpost_receive
 .text.rx_packet
                0x004055fc       0x54 contiki-OrisenPrime.a(maca.o)
                0x00405604                .real_start_ofrx_packet
                0x004055fc                rx_packet
 .text.post_tx  0x00405650       0xdc contiki-OrisenPrime.a(maca.o)
                0x00405650                post_tx
                0x00405658                .real_start_ofpost_tx
 .text.tx_packet
                0x0040572c       0x98 contiki-OrisenPrime.a(maca.o)
                0x00405734                .real_start_oftx_packet
                0x0040572c                tx_packet
 .text.free_all_packets
                0x004057c4       0x94 contiki-OrisenPrime.a(maca.o)
                0x004057cc                .real_start_offree_all_packets
                0x004057c4                free_all_packets
 .text.free_tx_head
                0x00405858       0x64 contiki-OrisenPrime.a(maca.o)
                0x00405858                free_tx_head
                0x00405860                .real_start_offree_tx_head
 .text.add_to_rx
                0x004058bc       0x70 contiki-OrisenPrime.a(maca.o)
                0x004058c4                .real_start_ofadd_to_rx
                0x004058bc                add_to_rx
 .text.insert_at_rx_head
                0x0040592c       0x70 contiki-OrisenPrime.a(maca.o)
                0x00405934                .real_start_ofinsert_at_rx_head
                0x0040592c                insert_at_rx_head
 .text.init_phy
                0x0040599c       0x68 contiki-OrisenPrime.a(maca.o)
                0x004059a4                .real_start_ofinit_phy
                0x0040599c                init_phy
 .text.reset_maca
                0x00405a04       0x5c contiki-OrisenPrime.a(maca.o)
                0x00405a04                reset_maca
                0x00405a0c                .real_start_ofreset_maca
 .text.flyback_init
                0x00405a60       0x3c contiki-OrisenPrime.a(maca.o)
                0x00405a60                flyback_init
                0x00405a68                .real_start_offlyback_init
 .text.get_ctov
                0x00405a9c       0x24 contiki-OrisenPrime.a(maca.o)
                0x00405aa4                .real_start_ofget_ctov
                0x00405a9c                get_ctov
 .text.set_power
                0x00405ac0       0x78 contiki-OrisenPrime.a(maca.o)
                0x00405ac0                set_power
                0x00405ac8                .real_start_ofset_power
 .text.set_channel
                0x00405b38       0xc8 contiki-OrisenPrime.a(maca.o)
                0x00405b38                set_channel
                0x00405b40                .real_start_ofset_channel
 .text.exec_init_entry
                0x00405c00       0x88 contiki-OrisenPrime.a(maca.o)
                0x00405c00                exec_init_entry
                0x00405c08                .real_start_ofexec_init_entry
 .text.init_from_flash
                0x00405c88       0xe0 contiki-OrisenPrime.a(maca.o)
                0x00405c90                .real_start_ofinit_from_flash
                0x00405c88                init_from_flash
 .text.radio_init
                0x00405d68      0x218 contiki-OrisenPrime.a(maca.o)
                0x00405d70                .real_start_ofradio_init
                0x00405d68                radio_init
 .text.maca_init
                0x00405f80       0xbc contiki-OrisenPrime.a(maca.o)
                0x00405f88                .real_start_ofmaca_init
                0x00405f80                maca_init
 .text.ResumeMACASync
                0x0040603c       0xe0 contiki-OrisenPrime.a(maca.o)
                0x0040603c                ResumeMACASync
                0x00406044                .real_start_ofResumeMACASync
 .text.decode_status
                0x0040611c       0x48 contiki-OrisenPrime.a(maca.o)
                0x0040611c                decode_status
                0x00406124                .real_start_ofdecode_status
 .text.check_maca
                0x00406164       0xc8 contiki-OrisenPrime.a(maca.o)
                0x00406164                check_maca
                0x0040616c                .real_start_ofcheck_maca
 .text.maca_isr
                0x0040622c      0x1dc contiki-OrisenPrime.a(maca.o)
                0x00406234                .real_start_ofmaca_isr
                0x0040622c                maca_isr
 .text.uart1_isr
                0x00406408       0xc8 contiki-OrisenPrime.a(uart1.o)
                0x00406408                uart1_isr
                0x00406410                .real_start_ofuart1_isr
 .text.uart1_putc
                0x004064d0       0xa8 contiki-OrisenPrime.a(uart1.o)
                0x004064d8                .real_start_ofuart1_putc
                0x004064d0                uart1_putc
 .text.uart1_getc
                0x00406578       0x64 contiki-OrisenPrime.a(uart1.o)
                0x00406578                uart1_getc
                0x00406580                .real_start_ofuart1_getc
 .text.default_vreg_init
                0x004065dc       0x4c contiki-OrisenPrime.a(default_lowleve)
                0x004065e4                .real_start_ofdefault_vreg_init
                0x004065dc                default_vreg_init
 .text.uart1_init
                0x00406628       0xdc contiki-OrisenPrime.a(default_lowleve)
                0x00406628                uart1_init
                0x00406630                .real_start_ofuart1_init
 .text.recv_from_uc
                0x00406704       0x18 contiki-OrisenPrime.a(stunicast.o)
 .text.sent_by_uc
                0x0040671c       0x18 contiki-OrisenPrime.a(stunicast.o)
 .text.stunicast_receiver
                0x00406734        0xc contiki-OrisenPrime.a(stunicast.o)
                0x0040673c                .real_start_ofstunicast_receiver
                0x00406734                stunicast_receiver
 .text.stunicast_cancel
                0x00406740       0x38 contiki-OrisenPrime.a(stunicast.o)
                0x00406748                .real_start_ofstunicast_cancel
                0x00406740                stunicast_cancel
 .text.stunicast_send
                0x00406778       0x20 contiki-OrisenPrime.a(stunicast.o)
                0x00406778                stunicast_send
                0x00406780                .real_start_ofstunicast_send
 .text.stunicast_send_stubborn
                0x00406798       0x74 contiki-OrisenPrime.a(stunicast.o)
                0x00406798                stunicast_send_stubborn
                0x004067a0                .real_start_ofstunicast_send_stubborn
 .text.stunicast_set_timer
                0x0040680c       0x28 contiki-OrisenPrime.a(stunicast.o)
                0x00406814                .real_start_ofstunicast_set_timer
                0x0040680c                stunicast_set_timer
 .text.send     0x00406834       0x3c contiki-OrisenPrime.a(stunicast.o)
 .text.stunicast_open
                0x00406870       0x2c contiki-OrisenPrime.a(stunicast.o)
                0x00406870                stunicast_open
                0x00406878                .real_start_ofstunicast_open
 .text.addr_len
                0x0040689c       0x18 contiki-OrisenPrime.a(frame802154.o)
 .text.frame802154_parse
                0x004068b4      0x14c contiki-OrisenPrime.a(frame802154.o)
                0x004068bc                .real_start_offrame802154_parse
                0x004068b4                frame802154_parse
 .text.field_len
                0x00406a00       0x74 contiki-OrisenPrime.a(frame802154.o)
 .text.frame802154_create
                0x00406a74      0x114 contiki-OrisenPrime.a(frame802154.o)
                0x00406a74                frame802154_create
                0x00406a7c                .real_start_offrame802154_create
 .text.frame802154_hdrlen
                0x00406b88       0x40 contiki-OrisenPrime.a(frame802154.o)
                0x00406b88                frame802154_hdrlen
                0x00406b90                .real_start_offrame802154_hdrlen
 .text.timer_expired
                0x00406bc8       0x30 contiki-OrisenPrime.a(timer.o)
                0x00406bc8                timer_expired
                0x00406bd0                .real_start_oftimer_expired
 .text.timer_set
                0x00406bf8       0x24 contiki-OrisenPrime.a(timer.o)
                0x00406c00                .real_start_oftimer_set
                0x00406bf8                timer_set
 .text.dbg_send_bytes
                0x00406c1c       0x3c contiki-OrisenPrime.a(debug-uart.o)
                0x00406c1c                dbg_send_bytes
                0x00406c24                .real_start_ofdbg_send_bytes
 .text.leds_arch_set
                0x00406c58       0x40 contiki-OrisenPrime.a(leds-arch.o)
                0x00406c60                .real_start_ofleds_arch_set
                0x00406c58                leds_arch_set
 .text.leds_arch_init
                0x00406c98       0x54 contiki-OrisenPrime.a(leds-arch.o)
                0x00406c98                leds_arch_init
                0x00406ca0                .real_start_ofleds_arch_init
 .text.uart2_isr
                0x00406cec       0xc8 contiki-OrisenPrime.a(uart2.o)
                0x00406cec                uart2_isr
                0x00406cf4                .real_start_ofuart2_isr
 .text.sent_by_broadcast
                0x00406db4       0x18 contiki-OrisenPrime.a(unicast.o)
 .text.unicast_send
                0x00406dcc       0x34 contiki-OrisenPrime.a(unicast.o)
                0x00406dcc                unicast_send
                0x00406dd4                .real_start_ofunicast_send
 .text.unicast_open
                0x00406e00       0x40 contiki-OrisenPrime.a(unicast.o)
                0x00406e00                unicast_open
                0x00406e08                .real_start_ofunicast_open
 .text.recv_from_broadcast
                0x00406e40       0x38 contiki-OrisenPrime.a(unicast.o)
 .text          0x00406e78      0x114 /home/user/CodeSourcery/Sourcery_G++_Lite/bin/../lib/gcc/arm-none-eabi/4.3.2/libgcc.a(_udivsi3.o)
                0x00406e78                __udivsi3
                0x00406e78                __aeabi_uidiv
                0x00406f6c                __aeabi_uidivmod
 .text          0x00406f8c      0x148 /home/user/CodeSourcery/Sourcery_G++_Lite/bin/../lib/gcc/arm-none-eabi/4.3.2/libgcc.a(_divsi3.o)
                0x00406f8c                __aeabi_idiv
                0x00406f8c                __divsi3
                0x004070b4                __aeabi_idivmod
 .text          0x004070d4        0x4 /home/user/CodeSourcery/Sourcery_G++_Lite/bin/../lib/gcc/arm-none-eabi/4.3.2/libgcc.a(_dvmd_tls.o)
                0x004070d4                __aeabi_ldiv0
                0x004070d4                __aeabi_idiv0
 .text          0x004070d8       0x3c /home/user/CodeSourcery/Sourcery_G++_Lite/bin/../lib/gcc/arm-none-eabi/4.3.2/libgcc.a(_aeabi_uldivmod.o)
                0x004070d8                __aeabi_uldivmod
 .text          0x00407114       0x80 /home/user/CodeSourcery/Sourcery_G++_Lite/bin/../lib/gcc/arm-none-eabi/4.3.2/libgcc.a(bpabi.o)
                0x00407114                __gnu_uldivmod_helper
                0x00407154                __gnu_ldivmod_helper
 .text          0x00407194      0x56c /home/user/CodeSourcery/Sourcery_G++_Lite/bin/../lib/gcc/arm-none-eabi/4.3.2/libgcc.a(_divdi3.o)
                0x00407194                __divdi3
 .text          0x00407700      0x4fc /home/user/CodeSourcery/Sourcery_G++_Lite/bin/../lib/gcc/arm-none-eabi/4.3.2/libgcc.a(_udivdi3.o)
                0x00407700                __udivdi3
 .text          0x00407bfc       0xac /home/user/CodeSourcery/Sourcery_G++_Lite/bin/../lib/gcc/arm-none-eabi/4.3.2/../../../../arm-none-eabi/lib/libc.a(lib_a-memcmp.o)
                0x00407bfc                memcmp
 .text          0x00407ca8       0xfc /home/user/CodeSourcery/Sourcery_G++_Lite/bin/../lib/gcc/arm-none-eabi/4.3.2/../../../../arm-none-eabi/lib/libc.a(lib_a-memcpy.o)
                0x00407ca8                memcpy
 .text          0x00407da4       0xd0 /home/user/CodeSourcery/Sourcery_G++_Lite/bin/../lib/gcc/arm-none-eabi/4.3.2/../../../../arm-none-eabi/lib/libc.a(lib_a-memset.o)
                0x00407da4                memset
 .text          0x00407e74       0xb8 /home/user/CodeSourcery/Sourcery_G++_Lite/bin/../lib/gcc/arm-none-eabi/4.3.2/../../../../arm-none-eabi/lib/libc.a(lib_a-strcpy.o)
                0x00407e74                strcpy
 *(.gnu.warning)
 *(.glue_7t)
 .glue_7t       0x00407f2c        0x0 dtn.co
 .glue_7t       0x00407f2c        0x0 obj_OrisenPrime/contiki-prime-main.o
 .glue_7t       0x00407f2c        0x0 obj_OrisenPrime/start.o
 .glue_7t       0x00407f2c        0x0 contiki-OrisenPrime.a(rimeaddr.o)
 .glue_7t       0x00407f2c        0x0 contiki-OrisenPrime.a(rime.o)
 .glue_7t       0x00407f2c        0x0 contiki-OrisenPrime.a(rimestats.o)
 .glue_7t       0x00407f2c        0x0 contiki-OrisenPrime.a(announcement.o)
 .glue_7t       0x00407f2c        0x0 contiki-OrisenPrime.a(broadcast-annou)
 .glue_7t       0x00407f2c        0x0 contiki-OrisenPrime.a(broadcast.o)
 .glue_7t       0x00407f2c        0x0 contiki-OrisenPrime.a(runicast.o)
 .glue_7t       0x00407f2c        0x0 contiki-OrisenPrime.a(abc.o)
 .glue_7t       0x00407f2c        0x0 contiki-OrisenPrime.a(chameleon.o)
 .glue_7t       0x00407f2c        0x0 contiki-OrisenPrime.a(channel.o)
 .glue_7t       0x00407f2c        0x0 contiki-OrisenPrime.a(chameleon-bitop)
 .glue_7t       0x00407f2c        0x0 contiki-OrisenPrime.a(nullrdc.o)
 .glue_7t       0x00407f2c        0x0 contiki-OrisenPrime.a(mac.o)
 .glue_7t       0x00407f2c        0x0 contiki-OrisenPrime.a(framer-802154.o)
 .glue_7t       0x00407f2c        0x0 contiki-OrisenPrime.a(csma.o)
 .glue_7t       0x00407f2c        0x0 contiki-OrisenPrime.a(process.o)
 .glue_7t       0x00407f2c        0x0 contiki-OrisenPrime.a(autostart.o)
 .glue_7t       0x00407f2c        0x0 contiki-OrisenPrime.a(serial-line.o)
 .glue_7t       0x00407f2c        0x0 contiki-OrisenPrime.a(memb.o)
 .glue_7t       0x00407f2c        0x0 contiki-OrisenPrime.a(list.o)
 .glue_7t       0x00407f2c        0x0 contiki-OrisenPrime.a(etimer.o)
 .glue_7t       0x00407f2c        0x0 contiki-OrisenPrime.a(ctimer.o)
 .glue_7t       0x00407f2c        0x0 contiki-OrisenPrime.a(random.o)
 .glue_7t       0x00407f2c        0x0 contiki-OrisenPrime.a(ringbuf.o)
 .glue_7t       0x00407f2c        0x0 contiki-OrisenPrime.a(packetbuf.o)
 .glue_7t       0x00407f2c        0x0 contiki-OrisenPrime.a(queuebuf.o)
 .glue_7t       0x00407f2c        0x0 contiki-OrisenPrime.a(clock.o)
 .glue_7t       0x00407f2c        0x0 contiki-OrisenPrime.a(button-sensor.o)
 .glue_7t       0x00407f2c        0x0 contiki-OrisenPrime.a(button2-sensor.)
 .glue_7t       0x00407f2c        0x0 contiki-OrisenPrime.a(sensors.o)
 .glue_7t       0x00407f2c        0x0 contiki-OrisenPrime.a(contiki-crm.o)
 .glue_7t       0x00407f2c        0x0 contiki-OrisenPrime.a(contiki-maca.o)
 .glue_7t       0x00407f2c        0x0 contiki-OrisenPrime.a(contiki-misc.o)
 .glue_7t       0x00407f2c        0x0 contiki-OrisenPrime.a(leds.o)
 .glue_7t       0x00407f2c        0x0 contiki-OrisenPrime.a(contiki-uart.o)
 .glue_7t       0x00407f2c        0x0 contiki-OrisenPrime.a(dbg-printf.o)
 .glue_7t       0x00407f2c        0x0 contiki-OrisenPrime.a(strformat.o)
 .glue_7t       0x00407f2c        0x0 contiki-OrisenPrime.a(gpio.o)
 .glue_7t       0x00407f2c        0x0 contiki-OrisenPrime.a(i2c.o)
 .glue_7t       0x00407f2c        0x0 contiki-OrisenPrime.a(maca.o)
 .glue_7t       0x00407f2c        0x0 contiki-OrisenPrime.a(nvm.o)
 .glue_7t       0x00407f2c        0x0 contiki-OrisenPrime.a(uart1.o)
 .glue_7t       0x00407f2c        0x0 contiki-OrisenPrime.a(default_lowleve)
 .glue_7t       0x00407f2c        0x0 contiki-OrisenPrime.a(isr.o)
 .glue_7t       0x00407f2c        0x0 contiki-OrisenPrime.a(stunicast.o)
 .glue_7t       0x00407f2c        0x0 contiki-OrisenPrime.a(frame802154.o)
 .glue_7t       0x00407f2c        0x0 contiki-OrisenPrime.a(timer.o)
 .glue_7t       0x00407f2c        0x0 contiki-OrisenPrime.a(debug-uart.o)
 .glue_7t       0x00407f2c        0x0 contiki-OrisenPrime.a(leds-arch.o)
 .glue_7t       0x00407f2c        0x0 contiki-OrisenPrime.a(uart2.o)
 .glue_7t       0x00407f2c        0x0 contiki-OrisenPrime.a(unicast.o)
 .glue_7t       0x00407f2c        0x0 /home/user/CodeSourcery/Sourcery_G++_Lite/bin/../lib/gcc/arm-none-eabi/4.3.2/libgcc.a(_udivsi3.o)
 .glue_7t       0x00407f2c        0x0 /home/user/CodeSourcery/Sourcery_G++_Lite/bin/../lib/gcc/arm-none-eabi/4.3.2/libgcc.a(_divsi3.o)
 .glue_7t       0x00407f2c        0x0 /home/user/CodeSourcery/Sourcery_G++_Lite/bin/../lib/gcc/arm-none-eabi/4.3.2/libgcc.a(_dvmd_tls.o)
 .glue_7t       0x00407f2c        0x0 /home/user/CodeSourcery/Sourcery_G++_Lite/bin/../lib/gcc/arm-none-eabi/4.3.2/libgcc.a(_aeabi_uldivmod.o)
 .glue_7t       0x00407f2c        0x0 /home/user/CodeSourcery/Sourcery_G++_Lite/bin/../lib/gcc/arm-none-eabi/4.3.2/libgcc.a(bpabi.o)
 .glue_7t       0x00407f2c        0x0 /home/user/CodeSourcery/Sourcery_G++_Lite/bin/../lib/gcc/arm-none-eabi/4.3.2/libgcc.a(_divdi3.o)
 .glue_7t       0x00407f2c        0x0 /home/user/CodeSourcery/Sourcery_G++_Lite/bin/../lib/gcc/arm-none-eabi/4.3.2/libgcc.a(_udivdi3.o)
 .glue_7t       0x00407f2c        0x0 /home/user/CodeSourcery/Sourcery_G++_Lite/bin/../lib/gcc/arm-none-eabi/4.3.2/libgcc.a(_clz.o)
 .glue_7t       0x00407f2c        0x0 /home/user/CodeSourcery/Sourcery_G++_Lite/bin/../lib/gcc/arm-none-eabi/4.3.2/../../../../arm-none-eabi/lib/libc.a(lib_a-memcmp.o)
 .glue_7t       0x00407f2c        0x0 /home/user/CodeSourcery/Sourcery_G++_Lite/bin/../lib/gcc/arm-none-eabi/4.3.2/../../../../arm-none-eabi/lib/libc.a(lib_a-memcpy.o)
 .glue_7t       0x00407f2c        0x0 /home/user/CodeSourcery/Sourcery_G++_Lite/bin/../lib/gcc/arm-none-eabi/4.3.2/../../../../arm-none-eabi/lib/libc.a(lib_a-memset.o)
 .glue_7t       0x00407f2c        0x0 /home/user/CodeSourcery/Sourcery_G++_Lite/bin/../lib/gcc/arm-none-eabi/4.3.2/../../../../arm-none-eabi/lib/libc.a(lib_a-strcpy.o)
 .glue_7t       0x00407f2c        0x0 /home/user/CodeSourcery/Sourcery_G++_Lite/bin/../lib/gcc/arm-none-eabi/4.3.2/../../../../arm-none-eabi/lib/libc.a(lib_a-strlen.o)
 .glue_7t       0x00407f2c        0x0 /home/user/CodeSourcery/Sourcery_G++_Lite/bin/../lib/gcc/arm-none-eabi/4.3.2/../../../../arm-none-eabi/lib/libc.a(lib_a-strncmp.o)
 *(.glue_7)
 .glue_7        0x00407f2c        0x0 dtn.co
 .glue_7        0x00407f2c        0x0 obj_OrisenPrime/contiki-prime-main.o
 .glue_7        0x00407f2c        0x0 obj_OrisenPrime/start.o
 .glue_7        0x00407f2c        0x0 contiki-OrisenPrime.a(rimeaddr.o)
 .glue_7        0x00407f2c        0x0 contiki-OrisenPrime.a(rime.o)
 .glue_7        0x00407f2c        0x0 contiki-OrisenPrime.a(rimestats.o)
 .glue_7        0x00407f2c        0x0 contiki-OrisenPrime.a(announcement.o)
 .glue_7        0x00407f2c        0x0 contiki-OrisenPrime.a(broadcast-annou)
 .glue_7        0x00407f2c        0x0 contiki-OrisenPrime.a(broadcast.o)
 .glue_7        0x00407f2c        0x0 contiki-OrisenPrime.a(runicast.o)
 .glue_7        0x00407f2c        0x0 contiki-OrisenPrime.a(abc.o)
 .glue_7        0x00407f2c        0x0 contiki-OrisenPrime.a(chameleon.o)
 .glue_7        0x00407f2c        0x0 contiki-OrisenPrime.a(channel.o)
 .glue_7        0x00407f2c        0x0 contiki-OrisenPrime.a(chameleon-bitop)
 .glue_7        0x00407f2c        0x0 contiki-OrisenPrime.a(nullrdc.o)
 .glue_7        0x00407f2c        0x0 contiki-OrisenPrime.a(mac.o)
 .glue_7        0x00407f2c        0x0 contiki-OrisenPrime.a(framer-802154.o)
 .glue_7        0x00407f2c        0x0 contiki-OrisenPrime.a(csma.o)
 .glue_7        0x00407f2c        0x0 contiki-OrisenPrime.a(process.o)
 .glue_7        0x00407f2c        0x0 contiki-OrisenPrime.a(autostart.o)
 .glue_7        0x00407f2c        0x0 contiki-OrisenPrime.a(serial-line.o)
 .glue_7        0x00407f2c        0x0 contiki-OrisenPrime.a(memb.o)
 .glue_7        0x00407f2c        0x0 contiki-OrisenPrime.a(list.o)
 .glue_7        0x00407f2c        0x0 contiki-OrisenPrime.a(etimer.o)
 .glue_7        0x00407f2c        0x0 contiki-OrisenPrime.a(ctimer.o)
 .glue_7        0x00407f2c        0x0 contiki-OrisenPrime.a(random.o)
 .glue_7        0x00407f2c        0x0 contiki-OrisenPrime.a(ringbuf.o)
 .glue_7        0x00407f2c        0x0 contiki-OrisenPrime.a(packetbuf.o)
 .glue_7        0x00407f2c        0x0 contiki-OrisenPrime.a(queuebuf.o)
 .glue_7        0x00407f2c        0x0 contiki-OrisenPrime.a(clock.o)
 .glue_7        0x00407f2c        0x0 contiki-OrisenPrime.a(button-sensor.o)
 .glue_7        0x00407f2c        0x0 contiki-OrisenPrime.a(button2-sensor.)
 .glue_7        0x00407f2c        0x0 contiki-OrisenPrime.a(sensors.o)
 .glue_7        0x00407f2c        0x0 contiki-OrisenPrime.a(contiki-crm.o)
 .glue_7        0x00407f2c        0x0 contiki-OrisenPrime.a(contiki-maca.o)
 .glue_7        0x00407f2c        0x0 contiki-OrisenPrime.a(contiki-misc.o)
 .glue_7        0x00407f2c        0x0 contiki-OrisenPrime.a(leds.o)
 .glue_7        0x00407f2c        0x0 contiki-OrisenPrime.a(contiki-uart.o)
 .glue_7        0x00407f2c        0x0 contiki-OrisenPrime.a(dbg-printf.o)
 .glue_7        0x00407f2c        0x0 contiki-OrisenPrime.a(strformat.o)
 .glue_7        0x00407f2c        0x0 contiki-OrisenPrime.a(gpio.o)
 .glue_7        0x00407f2c        0x0 contiki-OrisenPrime.a(i2c.o)
 .glue_7        0x00407f2c        0x0 contiki-OrisenPrime.a(maca.o)
 .glue_7        0x00407f2c        0x0 contiki-OrisenPrime.a(nvm.o)
 .glue_7        0x00407f2c        0x0 contiki-OrisenPrime.a(uart1.o)
 .glue_7        0x00407f2c        0x0 contiki-OrisenPrime.a(default_lowleve)
 .glue_7        0x00407f2c        0x0 contiki-OrisenPrime.a(isr.o)
 .glue_7        0x00407f2c        0x0 contiki-OrisenPrime.a(stunicast.o)
 .glue_7        0x00407f2c        0x0 contiki-OrisenPrime.a(frame802154.o)
 .glue_7        0x00407f2c        0x0 contiki-OrisenPrime.a(timer.o)
 .glue_7        0x00407f2c        0x0 contiki-OrisenPrime.a(debug-uart.o)
 .glue_7        0x00407f2c        0x0 contiki-OrisenPrime.a(leds-arch.o)
 .glue_7        0x00407f2c        0x0 contiki-OrisenPrime.a(uart2.o)
 .glue_7        0x00407f2c        0x0 contiki-OrisenPrime.a(unicast.o)
 .glue_7        0x00407f2c        0x0 /home/user/CodeSourcery/Sourcery_G++_Lite/bin/../lib/gcc/arm-none-eabi/4.3.2/libgcc.a(_udivsi3.o)
 .glue_7        0x00407f2c        0x0 /home/user/CodeSourcery/Sourcery_G++_Lite/bin/../lib/gcc/arm-none-eabi/4.3.2/libgcc.a(_divsi3.o)
 .glue_7        0x00407f2c        0x0 /home/user/CodeSourcery/Sourcery_G++_Lite/bin/../lib/gcc/arm-none-eabi/4.3.2/libgcc.a(_dvmd_tls.o)
 .glue_7        0x00407f2c        0x0 /home/user/CodeSourcery/Sourcery_G++_Lite/bin/../lib/gcc/arm-none-eabi/4.3.2/libgcc.a(_aeabi_uldivmod.o)
 .glue_7        0x00407f2c        0x0 /home/user/CodeSourcery/Sourcery_G++_Lite/bin/../lib/gcc/arm-none-eabi/4.3.2/libgcc.a(bpabi.o)
 .glue_7        0x00407f2c        0x0 /home/user/CodeSourcery/Sourcery_G++_Lite/bin/../lib/gcc/arm-none-eabi/4.3.2/libgcc.a(_divdi3.o)
 .glue_7        0x00407f2c        0x0 /home/user/CodeSourcery/Sourcery_G++_Lite/bin/../lib/gcc/arm-none-eabi/4.3.2/libgcc.a(_udivdi3.o)
 .glue_7        0x00407f2c        0x0 /home/user/CodeSourcery/Sourcery_G++_Lite/bin/../lib/gcc/arm-none-eabi/4.3.2/libgcc.a(_clz.o)
 .glue_7        0x00407f2c        0x0 /home/user/CodeSourcery/Sourcery_G++_Lite/bin/../lib/gcc/arm-none-eabi/4.3.2/../../../../arm-none-eabi/lib/libc.a(lib_a-memcmp.o)
 .glue_7        0x00407f2c        0x0 /home/user/CodeSourcery/Sourcery_G++_Lite/bin/../lib/gcc/arm-none-eabi/4.3.2/../../../../arm-none-eabi/lib/libc.a(lib_a-memcpy.o)
 .glue_7        0x00407f2c        0x0 /home/user/CodeSourcery/Sourcery_G++_Lite/bin/../lib/gcc/arm-none-eabi/4.3.2/../../../../arm-none-eabi/lib/libc.a(lib_a-memset.o)
 .glue_7        0x00407f2c        0x0 /home/user/CodeSourcery/Sourcery_G++_Lite/bin/../lib/gcc/arm-none-eabi/4.3.2/../../../../arm-none-eabi/lib/libc.a(lib_a-strcpy.o)
 .glue_7        0x00407f2c        0x0 /home/user/CodeSourcery/Sourcery_G++_Lite/bin/../lib/gcc/arm-none-eabi/4.3.2/../../../../arm-none-eabi/lib/libc.a(lib_a-strlen.o)
 .glue_7        0x00407f2c        0x0 /home/user/CodeSourcery/Sourcery_G++_Lite/bin/../lib/gcc/arm-none-eabi/4.3.2/../../../../arm-none-eabi/lib/libc.a(lib_a-strncmp.o)
 *(.vfp11_veneer)
 .vfp11_veneer  0x00407f2c        0x0 dtn.co
 .vfp11_veneer  0x00407f2c        0x0 obj_OrisenPrime/contiki-prime-main.o
 .vfp11_veneer  0x00407f2c        0x0 obj_OrisenPrime/start.o
 .vfp11_veneer  0x00407f2c        0x0 contiki-OrisenPrime.a(rimeaddr.o)
 .vfp11_veneer  0x00407f2c        0x0 contiki-OrisenPrime.a(rime.o)
 .vfp11_veneer  0x00407f2c        0x0 contiki-OrisenPrime.a(rimestats.o)
 .vfp11_veneer  0x00407f2c        0x0 contiki-OrisenPrime.a(announcement.o)
 .vfp11_veneer  0x00407f2c        0x0 contiki-OrisenPrime.a(broadcast-annou)
 .vfp11_veneer  0x00407f2c        0x0 contiki-OrisenPrime.a(broadcast.o)
 .vfp11_veneer  0x00407f2c        0x0 contiki-OrisenPrime.a(runicast.o)
 .vfp11_veneer  0x00407f2c        0x0 contiki-OrisenPrime.a(abc.o)
 .vfp11_veneer  0x00407f2c        0x0 contiki-OrisenPrime.a(chameleon.o)
 .vfp11_veneer  0x00407f2c        0x0 contiki-OrisenPrime.a(channel.o)
 .vfp11_veneer  0x00407f2c        0x0 contiki-OrisenPrime.a(chameleon-bitop)
 .vfp11_veneer  0x00407f2c        0x0 contiki-OrisenPrime.a(nullrdc.o)
 .vfp11_veneer  0x00407f2c        0x0 contiki-OrisenPrime.a(mac.o)
 .vfp11_veneer  0x00407f2c        0x0 contiki-OrisenPrime.a(framer-802154.o)
 .vfp11_veneer  0x00407f2c        0x0 contiki-OrisenPrime.a(csma.o)
 .vfp11_veneer  0x00407f2c        0x0 contiki-OrisenPrime.a(process.o)
 .vfp11_veneer  0x00407f2c        0x0 contiki-OrisenPrime.a(autostart.o)
 .vfp11_veneer  0x00407f2c        0x0 contiki-OrisenPrime.a(serial-line.o)
 .vfp11_veneer  0x00407f2c        0x0 contiki-OrisenPrime.a(memb.o)
 .vfp11_veneer  0x00407f2c        0x0 contiki-OrisenPrime.a(list.o)
 .vfp11_veneer  0x00407f2c        0x0 contiki-OrisenPrime.a(etimer.o)
 .vfp11_veneer  0x00407f2c        0x0 contiki-OrisenPrime.a(ctimer.o)
 .vfp11_veneer  0x00407f2c        0x0 contiki-OrisenPrime.a(random.o)
 .vfp11_veneer  0x00407f2c        0x0 contiki-OrisenPrime.a(ringbuf.o)
 .vfp11_veneer  0x00407f2c        0x0 contiki-OrisenPrime.a(packetbuf.o)
 .vfp11_veneer  0x00407f2c        0x0 contiki-OrisenPrime.a(queuebuf.o)
 .vfp11_veneer  0x00407f2c        0x0 contiki-OrisenPrime.a(clock.o)
 .vfp11_veneer  0x00407f2c        0x0 contiki-OrisenPrime.a(button-sensor.o)
 .vfp11_veneer  0x00407f2c        0x0 contiki-OrisenPrime.a(button2-sensor.)
 .vfp11_veneer  0x00407f2c        0x0 contiki-OrisenPrime.a(sensors.o)
 .vfp11_veneer  0x00407f2c        0x0 contiki-OrisenPrime.a(contiki-crm.o)
 .vfp11_veneer  0x00407f2c        0x0 contiki-OrisenPrime.a(contiki-maca.o)
 .vfp11_veneer  0x00407f2c        0x0 contiki-OrisenPrime.a(contiki-misc.o)
 .vfp11_veneer  0x00407f2c        0x0 contiki-OrisenPrime.a(leds.o)
 .vfp11_veneer  0x00407f2c        0x0 contiki-OrisenPrime.a(contiki-uart.o)
 .vfp11_veneer  0x00407f2c        0x0 contiki-OrisenPrime.a(dbg-printf.o)
 .vfp11_veneer  0x00407f2c        0x0 contiki-OrisenPrime.a(strformat.o)
 .vfp11_veneer  0x00407f2c        0x0 contiki-OrisenPrime.a(gpio.o)
 .vfp11_veneer  0x00407f2c        0x0 contiki-OrisenPrime.a(i2c.o)
 .vfp11_veneer  0x00407f2c        0x0 contiki-OrisenPrime.a(maca.o)
 .vfp11_veneer  0x00407f2c        0x0 contiki-OrisenPrime.a(nvm.o)
 .vfp11_veneer  0x00407f2c        0x0 contiki-OrisenPrime.a(uart1.o)
 .vfp11_veneer  0x00407f2c        0x0 contiki-OrisenPrime.a(default_lowleve)
 .vfp11_veneer  0x00407f2c        0x0 contiki-OrisenPrime.a(isr.o)
 .vfp11_veneer  0x00407f2c        0x0 contiki-OrisenPrime.a(stunicast.o)
 .vfp11_veneer  0x00407f2c        0x0 contiki-OrisenPrime.a(frame802154.o)
 .vfp11_veneer  0x00407f2c        0x0 contiki-OrisenPrime.a(timer.o)
 .vfp11_veneer  0x00407f2c        0x0 contiki-OrisenPrime.a(debug-uart.o)
 .vfp11_veneer  0x00407f2c        0x0 contiki-OrisenPrime.a(leds-arch.o)
 .vfp11_veneer  0x00407f2c        0x0 contiki-OrisenPrime.a(uart2.o)
 .vfp11_veneer  0x00407f2c        0x0 contiki-OrisenPrime.a(unicast.o)
 .vfp11_veneer  0x00407f2c        0x0 /home/user/CodeSourcery/Sourcery_G++_Lite/bin/../lib/gcc/arm-none-eabi/4.3.2/libgcc.a(_udivsi3.o)
 .vfp11_veneer  0x00407f2c        0x0 /home/user/CodeSourcery/Sourcery_G++_Lite/bin/../lib/gcc/arm-none-eabi/4.3.2/libgcc.a(_divsi3.o)
 .vfp11_veneer  0x00407f2c        0x0 /home/user/CodeSourcery/Sourcery_G++_Lite/bin/../lib/gcc/arm-none-eabi/4.3.2/libgcc.a(_dvmd_tls.o)
 .vfp11_veneer  0x00407f2c        0x0 /home/user/CodeSourcery/Sourcery_G++_Lite/bin/../lib/gcc/arm-none-eabi/4.3.2/libgcc.a(_aeabi_uldivmod.o)
 .vfp11_veneer  0x00407f2c        0x0 /home/user/CodeSourcery/Sourcery_G++_Lite/bin/../lib/gcc/arm-none-eabi/4.3.2/libgcc.a(bpabi.o)
 .vfp11_veneer  0x00407f2c        0x0 /home/user/CodeSourcery/Sourcery_G++_Lite/bin/../lib/gcc/arm-none-eabi/4.3.2/libgcc.a(_divdi3.o)
 .vfp11_veneer  0x00407f2c        0x0 /home/user/CodeSourcery/Sourcery_G++_Lite/bin/../lib/gcc/arm-none-eabi/4.3.2/libgcc.a(_udivdi3.o)
 .vfp11_veneer  0x00407f2c        0x0 /home/user/CodeSourcery/Sourcery_G++_Lite/bin/../lib/gcc/arm-none-eabi/4.3.2/libgcc.a(_clz.o)
 .vfp11_veneer  0x00407f2c        0x0 /home/user/CodeSourcery/Sourcery_G++_Lite/bin/../lib/gcc/arm-none-eabi/4.3.2/../../../../arm-none-eabi/lib/libc.a(lib_a-memcmp.o)
 .vfp11_veneer  0x00407f2c        0x0 /home/user/CodeSourcery/Sourcery_G++_Lite/bin/../lib/gcc/arm-none-eabi/4.3.2/../../../../arm-none-eabi/lib/libc.a(lib_a-memcpy.o)
 .vfp11_veneer  0x00407f2c        0x0 /home/user/CodeSourcery/Sourcery_G++_Lite/bin/../lib/gcc/arm-none-eabi/4.3.2/../../../../arm-none-eabi/lib/libc.a(lib_a-memset.o)
 .vfp11_veneer  0x00407f2c        0x0 /home/user/CodeSourcery/Sourcery_G++_Lite/bin/../lib/gcc/arm-none-eabi/4.3.2/../../../../arm-none-eabi/lib/libc.a(lib_a-strcpy.o)
 .vfp11_veneer  0x00407f2c        0x0 /home/user/CodeSourcery/Sourcery_G++_Lite/bin/../lib/gcc/arm-none-eabi/4.3.2/../../../../arm-none-eabi/lib/libc.a(lib_a-strlen.o)
 .vfp11_veneer  0x00407f2c        0x0 /home/user/CodeSourcery/Sourcery_G++_Lite/bin/../lib/gcc/arm-none-eabi/4.3.2/../../../../arm-none-eabi/lib/libc.a(lib_a-strncmp.o)
 *(.v4_bx)
 .v4_bx         0x00407f2c        0x0 dtn.co
 .v4_bx         0x00407f2c        0x0 obj_OrisenPrime/contiki-prime-main.o
 .v4_bx         0x00407f2c        0x0 obj_OrisenPrime/start.o
 .v4_bx         0x00407f2c        0x0 contiki-OrisenPrime.a(rimeaddr.o)
 .v4_bx         0x00407f2c        0x0 contiki-OrisenPrime.a(rime.o)
 .v4_bx         0x00407f2c        0x0 contiki-OrisenPrime.a(rimestats.o)
 .v4_bx         0x00407f2c        0x0 contiki-OrisenPrime.a(announcement.o)
 .v4_bx         0x00407f2c        0x0 contiki-OrisenPrime.a(broadcast-annou)
 .v4_bx         0x00407f2c        0x0 contiki-OrisenPrime.a(broadcast.o)
 .v4_bx         0x00407f2c        0x0 contiki-OrisenPrime.a(runicast.o)
 .v4_bx         0x00407f2c        0x0 contiki-OrisenPrime.a(abc.o)
 .v4_bx         0x00407f2c        0x0 contiki-OrisenPrime.a(chameleon.o)
 .v4_bx         0x00407f2c        0x0 contiki-OrisenPrime.a(channel.o)
 .v4_bx         0x00407f2c        0x0 contiki-OrisenPrime.a(chameleon-bitop)
 .v4_bx         0x00407f2c        0x0 contiki-OrisenPrime.a(nullrdc.o)
 .v4_bx         0x00407f2c        0x0 contiki-OrisenPrime.a(mac.o)
 .v4_bx         0x00407f2c        0x0 contiki-OrisenPrime.a(framer-802154.o)
 .v4_bx         0x00407f2c        0x0 contiki-OrisenPrime.a(csma.o)
 .v4_bx         0x00407f2c        0x0 contiki-OrisenPrime.a(process.o)
 .v4_bx         0x00407f2c        0x0 contiki-OrisenPrime.a(autostart.o)
 .v4_bx         0x00407f2c        0x0 contiki-OrisenPrime.a(serial-line.o)
 .v4_bx         0x00407f2c        0x0 contiki-OrisenPrime.a(memb.o)
 .v4_bx         0x00407f2c        0x0 contiki-OrisenPrime.a(list.o)
 .v4_bx         0x00407f2c        0x0 contiki-OrisenPrime.a(etimer.o)
 .v4_bx         0x00407f2c        0x0 contiki-OrisenPrime.a(ctimer.o)
 .v4_bx         0x00407f2c        0x0 contiki-OrisenPrime.a(random.o)
 .v4_bx         0x00407f2c        0x0 contiki-OrisenPrime.a(ringbuf.o)
 .v4_bx         0x00407f2c        0x0 contiki-OrisenPrime.a(packetbuf.o)
 .v4_bx         0x00407f2c        0x0 contiki-OrisenPrime.a(queuebuf.o)
 .v4_bx         0x00407f2c        0x0 contiki-OrisenPrime.a(clock.o)
 .v4_bx         0x00407f2c        0x0 contiki-OrisenPrime.a(button-sensor.o)
 .v4_bx         0x00407f2c        0x0 contiki-OrisenPrime.a(button2-sensor.)
 .v4_bx         0x00407f2c        0x0 contiki-OrisenPrime.a(sensors.o)
 .v4_bx         0x00407f2c        0x0 contiki-OrisenPrime.a(contiki-crm.o)
 .v4_bx         0x00407f2c        0x0 contiki-OrisenPrime.a(contiki-maca.o)
 .v4_bx         0x00407f2c        0x0 contiki-OrisenPrime.a(contiki-misc.o)
 .v4_bx         0x00407f2c        0x0 contiki-OrisenPrime.a(leds.o)
 .v4_bx         0x00407f2c        0x0 contiki-OrisenPrime.a(contiki-uart.o)
 .v4_bx         0x00407f2c        0x0 contiki-OrisenPrime.a(dbg-printf.o)
 .v4_bx         0x00407f2c        0x0 contiki-OrisenPrime.a(strformat.o)
 .v4_bx         0x00407f2c        0x0 contiki-OrisenPrime.a(gpio.o)
 .v4_bx         0x00407f2c        0x0 contiki-OrisenPrime.a(i2c.o)
 .v4_bx         0x00407f2c        0x0 contiki-OrisenPrime.a(maca.o)
 .v4_bx         0x00407f2c        0x0 contiki-OrisenPrime.a(nvm.o)
 .v4_bx         0x00407f2c        0x0 contiki-OrisenPrime.a(uart1.o)
 .v4_bx         0x00407f2c        0x0 contiki-OrisenPrime.a(default_lowleve)
 .v4_bx         0x00407f2c        0x0 contiki-OrisenPrime.a(isr.o)
 .v4_bx         0x00407f2c        0x0 contiki-OrisenPrime.a(stunicast.o)
 .v4_bx         0x00407f2c        0x0 contiki-OrisenPrime.a(frame802154.o)
 .v4_bx         0x00407f2c        0x0 contiki-OrisenPrime.a(timer.o)
 .v4_bx         0x00407f2c        0x0 contiki-OrisenPrime.a(debug-uart.o)
 .v4_bx         0x00407f2c        0x0 contiki-OrisenPrime.a(leds-arch.o)
 .v4_bx         0x00407f2c        0x0 contiki-OrisenPrime.a(uart2.o)
 .v4_bx         0x00407f2c        0x0 contiki-OrisenPrime.a(unicast.o)
 .v4_bx         0x00407f2c        0x0 /home/user/CodeSourcery/Sourcery_G++_Lite/bin/../lib/gcc/arm-none-eabi/4.3.2/libgcc.a(_udivsi3.o)
 .v4_bx         0x00407f2c        0x0 /home/user/CodeSourcery/Sourcery_G++_Lite/bin/../lib/gcc/arm-none-eabi/4.3.2/libgcc.a(_divsi3.o)
 .v4_bx         0x00407f2c        0x0 /home/user/CodeSourcery/Sourcery_G++_Lite/bin/../lib/gcc/arm-none-eabi/4.3.2/libgcc.a(_dvmd_tls.o)
 .v4_bx         0x00407f2c        0x0 /home/user/CodeSourcery/Sourcery_G++_Lite/bin/../lib/gcc/arm-none-eabi/4.3.2/libgcc.a(_aeabi_uldivmod.o)
 .v4_bx         0x00407f2c        0x0 /home/user/CodeSourcery/Sourcery_G++_Lite/bin/../lib/gcc/arm-none-eabi/4.3.2/libgcc.a(bpabi.o)
 .v4_bx         0x00407f2c        0x0 /home/user/CodeSourcery/Sourcery_G++_Lite/bin/../lib/gcc/arm-none-eabi/4.3.2/libgcc.a(_divdi3.o)
 .v4_bx         0x00407f2c        0x0 /home/user/CodeSourcery/Sourcery_G++_Lite/bin/../lib/gcc/arm-none-eabi/4.3.2/libgcc.a(_udivdi3.o)
 .v4_bx         0x00407f2c        0x0 /home/user/CodeSourcery/Sourcery_G++_Lite/bin/../lib/gcc/arm-none-eabi/4.3.2/libgcc.a(_clz.o)
 .v4_bx         0x00407f2c        0x0 /home/user/CodeSourcery/Sourcery_G++_Lite/bin/../lib/gcc/arm-none-eabi/4.3.2/../../../../arm-none-eabi/lib/libc.a(lib_a-memcmp.o)
 .v4_bx         0x00407f2c        0x0 /home/user/CodeSourcery/Sourcery_G++_Lite/bin/../lib/gcc/arm-none-eabi/4.3.2/../../../../arm-none-eabi/lib/libc.a(lib_a-memcpy.o)
 .v4_bx         0x00407f2c        0x0 /home/user/CodeSourcery/Sourcery_G++_Lite/bin/../lib/gcc/arm-none-eabi/4.3.2/../../../../arm-none-eabi/lib/libc.a(lib_a-memset.o)
 .v4_bx         0x00407f2c        0x0 /home/user/CodeSourcery/Sourcery_G++_Lite/bin/../lib/gcc/arm-none-eabi/4.3.2/../../../../arm-none-eabi/lib/libc.a(lib_a-strcpy.o)
 .v4_bx         0x00407f2c        0x0 /home/user/CodeSourcery/Sourcery_G++_Lite/bin/../lib/gcc/arm-none-eabi/4.3.2/../../../../arm-none-eabi/lib/libc.a(lib_a-strlen.o)
 .v4_bx         0x00407f2c        0x0 /home/user/CodeSourcery/Sourcery_G++_Lite/bin/../lib/gcc/arm-none-eabi/4.3.2/../../../../arm-none-eabi/lib/libc.a(lib_a-strncmp.o)

.janus_2cc_veneer
                0x00407f2c        0x0
 .janus_2cc_veneer
                0x00407f2c        0x0 dtn.co
 .janus_2cc_veneer
                0x00407f2c        0x0 obj_OrisenPrime/contiki-prime-main.o
 .janus_2cc_veneer
                0x00407f2c        0x0 obj_OrisenPrime/start.o
 .janus_2cc_veneer
                0x00407f2c        0x0 contiki-OrisenPrime.a(rimeaddr.o)
 .janus_2cc_veneer
                0x00407f2c        0x0 contiki-OrisenPrime.a(rime.o)
 .janus_2cc_veneer
                0x00407f2c        0x0 contiki-OrisenPrime.a(rimestats.o)
 .janus_2cc_veneer
                0x00407f2c        0x0 contiki-OrisenPrime.a(announcement.o)
 .janus_2cc_veneer
                0x00407f2c        0x0 contiki-OrisenPrime.a(broadcast-annou)
 .janus_2cc_veneer
                0x00407f2c        0x0 contiki-OrisenPrime.a(broadcast.o)
 .janus_2cc_veneer
                0x00407f2c        0x0 contiki-OrisenPrime.a(runicast.o)
 .janus_2cc_veneer
                0x00407f2c        0x0 contiki-OrisenPrime.a(abc.o)
 .janus_2cc_veneer
                0x00407f2c        0x0 contiki-OrisenPrime.a(chameleon.o)
 .janus_2cc_veneer
                0x00407f2c        0x0 contiki-OrisenPrime.a(channel.o)
 .janus_2cc_veneer
                0x00407f2c        0x0 contiki-OrisenPrime.a(chameleon-bitop)
 .janus_2cc_veneer
                0x00407f2c        0x0 contiki-OrisenPrime.a(nullrdc.o)
 .janus_2cc_veneer
                0x00407f2c        0x0 contiki-OrisenPrime.a(mac.o)
 .janus_2cc_veneer
                0x00407f2c        0x0 contiki-OrisenPrime.a(framer-802154.o)
 .janus_2cc_veneer
                0x00407f2c        0x0 contiki-OrisenPrime.a(csma.o)
 .janus_2cc_veneer
                0x00407f2c        0x0 contiki-OrisenPrime.a(process.o)
 .janus_2cc_veneer
                0x00407f2c        0x0 contiki-OrisenPrime.a(autostart.o)
 .janus_2cc_veneer
                0x00407f2c        0x0 contiki-OrisenPrime.a(serial-line.o)
 .janus_2cc_veneer
                0x00407f2c        0x0 contiki-OrisenPrime.a(memb.o)
 .janus_2cc_veneer
                0x00407f2c        0x0 contiki-OrisenPrime.a(list.o)
 .janus_2cc_veneer
                0x00407f2c        0x0 contiki-OrisenPrime.a(etimer.o)
 .janus_2cc_veneer
                0x00407f2c        0x0 contiki-OrisenPrime.a(ctimer.o)
 .janus_2cc_veneer
                0x00407f2c        0x0 contiki-OrisenPrime.a(random.o)
 .janus_2cc_veneer
                0x00407f2c        0x0 contiki-OrisenPrime.a(ringbuf.o)
 .janus_2cc_veneer
                0x00407f2c        0x0 contiki-OrisenPrime.a(packetbuf.o)
 .janus_2cc_veneer
                0x00407f2c        0x0 contiki-OrisenPrime.a(queuebuf.o)
 .janus_2cc_veneer
                0x00407f2c        0x0 contiki-OrisenPrime.a(clock.o)
 .janus_2cc_veneer
                0x00407f2c        0x0 contiki-OrisenPrime.a(button-sensor.o)
 .janus_2cc_veneer
                0x00407f2c        0x0 contiki-OrisenPrime.a(button2-sensor.)
 .janus_2cc_veneer
                0x00407f2c        0x0 contiki-OrisenPrime.a(sensors.o)
 .janus_2cc_veneer
                0x00407f2c        0x0 contiki-OrisenPrime.a(contiki-crm.o)
 .janus_2cc_veneer
                0x00407f2c        0x0 contiki-OrisenPrime.a(contiki-maca.o)
 .janus_2cc_veneer
                0x00407f2c        0x0 contiki-OrisenPrime.a(contiki-misc.o)
 .janus_2cc_veneer
                0x00407f2c        0x0 contiki-OrisenPrime.a(leds.o)
 .janus_2cc_veneer
                0x00407f2c        0x0 contiki-OrisenPrime.a(contiki-uart.o)
 .janus_2cc_veneer
                0x00407f2c        0x0 contiki-OrisenPrime.a(dbg-printf.o)
 .janus_2cc_veneer
                0x00407f2c        0x0 contiki-OrisenPrime.a(strformat.o)
 .janus_2cc_veneer
                0x00407f2c        0x0 contiki-OrisenPrime.a(gpio.o)
 .janus_2cc_veneer
                0x00407f2c        0x0 contiki-OrisenPrime.a(i2c.o)
 .janus_2cc_veneer
                0x00407f2c        0x0 contiki-OrisenPrime.a(maca.o)
 .janus_2cc_veneer
                0x00407f2c        0x0 contiki-OrisenPrime.a(nvm.o)
 .janus_2cc_veneer
                0x00407f2c        0x0 contiki-OrisenPrime.a(uart1.o)
 .janus_2cc_veneer
                0x00407f2c        0x0 contiki-OrisenPrime.a(default_lowleve)
 .janus_2cc_veneer
                0x00407f2c        0x0 contiki-OrisenPrime.a(isr.o)
 .janus_2cc_veneer
                0x00407f2c        0x0 contiki-OrisenPrime.a(stunicast.o)
 .janus_2cc_veneer
                0x00407f2c        0x0 contiki-OrisenPrime.a(frame802154.o)
 .janus_2cc_veneer
                0x00407f2c        0x0 contiki-OrisenPrime.a(timer.o)
 .janus_2cc_veneer
                0x00407f2c        0x0 contiki-OrisenPrime.a(debug-uart.o)
 .janus_2cc_veneer
                0x00407f2c        0x0 contiki-OrisenPrime.a(leds-arch.o)
 .janus_2cc_veneer
                0x00407f2c        0x0 contiki-OrisenPrime.a(uart2.o)
 .janus_2cc_veneer
                0x00407f2c        0x0 contiki-OrisenPrime.a(unicast.o)
 .janus_2cc_veneer
                0x00407f2c        0x0 /home/user/CodeSourcery/Sourcery_G++_Lite/bin/../lib/gcc/arm-none-eabi/4.3.2/libgcc.a(_udivsi3.o)
 .janus_2cc_veneer
                0x00407f2c        0x0 /home/user/CodeSourcery/Sourcery_G++_Lite/bin/../lib/gcc/arm-none-eabi/4.3.2/libgcc.a(_divsi3.o)
 .janus_2cc_veneer
                0x00407f2c        0x0 /home/user/CodeSourcery/Sourcery_G++_Lite/bin/../lib/gcc/arm-none-eabi/4.3.2/libgcc.a(_dvmd_tls.o)
 .janus_2cc_veneer
                0x00407f2c        0x0 /home/user/CodeSourcery/Sourcery_G++_Lite/bin/../lib/gcc/arm-none-eabi/4.3.2/libgcc.a(_aeabi_uldivmod.o)
 .janus_2cc_veneer
                0x00407f2c        0x0 /home/user/CodeSourcery/Sourcery_G++_Lite/bin/../lib/gcc/arm-none-eabi/4.3.2/libgcc.a(bpabi.o)
 .janus_2cc_veneer
                0x00407f2c        0x0 /home/user/CodeSourcery/Sourcery_G++_Lite/bin/../lib/gcc/arm-none-eabi/4.3.2/libgcc.a(_divdi3.o)
 .janus_2cc_veneer
                0x00407f2c        0x0 /home/user/CodeSourcery/Sourcery_G++_Lite/bin/../lib/gcc/arm-none-eabi/4.3.2/libgcc.a(_udivdi3.o)
 .janus_2cc_veneer
                0x00407f2c        0x0 /home/user/CodeSourcery/Sourcery_G++_Lite/bin/../lib/gcc/arm-none-eabi/4.3.2/libgcc.a(_clz.o)
 .janus_2cc_veneer
                0x00407f2c        0x0 /home/user/CodeSourcery/Sourcery_G++_Lite/bin/../lib/gcc/arm-none-eabi/4.3.2/../../../../arm-none-eabi/lib/libc.a(lib_a-memcmp.o)
 .janus_2cc_veneer
                0x00407f2c        0x0 /home/user/CodeSourcery/Sourcery_G++_Lite/bin/../lib/gcc/arm-none-eabi/4.3.2/../../../../arm-none-eabi/lib/libc.a(lib_a-memcpy.o)
 .janus_2cc_veneer
                0x00407f2c        0x0 /home/user/CodeSourcery/Sourcery_G++_Lite/bin/../lib/gcc/arm-none-eabi/4.3.2/../../../../arm-none-eabi/lib/libc.a(lib_a-memset.o)
 .janus_2cc_veneer
                0x00407f2c        0x0 /home/user/CodeSourcery/Sourcery_G++_Lite/bin/../lib/gcc/arm-none-eabi/4.3.2/../../../../arm-none-eabi/lib/libc.a(lib_a-strcpy.o)
 .janus_2cc_veneer
                0x00407f2c        0x0 /home/user/CodeSourcery/Sourcery_G++_Lite/bin/../lib/gcc/arm-none-eabi/4.3.2/../../../../arm-none-eabi/lib/libc.a(lib_a-strlen.o)
 .janus_2cc_veneer
                0x00407f2c        0x0 /home/user/CodeSourcery/Sourcery_G++_Lite/bin/../lib/gcc/arm-none-eabi/4.3.2/../../../../arm-none-eabi/lib/libc.a(lib_a-strncmp.o)

.interp
 *(.interp)

.note.gnu.build-id
 *(.note.gnu.build-id)

.hash
 *(.hash)

.gnu.hash
 *(.gnu.hash)

.dynsym
 *(.dynsym)

.dynstr
 *(.dynstr)

.gnu.version
 *(.gnu.version)

.gnu.version_d
 *(.gnu.version_d)

.gnu.version_r
 *(.gnu.version_r)

.rel.dyn
 *(.rel.init)
 *(.rel.text .rel.text.* .rel.gnu.linkonce.t.*)
 *(.rel.fini)
 *(.rel.rodata .rel.rodata.* .rel.gnu.linkonce.r.*)
 *(.rel.data.rel.ro* .rel.gnu.linkonce.d.rel.ro.*)
 *(.rel.data .rel.data.* .rel.gnu.linkonce.d.*)
 *(.rel.tdata .rel.tdata.* .rel.gnu.linkonce.td.*)
 *(.rel.tbss .rel.tbss.* .rel.gnu.linkonce.tb.*)
 *(.rel.ctors)
 *(.rel.dtors)
 *(.rel.got)
 *(.rel.bss .rel.bss.* .rel.gnu.linkonce.b.*)

.rela.dyn
 *(.rela.init)
 *(.rela.text .rela.text.* .rela.gnu.linkonce.t.*)
 *(.rela.fini)
 *(.rela.rodata .rela.rodata.* .rela.gnu.linkonce.r.*)
 *(.rela.data .rela.data.* .rela.gnu.linkonce.d.*)
 *(.rela.tdata .rela.tdata.* .rela.gnu.linkonce.td.*)
 *(.rela.tbss .rela.tbss.* .rela.gnu.linkonce.tb.*)
 *(.rela.ctors)
 *(.rela.dtors)
 *(.rela.got)
 *(.rela.bss .rela.bss.* .rela.gnu.linkonce.b.*)

.rel.plt
 *(.rel.plt)

.rela.plt
 *(.rela.plt)

.init
 *(.init)

.plt
 *(.plt)

.fini
 *(.fini)
                0x00407f2c                PROVIDE (__etext, .)
                0x00407f2c                PROVIDE (_etext, .)
                0x00407f2c                PROVIDE (etext, .)

.rodata         0x00407f2c      0xa0e
 *(.rodata .rodata.* .gnu.linkonce.r.*)
 .rodata.autostart_processes
                0x00407f2c        0xc dtn.co
                0x00407f2c                autostart_processes
 .rodata.str1.1
                0x00407f38      0x2ca dtn.co
 *fill*         0x00408202        0x2 00
 .rodata.runicast_callbacks
                0x00408204        0xc dtn.co
 .rodata.broadcast_call
                0x00408210        0x8 dtn.co
 .rodata.str1.1
                0x00408218       0xed obj_OrisenPrime/contiki-prime-main.o
                                 0xf0 (size before relaxing)
 .rodata.addr_ff
                0x00408305        0x2 obj_OrisenPrime/contiki-prime-main.o
                0x00408305                addr_ff
 .rodata.rimeaddr_null
                0x00408307        0x2 contiki-OrisenPrime.a(rimeaddr.o)
                0x00408307                rimeaddr_null
 .rodata.str1.1
                0x00408309        0x5 contiki-OrisenPrime.a(rime.o)
 *fill*         0x0040830e        0x2 00
 .rodata.rime_driver
                0x00408310        0xc contiki-OrisenPrime.a(rime.o)
                0x00408310                rime_driver
 .rodata.broadcast_callbacks
                0x0040831c        0x8 contiki-OrisenPrime.a(broadcast-annou)
 .rodata.attributes
                0x00408324        0x4 contiki-OrisenPrime.a(broadcast.o)
 .rodata.broadcast
                0x00408328        0x8 contiki-OrisenPrime.a(broadcast.o)
 .rodata.attributes
                0x00408330        0xa contiki-OrisenPrime.a(runicast.o)
 *fill*         0x0040833a        0x2 00
 .rodata.runicast
                0x0040833c        0x8 contiki-OrisenPrime.a(runicast.o)
 .rodata.attributes
                0x00408344        0x2 contiki-OrisenPrime.a(abc.o)
 *fill*         0x00408346        0x2 00
 .rodata.chameleon_bitopt
                0x00408348        0xc contiki-OrisenPrime.a(chameleon-bitop)
                0x00408348                chameleon_bitopt
 .rodata.bitmask
                0x00408354        0x9 contiki-OrisenPrime.a(chameleon-bitop)
 .rodata.str1.1
                0x0040835d        0x8 contiki-OrisenPrime.a(nullrdc.o)
 *fill*         0x00408365        0x3 00
 .rodata.nullrdc_driver
                0x00408368       0x20 contiki-OrisenPrime.a(nullrdc.o)
                0x00408368                nullrdc_driver
 .rodata.framer_802154
                0x00408388        0x8 contiki-OrisenPrime.a(framer-802154.o)
                0x00408388                framer_802154
 .rodata.str1.1
                0x00408390        0x5 contiki-OrisenPrime.a(csma.o)
 *fill*         0x00408395        0x3 00
 .rodata.csma_driver
                0x00408398       0x1c contiki-OrisenPrime.a(csma.o)
                0x00408398                csma_driver
 .rodata.str1.1
                0x004083b4        0xe contiki-OrisenPrime.a(serial-line.o)
 .rodata.str1.1
                0x004083c2        0xc contiki-OrisenPrime.a(etimer.o)
 .rodata.str1.1
                0x004083ce        0xf contiki-OrisenPrime.a(ctimer.o)
 *fill*         0x004083dd        0x3 00
 .rodata.packetbuf
                0x004083e0        0x4 contiki-OrisenPrime.a(packetbuf.o)
 .rodata.str1.1
                0x004083e4        0x7 contiki-OrisenPrime.a(button-sensor.o)
 *fill*         0x004083eb        0x1 00
 .rodata.button_sensor
                0x004083ec       0x10 contiki-OrisenPrime.a(button-sensor.o)
                0x004083ec                button_sensor
 .rodata.button2_sensor
                0x004083fc       0x10 contiki-OrisenPrime.a(button2-sensor.)
                0x004083fc                button2_sensor
 .rodata.str1.1
                0x0040840c        0x8 contiki-OrisenPrime.a(button2-sensor.)
 .rodata.str1.1
                0x00408414        0x8 contiki-OrisenPrime.a(sensors.o)
 .rodata.str1.1
                0x0040841c        0xd contiki-OrisenPrime.a(contiki-maca.o)
 *fill*         0x00408429        0x3 00
 .rodata.contiki_maca_driver
                0x0040842c       0x28 contiki-OrisenPrime.a(contiki-maca.o)
                0x0040842c                contiki_maca_driver
 .rodata.buffer.1350
                0x00408454       0x10 contiki-OrisenPrime.a(strformat.o)
 .rodata.str1.1
                0x00408464       0x35 contiki-OrisenPrime.a(strformat.o)
                                 0x37 (size before relaxing)
 .rodata.buffer.1364
                0x00408499       0x10 contiki-OrisenPrime.a(strformat.o)
 .rodata.str1.1
                0x004084a9       0x41 contiki-OrisenPrime.a(i2c.o)
 *fill*         0x004084ea        0x2 00
 .rodata.decode_status
                0x004084ec       0x3c contiki-OrisenPrime.a(maca.o)
 .rodata.addr_cal5
                0x00408528       0x10 contiki-OrisenPrime.a(maca.o)
                0x00408528                addr_cal5
 .rodata.PSMVAL
                0x00408538       0x4c contiki-OrisenPrime.a(maca.o)
                0x00408538                PSMVAL
 .rodata.addr_seq2
                0x00408584        0x8 contiki-OrisenPrime.a(maca.o)
                0x00408584                addr_seq2
 .rodata.AIMVAL
                0x0040858c       0x4c contiki-OrisenPrime.a(maca.o)
                0x0040858c                AIMVAL
 .rodata.addr_seq1
                0x004085d8        0x8 contiki-OrisenPrime.a(maca.o)
                0x004085d8                addr_seq1
 .rodata.PAVAL  0x004085e0       0x4c contiki-OrisenPrime.a(maca.o)
                0x004085e0                PAVAL
 .rodata.addr_cal3_seq1
                0x0040862c        0xc contiki-OrisenPrime.a(maca.o)
                0x0040862c                addr_cal3_seq1
 .rodata.addr_cal3_seq3
                0x00408638        0x4 contiki-OrisenPrime.a(maca.o)
                0x00408638                addr_cal3_seq3
 .rodata.data_reg_rep
                0x0040863c       0xac contiki-OrisenPrime.a(maca.o)
                0x0040863c                data_reg_rep
 .rodata.VCODivF
                0x004086e8       0x40 contiki-OrisenPrime.a(maca.o)
                0x004086e8                VCODivF
 .rodata.addr_cal3_seq2
                0x00408728        0x8 contiki-OrisenPrime.a(maca.o)
                0x00408728                addr_cal3_seq2
 .rodata.VCODivI
                0x00408730       0x10 contiki-OrisenPrime.a(maca.o)
                0x00408730                VCODivI
 .rodata.data_seq1
                0x00408740        0x8 contiki-OrisenPrime.a(maca.o)
                0x00408740                data_seq1
 .rodata.data_seq2
                0x00408748        0x8 contiki-OrisenPrime.a(maca.o)
                0x00408748                data_seq2
 .rodata.data_cal5
                0x00408750       0x10 contiki-OrisenPrime.a(maca.o)
                0x00408750                data_cal5
 .rodata.data_cal3_seq1
                0x00408760        0xc contiki-OrisenPrime.a(maca.o)
                0x00408760                data_cal3_seq1
 .rodata.addr_reg_rep
                0x0040876c       0xac contiki-OrisenPrime.a(maca.o)
                0x0040876c                addr_reg_rep
 .rodata.data_cal3_seq2
                0x00408818        0x8 contiki-OrisenPrime.a(maca.o)
                0x00408818                data_cal3_seq2
 .rodata.data_cal3_seq3
                0x00408820        0x4 contiki-OrisenPrime.a(maca.o)
                0x00408820                data_cal3_seq3
 .rodata.stunicast
                0x00408824        0x8 contiki-OrisenPrime.a(stunicast.o)
 .rodata.uc     0x0040882c        0x8 contiki-OrisenPrime.a(unicast.o)
 .rodata.attributes
                0x00408834        0x6 contiki-OrisenPrime.a(unicast.o)
 .rodata        0x0040883a      0x100 /home/user/CodeSourcery/Sourcery_G++_Lite/bin/../lib/gcc/arm-none-eabi/4.3.2/libgcc.a(_clz.o)
                0x0040883a                __clz_tab

.ARM.exidx      0x0040893c       0x10
 .ARM.exidx     0x0040893c        0x8 /home/user/CodeSourcery/Sourcery_G++_Lite/bin/../lib/gcc/arm-none-eabi/4.3.2/libgcc.a(_divdi3.o)
 .ARM.exidx     0x00408944        0x8 /home/user/CodeSourcery/Sourcery_G++_Lite/bin/../lib/gcc/arm-none-eabi/4.3.2/libgcc.a(_udivdi3.o)

.rodata1
 *(.rodata1)

.eh_frame_hdr
 *(.eh_frame_hdr)

.eh_frame
 *(.eh_frame)

.gcc_except_table
 *(.gcc_except_table .gcc_except_table.*)
                0x0040894c                . = ALIGN (0x4)
                0x0040894c                . = (0x4 DATA_SEGMENT_ALIGN 0x4)

.eh_frame
 *(.eh_frame)

.gcc_except_table
 *(.gcc_except_table .gcc_except_table.*)

.tdata
 *(.tdata .tdata.* .gnu.linkonce.td.*)

.tbss
 *(.tbss .tbss.* .gnu.linkonce.tb.*)
 *(.tcommon)

.preinit_array  0x0040894c        0x0
                0x0040894c                PROVIDE (__preinit_array_start, .)
 *(.preinit_array)
                0x0040894c                PROVIDE (__preinit_array_end, .)

.init_array     0x0040894c        0x0
                0x0040894c                PROVIDE (__init_array_start, .)
 *(SORT(.init_array.*))
 *(.init_array)
                0x0040894c                PROVIDE (__init_array_end, .)

.fini_array     0x0040894c        0x0
                0x0040894c                PROVIDE (__fini_array_start, .)
 *(.fini_array)
 *(SORT(.fini_array.*))
                0x0040894c                PROVIDE (__fini_array_end, .)

.ctors
 *crtbegin.o(.ctors)
 *crtbegin?.o(.ctors)
 *(EXCLUDE_FILE(*crtend?.o *crtend.o) .ctors)
 *(SORT(.ctors.*))
 *(.ctors)

.dtors
 *crtbegin.o(.dtors)
 *crtbegin?.o(.dtors)
 *(EXCLUDE_FILE(*crtend?.o *crtend.o) .dtors)
 *(SORT(.dtors.*))
 *(.dtors)

.jcr
 *(.jcr)

.data.rel.ro
 *(.data.rel.ro.local* .gnu.linkonce.d.rel.ro.local.*)
 *(.data.rel.ro* .gnu.linkonce.d.rel.ro.*)

.dynamic
 *(.dynamic)
                0x0040894c                . = (. DATA_SEGMENT_RELRO_END 0x0)

.got
 *(.got.plt)
 *(.got)

.data           0x0040894c      0x110
                0x0040894c                __data_start = .
 *(.data .data.* .gnu.linkonce.d.*)
 .data.messages_memb
                0x0040894c        0xc dtn.co
 .data.broadcast_process
                0x00408958       0x10 dtn.co